Microchip MPLAB XC8 Compiler V2.35

Linker command line:

-W-3 --edf=C:\Program Files\Microchip\xc8\v2.35\pic\dat\en_msgs.txt -cn \
  -h+dist/18f66k40/production\AutoIrrigation_SolicitedSMSNcDevBranch.X.production.sym \
  --cmf=dist/18f66k40/production\AutoIrrigation_SolicitedSMSNcDevBranch.X.production.cmf \
  -z -Q18F66K40 -oC:\Users\nandu\AppData\Local\Temp\xcAsphs.4 \
  --defsym=__MPLAB_BUILD=1 \
  -Mdist/18f66k40/production/AutoIrrigation_SolicitedSMSNcDevBranch.X.production.map \
  --md=C:\Users\nandu\AppData\Local\Temp\xcAsphs.dat -E1 -ver=XC8 Compiler \
  --acfsm=1493 -ACODE=00h-0FFFFh -ACONST=00h-0FFFFh \
  -ASMALLCONST=0E00h-0EFFhx242 -AMEDIUMCONST=0E00h-0FFFFh -ACOMRAM=01h-05Fh \
  -AABS1=00h-0DE9h -ABIGRAM=01h-0DE9h \
  -ARAM=060h-0FFh,0100h-01FFhx12,0D00h-0DE9h -ABANK0=060h-0FFh \
  -ABANK1=0100h-01FFh -ABANK2=0200h-02FFh -ABANK3=0300h-03FFh \
  -ABANK4=0400h-04FFh -ABANK5=0500h-05FFh -ABANK6=0600h-06FFh \
  -ABANK7=0700h-07FFh -ABANK8=0800h-08FFh -ABANK9=0900h-09FFh \
  -ABANK10=0A00h-0AFFh -ABANK11=0B00h-0BFFh -ABANK12=0C00h-0CFFh \
  -ABANK13=0D00h-0DE9h \
  -ASFR=0DEFh-0DFFh,0E00h-0EFFh,0F00h-0F5Fh,0F60h-0FFFh \
  -ABIGSFR=0DEFh-0FFFh -ACONFIG=0300000h-030000Bh -AIDLOC=0200000h-020000Fh \
  -AEEDATA=0310000h-03103FFh -peeprom_data=EEDATA \
  -preset_vec=00h,intcode=08h,intcodelo=018h,powerup,init -pramtop=0E00h \
  -psmallconst=SMALLCONST -pmediumconst=MEDIUMCONST -pconst=CONST \
  -AFARRAM=00h-00h \
  -prdata=COMRAM,nvrram=COMRAM,nvbit=COMRAM,rbss=COMRAM,rbit=COMRAM \
  -pfarbss=FARRAM,fardata=FARRAM,nvFARRAM=FARRAM \
  -pintsave_regs=BIGRAM,bigbss=BIGRAM,bigdata=BIGRAM -pbss=RAM \
  -pidata=CODE,irdata=CODE,ibigdata=CODE,ifardata=CODE -prparam=COMRAM \
  C:\Users\nandu\AppData\Local\Temp\xcAsphs.o \
  dist/18f66k40/production\AutoIrrigation_SolicitedSMSNcDevBranch.X.production.o 

Object code version is 3.11

Machine type is 18F66K40



                Name                               Link     Load   Length Selector   Space Scale
C:\Users\nandu\AppData\Local\Temp\xcAsphs.o
                idloc                            200000   200000       10        0       5
                config                           300000   300000        C        0       4
                init                                328      328        4        C       0
                reset_vec                             0        0        4        0       0
dist/18f66k40/production\AutoIrrigation_SolicitedSMSNcDevBranch.X.production.o
                eeprom_data                      310000   310000      400   310000       0
                intcodelo                            18       18      310        C       0
                intcode                               8        8        6        4       0
                idloc                            200000   200000       10        0       5
                config                           300000   300000        C        0       4
                temp                                 50       50        1        1       1
                mediumconst                        F218     F218      DE8     790C       0
                text102                            D276     D276       14     6912       0
                text101                            C3D4     C3D4       88     5CC8       0
                text100                            D29C     D29C       12     6912       0
                intcode_body                       9638     9638      29A        C       0
                text98                             C0D0     C0D0       A4     5CC8       0
                text97                             D28A     D28A       12     6912       0
                text96                             6452     6452      878        C       0
                text94                             D036     D036       34     5CC8       0
                text93                             C348     C348       8C     5CC8       0
                text92                             CF16     CF16       40     5CC8       0
                text91                             BBEC     BBEC       C6     5CC8       0
                text90                             BB26     BB26       C6     5CC8       0
                text89                             C5E2     C5E2       76     5CC8       0
                text88                             C96A     C96A       66     5CC8       0
                text87                             D224     D224       16     6912       0
                text86                             D1F2     D1F2       1A     5CC8       0
                text85                             CE54     CE54       42     5CC8       0
                text84                             CE10     CE10       44     5CC8       0
                text83                             263C     263C     13C0        C       0
                text82                             98D2     98D2      286        C       0
                text81                             A15E     A15E      1E8        C       0
                text80                             D198     D198       20     5CC8       0
                text79                             D000     D000       36     5CC8       0
                text78                             CB32     CB32       52     5CC8       0
                text77                             D262     D262       14     6912       0
                text76                             D1B8     D1B8       1E     5CC8       0
                text75                             D24E     D24E       14     6912       0
                text74                             D23A     D23A       14     6912       0
                text73                             BCB2     BCB2       C4     5CC8       0
                text72                             7A0A     7A0A      4D8        C       0
                text71                             C02A     C02A       A6     5CC8       0
                text70                             5B9A     5B9A      8B8        C       0
                text69                             CDCC     CDCC       44     5CC8       0
                text68                             CA88     CA88       58     5CC8       0
                text67                             D178     D178       20     5CC8       0
                text66                             CC1E     CC1E       4A     5CC8       0
                text65                             CED6     CED6       40     5CC8       0
                text64                             C214     C214       A0     5CC8       0
                text63                             880C     880C      41A        C       0
                text62                             BF7E     BF7E       AC     5CC8       0
                text61                             BED2     BED2       AC     5CC8       0
                text60                             C562     C562       80     5CC8       0
                text59                             C174     C174       A0     5CC8       0
                text58                             B070     B070      130        C       0
                text57                             CBD2     CBD2       4C     5CC8       0
                text56                             485A     485A      A1C        C       0
                text55                             D0CE     D0CE       30     5CC8       0
                text54                             9358     9358      2E0        C       0
                text53                             A85C     A85C      184        C       0
                text52                             A9E0     A9E0      15E        C       0
                text51                             CAE0     CAE0       52     5CC8       0
                text50                             C4E2     C4E2       80     5CC8       0
                text49                             6CCA     6CCA      834        C       0
                text48                             B2C0     B2C0      120        C       0
                text47                             B1A0     B1A0      120        C       0
                text46                             CD40     CD40       48     5CC8       0
                text45                             C890     C890       6E     5CC8       0
                text44                             BA60     BA60       C6     5CC8       0
                text43                             9B58     9B58      21E        C       0
                text42                             C9D0     C9D0       5E     5CC8       0
                text41                             CF90     CF90       3A     5CC8       0
                text40                             C7AE     C7AE       72     5CC8       0
                text39                             CA2E     CA2E       5A     5CC8       0
                text38                             ADEC     ADEC      152        C       0
                text37                             CE96     CE96       40     5CC8       0
                text36                             A346     A346      1D4        C       0
                text35                             CF56     CF56       3A     5CC8       0
                text34                             74FE     74FE      50C        C       0
                text33                             D150     D150       28     5CC8       0
                text32                             8380     8380      48C        C       0
                text31                             D09C     D09C       32     5CC8       0
                text30                             CFCA     CFCA       36     5CC8       0
                text29                             D06A     D06A       32     5CC8       0
                text28                             CD88     CD88       44     5CC8       0
                text27                             BD76     BD76       B0     5CC8       0
                text26                             9036     9036      322        C       0
                text25                             CB84     CB84       4E     5CC8       0
                text24                             9D76     9D76      200        C       0
                text23                             B6D4     B6D4       F0        C       0
                text22                             C73C     C73C       72     5CC8       0
                text21                             C2B4     C2B4       94     5CC8       0
                text20                             B990     B990       D0     5CC8       0
                text19                             C45C     C45C       86     5CC8       0
                text18                              32C      32C     2310        C       0
                text17                             CCF8     CCF8       48     5CC8       0
                text16                             C6CA     C6CA       72     5CC8       0
                text15                             AC9A     AC9A      152        C       0
                text14                             7EE2     7EE2      49E        C       0
                text13                             8C26     8C26      410        C       0
                text12                             9F76     9F76      1E8        C       0
                text11                             C8FE     C8FE       6C     5CC8       0
                text10                             C820     C820       70     5CC8       0
                text9                              D128     D128       28     5CC8       0
                text8                              BE26     BE26       AC     5CC8       0
                text7                              CCB0     CCB0       48     5CC8       0
                text6                              C658     C658       72     5CC8       0
                text5                              CC68     CC68       48     5CC8       0
                text4                              AB3E     AB3E      15C        C       0
                text3                              39FC     39FC      E5E        C       0
                text2                              AF3E     AF3E      132        C       0
                text1                              5276     5276      924        C       0
                text0                              A51A     A51A      1B8        C       0
                cstackCOMRAM                          1        1       25        1       1
                cstackBANK0                          C3       C3       25       60       1
                cstackBANK1                         1FD      1FD        3      100       1
                cstackBANK2                         2FA      2FA        6      200       1
                cstackBANK3                         3F9      3F9        7      300       1
                cstackBANK4                         4FE      4FE        2      400       1
                cstackBANK5                         5F8      5F8        8      500       1
                cstackBANK6                         6F2      6F2        E      600       1
                cstackBANK7                         7DC      7DC       18      700       1
                bssBIGRAM                           8DC      8DC      108      8DC       1
                bssBANK8                            800      800       DC      800       1
                dataBANK7                           700      700       DC      700       1
                dataBANK6                           6C8      6C8       2A      600       1
                bssBANK6                            600      600       C8      600       1
                dataBANK5                           5DC      5DC       1C      500       1
                bssBANK5                            500      500       DC      500       1
                dataBANK4                           400      400       FE      400       1
                dataBANK3                           300      300       F9      300       1
                dataBANK2                           200      200       EF      200       1
                bssBANK2                            2EF      2EF        B      200       1
                dataBANK1                           100      100       FD      100       1
                dataBANK0                            E8       E8        9       60       1
                bssBANK0                             60       60       63       60       1
                dataCOMRAM                           26       26       17        1       1
                bssCOMRAM                            3D       3D       13        1       1
                cinit                              A6D2     A6D2      18A        C       0
                idataBANK7                         B8B3     B8B3       DC        C       0
                idataBANK6                         D0FE     D0FE       2A     5CC8       0
                idataBANK5                         D1D6     D1D6       1C     5CC8       0
                idataBANK4                         B3E0     B3E0       FE        C       0
                idataBANK3                         B5DB     B5DB       F9        C       0
                idataBANK2                         B7C4     B7C4       EF        C       0
                idataBANK1                         B4DE     B4DE       FD        C       0
                idataBANK0                         D2AE     D2AE        9     6912       0
                idataCOMRAM                        D20C     D20C       17     5CC8       0

TOTAL           Name                               Link     Load   Length     Space
        CLASS   CODE           
                intcodelo                            18       18      310         0
                intcode                               8        8        6         0
                init                                328      328        4         0
                reset_vec                             0        0        4         0
                text102                            D276     D276       14         0
                text101                            C3D4     C3D4       88         0
                text100                            D29C     D29C       12         0
                intcode_body                       9638     9638      29A         0
                text98                             C0D0     C0D0       A4         0
                text97                             D28A     D28A       12         0
                text96                             6452     6452      878         0
                text94                             D036     D036       34         0
                text93                             C348     C348       8C         0
                text92                             CF16     CF16       40         0
                text91                             BBEC     BBEC       C6         0
                text90                             BB26     BB26       C6         0
                text89                             C5E2     C5E2       76         0
                text88                             C96A     C96A       66         0
                text87                             D224     D224       16         0
                text86                             D1F2     D1F2       1A         0
                text85                             CE54     CE54       42         0
                text84                             CE10     CE10       44         0
                text83                             263C     263C     13C0         0
                text82                             98D2     98D2      286         0
                text81                             A15E     A15E      1E8         0
                text80                             D198     D198       20         0
                text79                             D000     D000       36         0
                text78                             CB32     CB32       52         0
                text77                             D262     D262       14         0
                text76                             D1B8     D1B8       1E         0
                text75                             D24E     D24E       14         0
                text74                             D23A     D23A       14         0
                text73                             BCB2     BCB2       C4         0
                text72                             7A0A     7A0A      4D8         0
                text71                             C02A     C02A       A6         0
                text70                             5B9A     5B9A      8B8         0
                text69                             CDCC     CDCC       44         0
                text68                             CA88     CA88       58         0
                text67                             D178     D178       20         0
                text66                             CC1E     CC1E       4A         0
                text65                             CED6     CED6       40         0
                text64                             C214     C214       A0         0
                text63                             880C     880C      41A         0
                text62                             BF7E     BF7E       AC         0
                text61                             BED2     BED2       AC         0
                text60                             C562     C562       80         0
                text59                             C174     C174       A0         0
                text58                             B070     B070      130         0
                text57                             CBD2     CBD2       4C         0
                text56                             485A     485A      A1C         0
                text55                             D0CE     D0CE       30         0
                text54                             9358     9358      2E0         0
                text53                             A85C     A85C      184         0
                text52                             A9E0     A9E0      15E         0
                text51                             CAE0     CAE0       52         0
                text50                             C4E2     C4E2       80         0
                text49                             6CCA     6CCA      834         0
                text48                             B2C0     B2C0      120         0
                text47                             B1A0     B1A0      120         0
                text46                             CD40     CD40       48         0
                text45                             C890     C890       6E         0
                text44                             BA60     BA60       C6         0
                text43                             9B58     9B58      21E         0
                text42                             C9D0     C9D0       5E         0
                text41                             CF90     CF90       3A         0
                text40                             C7AE     C7AE       72         0
                text39                             CA2E     CA2E       5A         0
                text38                             ADEC     ADEC      152         0
                text37                             CE96     CE96       40         0
                text36                             A346     A346      1D4         0
                text35                             CF56     CF56       3A         0
                text34                             74FE     74FE      50C         0
                text33                             D150     D150       28         0
                text32                             8380     8380      48C         0
                text31                             D09C     D09C       32         0
                text30                             CFCA     CFCA       36         0
                text29                             D06A     D06A       32         0
                text28                             CD88     CD88       44         0
                text27                             BD76     BD76       B0         0
                text26                             9036     9036      322         0
                text25                             CB84     CB84       4E         0
                text24                             9D76     9D76      200         0
                text23                             B6D4     B6D4       F0         0
                text22                             C73C     C73C       72         0
                text21                             C2B4     C2B4       94         0
                text20                             B990     B990       D0         0
                text19                             C45C     C45C       86         0
                text18                              32C      32C     2310         0
                text17                             CCF8     CCF8       48         0
                text16                             C6CA     C6CA       72         0
                text15                             AC9A     AC9A      152         0
                text14                             7EE2     7EE2      49E         0
                text13                             8C26     8C26      410         0
                text12                             9F76     9F76      1E8         0
                text11                             C8FE     C8FE       6C         0
                text10                             C820     C820       70         0
                text9                              D128     D128       28         0
                text8                              BE26     BE26       AC         0
                text7                              CCB0     CCB0       48         0
                text6                              C658     C658       72         0
                text5                              CC68     CC68       48         0
                text4                              AB3E     AB3E      15C         0
                text3                              39FC     39FC      E5E         0
                text2                              AF3E     AF3E      132         0
                text1                              5276     5276      924         0
                text0                              A51A     A51A      1B8         0
                cinit                              A6D2     A6D2      18A         0
                idataBANK7                         B8B3     B8B3       DC         0
                idataBANK6                         D0FE     D0FE       2A         0
                idataBANK5                         D1D6     D1D6       1C         0
                idataBANK4                         B3E0     B3E0       FE         0
                idataBANK3                         B5DB     B5DB       F9         0
                idataBANK2                         B7C4     B7C4       EF         0
                idataBANK1                         B4DE     B4DE       FD         0
                idataBANK0                         D2AE     D2AE        9         0
                idataCOMRAM                        D20C     D20C       17         0

        CLASS   CONST          

        CLASS   SMALLCONST     

        CLASS   MEDIUMCONST    
                mediumconst                        F218     F218      DE8         0

        CLASS   COMRAM         
                temp                                 50       50        1         1
                cstackCOMRAM                          1        1       25         1
                dataCOMRAM                           26       26       17         1
                bssCOMRAM                            3D       3D       13         1

        CLASS   ABS1           

        CLASS   BIGRAM         
                bssBIGRAM                           8DC      8DC      108         1

        CLASS   RAM            

        CLASS   BANK0          
                cstackBANK0                          C3       C3       25         1
                dataBANK0                            E8       E8        9         1
                bssBANK0                             60       60       63         1

        CLASS   BANK1          
                cstackBANK1                         1FD      1FD        3         1
                dataBANK1                           100      100       FD         1

        CLASS   BANK2          
                cstackBANK2                         2FA      2FA        6         1
                dataBANK2                           200      200       EF         1
                bssBANK2                            2EF      2EF        B         1

        CLASS   BANK3          
                cstackBANK3                         3F9      3F9        7         1
                dataBANK3                           300      300       F9         1

        CLASS   BANK4          
                cstackBANK4                         4FE      4FE        2         1
                dataBANK4                           400      400       FE         1

        CLASS   BANK5          
                cstackBANK5                         5F8      5F8        8         1
                dataBANK5                           5DC      5DC       1C         1
                bssBANK5                            500      500       DC         1

        CLASS   BANK6          
                cstackBANK6                         6F2      6F2        E         1
                dataBANK6                           6C8      6C8       2A         1
                bssBANK6                            600      600       C8         1

        CLASS   BANK7          
                cstackBANK7                         7DC      7DC       18         1
                dataBANK7                           700      700       DC         1

        CLASS   BANK8          
                bssBANK8                            800      800       DC         1

        CLASS   BANK9          

        CLASS   BANK10         

        CLASS   BANK11         

        CLASS   BANK12         

        CLASS   BANK13         

        CLASS   SFR            

        CLASS   BIGSFR         

        CLASS   CONFIG         
                config                           300000   300000        C         4

        CLASS   IDLOC          
                idloc                            200000   200000       10         5

        CLASS   EEDATA         
                eeprom_data                      310000   310000      400         0

        CLASS   FARRAM         

        CLASS   HEAP           

        CLASS   STACK          



SEGMENTS        Name                           Load    Length   Top    Selector   Space  Class

                reset_vec                      000000  000004  000004         0       0  CODE    
                cstackCOMRAM                   000001  000050  000051         1       1  COMRAM  
                intcode                        000008  000006  00000E         4       0  CODE    
                intcodelo                      000018  00B977  00B98F         C       0  CODE    
                bssBANK0                       000060  000091  0000F1        60       1  BANK0   
                dataBANK1                      000100  000100  000200       100       1  BANK1   
                dataBANK2                      000200  000100  000300       200       1  BANK2   
                dataBANK3                      000300  000100  000400       300       1  BANK3   
                dataBANK4                      000400  000100  000500       400       1  BANK4   
                bssBANK5                       000500  000100  000600       500       1  BANK5   
                bssBANK6                       000600  000100  000700       600       1  BANK6   
                dataBANK7                      000700  0000F4  0007F4       700       1  BANK7   
                bssBANK8                       000800  0000DC  0008DC       800       1  BANK8   
                bssBIGRAM                      0008DC  000108  0009E4       8DC       1  BIGRAM  
                text20                         00B990  001893  00D223      5CC8       0  CODE    
                text87                         00D224  000093  00D2B7      6912       0  CODE    
                mediumconst                    00F218  000DE8  010000      790C       0  MEDIUMCO
                eeprom_data                    310000  000400  310400    310000       0  EEDATA  


UNUSED ADDRESS RANGES

        Name                Unused          Largest block    Delta
        BANK0            0000F1-0000FF                F
        BANK10           000A00-000AFF              100
        BANK11           000B00-000BFF              100
        BANK12           000C00-000CFF              100
        BANK13           000D00-000DE9               EA
        BANK7            0007F4-0007FF                C
        BANK9            0009E4-0009FF               1C
        BIGRAM           000051-00005F                F
                         0000F1-0000FF                F
                         0007F4-0007FF                C
                         0009E4-000DE9              406
        BIGSFR           000DEF-000FFF              211
        CODE             000004-000007                4
                         00000E-000017                A
                         00B98F-00B98F                1
                         00D223-00D223                1
                         00D2B7-00F217             1F61
        COMRAM           000051-00005F                F
        CONST            000004-000007                4
                         00000E-000017                A
                         00B98F-00B98F                1
                         00D223-00D223                1
                         00D2B7-00F217             1F61
        MEDIUMCONST      00B98F-00B98F                1
                         00D223-00D223                1
                         00D2B7-00F217             1F61
        RAM              0000F1-0000FF                F
                         0007F4-0007FF                C
                         0009E4-000DE9              100
        SFR              000DEF-000FFF              100
        SMALLCONST       00B98F-00B98F                1
                         00D223-00D223                1
                         00D2B7-00F217              100

                                  Symbol Table

?___awdiv                                                 cstackBANK0  0000D2
?___awmod                                                 cstackBANK0  0000E4
?___lldiv                                                 cstackBANK0  0000D2
?___lmul                                                  cstackBANK0  0000D2
?___lwdiv                                                 cstackBANK0  0000D8
?___lwmod                                                 cstackBANK0  0000D2
?___wmul                                                  cstackBANK0  0000D2
?_days                                                    cstackBANK0  0000D7
?_getADCResult                                            cstackBANK0  0000D4
?_rand                                                    cstackBANK0  0000DE
?_readActiveSleepCountFromEeprom                          cstackBANK0  0000DC
?_readRemainingFertigationOnPeriodFromEeprom              cstackBANK0  0000DC
?_strlen                                                  cstackBANK0  0000D2
?_strncmp                                                 cstackBANK0  0000D2
?i1___lldiv                                               cstackCOMRAM 00000C
_ADACQ                                                    (abs)        000F5C
_ADACT                                                    (abs)        000F56
_ADCAP                                                    (abs)        000F5D
_ADCON0bits                                               (abs)        000F60
_ADCON1                                                   (abs)        000F59
_ADCON2                                                   (abs)        000F5A
_ADCON3                                                   (abs)        000F5B
_ADPCH                                                    (abs)        000F5F
_ADREF                                                    (abs)        000F58
_ADRESH                                                   (abs)        000F64
_ADRESL                                                   (abs)        000F63
_ADRPT                                                    (abs)        000F66
_ANSELA                                                   (abs)        000E92
_ANSELB                                                   (abs)        000E9A
_ANSELD                                                   (abs)        000EA7
_ANSELE                                                   (abs)        000EAF
_ANSELF                                                   (abs)        000EB4
_ANSELG                                                   (abs)        000EBC
_BAUD3CON                                                 (abs)        000EF0
_BSR                                                      (abs)        000FE0
_CPUDOZEbits                                              (abs)        000E42
_DeviceBurnStatus                                         bssBANK0     000086
_INLVLA                                                   (abs)        000E8E
_INLVLB                                                   (abs)        000E96
_INLVLC                                                   (abs)        000E9E
_INLVLD                                                   (abs)        000EA3
_INLVLE                                                   (abs)        000EAB
_INLVLF                                                   (abs)        000EB0
_INLVLG                                                   (abs)        000EB8
_INLVLH                                                   (abs)        000EBD
_INTCONbits                                               (abs)        000FF2
_IOCEF                                                    (abs)        000EA8
_IOCEF5                                                   (abs)        007545
_IOCEF6                                                   (abs)        007546
_IOCEF7                                                   (abs)        007547
_IOCEN                                                    (abs)        000EA9
_IOCEP                                                    (abs)        000EAA
_IPR0bits                                                 (abs)        000E1F
_IPR4bits                                                 (abs)        000E23
_IPR5bits                                                 (abs)        000E24
_LATA                                                     (abs)        000F79
_LATB                                                     (abs)        000F7A
_LATC                                                     (abs)        000F7B
_LATD                                                     (abs)        000F7C
_LATE                                                     (abs)        000F7D
_LATF                                                     (abs)        000F7E
_LATG                                                     (abs)        000F7F
_LATH                                                     (abs)        000F80
_NVMADRH                                                  (abs)        000F75
_NVMADRL                                                  (abs)        000F74
_NVMCON1bits                                              (abs)        000F77
_NVMCON2                                                  (abs)        000F78
_NVMDAT                                                   (abs)        000F76
_ODCONA                                                   (abs)        000E90
_ODCONB                                                   (abs)        000E98
_ODCONC                                                   (abs)        000EA0
_ODCOND                                                   (abs)        000EA5
_ODCONE                                                   (abs)        000EAD
_ODCONF                                                   (abs)        000EB2
_ODCONG                                                   (abs)        000EBA
_ODCONH                                                   (abs)        000EBF
_OSCENbits                                                (abs)        000E47
_PCON0bits                                                (abs)        000FD7
_PIE0bits                                                 (abs)        000E29
_PIE4bits                                                 (abs)        000E2D
_PIE5bits                                                 (abs)        000E2E
_PIR0bits                                                 (abs)        000E33
_PIR4bits                                                 (abs)        000E37
_PIR5bits                                                 (abs)        000E38
_PORTAbits                                                (abs)        000F89
_PORTBbits                                                (abs)        000F8A
_PORTCbits                                                (abs)        000F8B
_PORTDbits                                                (abs)        000F8C
_PORTEbits                                                (abs)        000F8D
_PORTFbits                                                (abs)        000F8E
_PORTGbits                                                (abs)        000F8F
_PORTH                                                    (abs)        000F90
_RC3REG                                                   (abs)        000EEA
_RC3STA                                                   (abs)        000EEE
_RC3STAbits                                               (abs)        000EEE
_RD5PPS                                                   (abs)        000E6F
_RD6PPS                                                   (abs)        000E70
_RE0PPS                                                   (abs)        000E72
_RE1PPS                                                   (abs)        000E73
_SLRCONA                                                  (abs)        000E8F
_SLRCONB                                                  (abs)        000E97
_SLRCONC                                                  (abs)        000E9F
_SLRCOND                                                  (abs)        000EA4
_SLRCONE                                                  (abs)        000EAC
_SLRCONF                                                  (abs)        000EB1
_SLRCONG                                                  (abs)        000EB9
_SLRCONH                                                  (abs)        000EBE
_SP3BRG                                                   (abs)        000EEC
_SSP2ADD                                                  (abs)        000ED6
_SSP2BUF                                                  (abs)        000ED5
_SSP2CLKPPS                                               (abs)        000E1C
_SSP2CON1                                                 (abs)        000ED9
_SSP2CON2                                                 (abs)        000EDA
_SSP2CON2bits                                             (abs)        000EDA
_SSP2DATPPS                                               (abs)        000E1D
_SSP2STAT                                                 (abs)        000ED8
_SSP2STATbits                                             (abs)        000ED8
_SmsAU1                                                   mediumconst  00FDF7
_SmsAU2                                                   mediumconst  00F937
_SmsAU3                                                   mediumconst  00FE0E
_SmsAU4                                                   mediumconst  00F6EA
_SmsConnect                                               mediumconst  00FE4A
_SmsDR1                                                   mediumconst  00F282
_SmsDR2                                                   mediumconst  00F307
_SmsDR3                                                   mediumconst  00F3EB
_SmsDR4                                                   mediumconst  00F37F
_SmsFact1                                                 mediumconst  00FE5B
_SmsFert1                                                 mediumconst  00F6AA
_SmsFert2                                                 mediumconst  00F8FF
_SmsFert3                                                 mediumconst  00FC22
_SmsFert4                                                 mediumconst  00FBBB
_SmsFert5                                                 mediumconst  00FC00
_SmsFert6                                                 mediumconst  00FBDE
_SmsFert7                                                 mediumconst  00F61E
_SmsFert8                                                 mediumconst  00F7A2
_SmsFilt1                                                 mediumconst  00FD7A
_SmsFilt2                                                 mediumconst  00FD27
_SmsFilt3                                                 mediumconst  00FCC8
_SmsFilt4                                                 mediumconst  00FD5F
_SmsIrr1                                                  mediumconst  00FB74
_SmsIrr2                                                  mediumconst  00F9CD
_SmsIrr3                                                  mediumconst  00FB03
_SmsIrr4                                                  mediumconst  00FCA7
_SmsIrr5                                                  mediumconst  00FC86
_SmsIrr6                                                  mediumconst  00F7DE
_SmsIrr7                                                  mediumconst  00FE79
_SmsMS1                                                   mediumconst  00F72A
_SmsMS2                                                   mediumconst  00FA5B
_SmsMS3                                                   mediumconst  00FADB
_SmsMotor1                                                mediumconst  00F855
_SmsMotor2                                                mediumconst  00FB98
_SmsMotor3                                                mediumconst  00FA2C
_SmsMotor4                                                mediumconst  00F99C
_SmsPh1                                                   mediumconst  00F9FD
_SmsPh2                                                   mediumconst  00F665
_SmsPh3                                                   mediumconst  00FDC7
_SmsPh4                                                   mediumconst  00FDAE
_SmsPh5                                                   mediumconst  00FD95
_SmsPh6                                                   mediumconst  00FE24
_SmsPwd1                                                  mediumconst  00FCE8
_SmsPwd2                                                  mediumconst  00F26B
_SmsPwd3                                                  mediumconst  00FDE0
_SmsRTC1                                                  mediumconst  00F96A
_SmsRTC2                                                  mediumconst  00FA89
_SmsRTC3                                                  mediumconst  00F8C7
_SmsRTC4                                                  mediumconst  00F88F
_SmsSR01                                                  mediumconst  00F766
_SmsSR02                                                  mediumconst  00F4A4
_SmsSR03                                                  mediumconst  00F53F
_SmsSR04                                                  mediumconst  00F4F2
_SmsSR05                                                  mediumconst  00F452
_SmsSR06                                                  mediumconst  00F5D4
_SmsSR07                                                  mediumconst  00F58A
_SmsSR08                                                  mediumconst  00FB2B
_SmsSR09                                                  mediumconst  00FD08
_SmsSR10                                                  mediumconst  00FB50
_SmsSR11                                                  mediumconst  00FAB2
_SmsSR12                                                  mediumconst  00FC65
_SmsSR13                                                  mediumconst  00FC44
_SmsSR14                                                  mediumconst  00F81A
_SmsSR15                                                  mediumconst  00F219
_SmsT1                                                    mediumconst  00FD44
_SmsT2                                                    mediumconst  00FE6A
_SmsTest                                                  mediumconst  00FE37
_T0CON0                                                   (abs)        000FD5
_T0CON0bits                                               (abs)        000FD5
_T0CON1                                                   (abs)        000FD6
_T1CON                                                    (abs)        000FCF
_T1CONbits                                                (abs)        000FCF
_T3CON                                                    (abs)        000FC9
_T3CONbits                                                (abs)        000FC9
_TMR0H                                                    (abs)        000FD4
_TMR0L                                                    (abs)        000FD3
_TMR1CLK                                                  (abs)        000FD2
_TMR1H                                                    (abs)        000FCE
_TMR1L                                                    (abs)        000FCD
_TMR3CLK                                                  (abs)        000FCC
_TMR3H                                                    (abs)        000FC8
_TMR3L                                                    (abs)        000FC7
_TRISA                                                    (abs)        000F81
_TRISB                                                    (abs)        000F82
_TRISC                                                    (abs)        000F83
_TRISD                                                    (abs)        000F84
_TRISE                                                    (abs)        000F85
_TRISF                                                    (abs)        000F86
_TRISG                                                    (abs)        000F87
_TRISH                                                    (abs)        000F88
_TX3REG                                                   (abs)        000EEB
_TX3STA                                                   (abs)        000EEF
_Timer0Overflow                                           bssCOMRAM    00003F
_Timer1Overflow                                           bssBANK0     00007C
_Timer3Overflow                                           bssCOMRAM    00003E
_WDTCON0bits                                              (abs)        000E3D
_WPUA                                                     (abs)        000E91
_WPUB                                                     (abs)        000E99
_WPUC                                                     (abs)        000EA1
_WPUD                                                     (abs)        000EA6
_WPUE                                                     (abs)        000EAE
_WPUF                                                     (abs)        000EB3
_WPUG                                                     (abs)        000EBB
_WPUH                                                     (abs)        000EC0
__HRAM                                                    (abs)        000000
__Habs1                                                   abs1         000000
__Hbank0                                                  bank0        000000
__Hbank1                                                  bank1        000000
__Hbank10                                                 bank10       000000
__Hbank11                                                 bank11       000000
__Hbank12                                                 bank12       000000
__Hbank13                                                 bank13       000000
__Hbank2                                                  bank2        000000
__Hbank3                                                  bank3        000000
__Hbank4                                                  bank4        000000
__Hbank5                                                  bank5        000000
__Hbank6                                                  bank6        000000
__Hbank7                                                  bank7        000000
__Hbank8                                                  bank8        000000
__Hbank9                                                  bank9        000000
__Hbigbss                                                 bigbss       000000
__Hbigdata                                                bigdata      000000
__Hbigram                                                 bigram       000000
__Hbigsfr                                                 bigsfr       000000
__Hbss                                                    bss          000000
__HbssBANK0                                               bssBANK0     000000
__HbssBANK2                                               bssBANK2     000000
__HbssBANK5                                               bssBANK5     000000
__HbssBANK6                                               bssBANK6     000000
__HbssBANK8                                               bssBANK8     000000
__HbssBIGRAM                                              bssBIGRAM    000000
__HbssCOMRAM                                              bssCOMRAM    000000
__Hcinit                                                  cinit        000000
__Hclrtext                                                clrtext      000000
__Hcomram                                                 comram       000000
__Hconfig                                                 config       30000C
__Hconst                                                  const        000000
__HcstackBANK0                                            cstackBANK0  000000
__HcstackBANK1                                            cstackBANK1  000000
__HcstackBANK2                                            cstackBANK2  000000
__HcstackBANK3                                            cstackBANK3  000000
__HcstackBANK4                                            cstackBANK4  000000
__HcstackBANK5                                            cstackBANK5  000000
__HcstackBANK6                                            cstackBANK6  000000
__HcstackBANK7                                            cstackBANK7  000000
__HcstackCOMRAM                                           cstackCOMRAM 000000
__Hdata                                                   data         000000
__HdataBANK0                                              dataBANK0    000000
__HdataBANK1                                              dataBANK1    000000
__HdataBANK2                                              dataBANK2    000000
__HdataBANK3                                              dataBANK3    000000
__HdataBANK4                                              dataBANK4    000000
__HdataBANK5                                              dataBANK5    000000
__HdataBANK6                                              dataBANK6    000000
__HdataBANK7                                              dataBANK7    000000
__HdataCOMRAM                                             dataCOMRAM   000000
__Heeprom_data                                            eeprom_data  310400
__Hfarbss                                                 farbss       000000
__Hfardata                                                fardata      000000
__Hheap                                                   heap         000000
__Hibigdata                                               ibigdata     000000
__Hidata                                                  idata        000000
__HidataBANK0                                             idataBANK0   000000
__HidataBANK1                                             idataBANK1   000000
__HidataBANK2                                             idataBANK2   000000
__HidataBANK3                                             idataBANK3   000000
__HidataBANK4                                             idataBANK4   000000
__HidataBANK5                                             idataBANK5   000000
__HidataBANK6                                             idataBANK6   000000
__HidataBANK7                                             idataBANK7   000000
__HidataCOMRAM                                            idataCOMRAM  000000
__Hidloc                                                  idloc        200010
__Hifardata                                               ifardata     000000
__Hinit                                                   init         00032C
__Hintcode                                                intcode      00000E
__Hintcode_body                                           intcode_body 000000
__Hintcodelo                                              intcodelo    000328
__Hintentry                                               intentry     000000
__Hintret                                                 intret       000000
__Hintsave_regs                                           intsave_regs 000000
__Hirdata                                                 irdata       000000
__Hmediumconst                                            mediumconst  010000
__HnvFARRAM                                               nvFARRAM     000000
__Hnvbit                                                  nvbit        000000
__Hnvrram                                                 nvrram       000000
__Hparam                                                  rparam       000000
__Hpowerup                                                powerup      000328
__Hram                                                    ram          000000
__Hramtop                                                 ramtop       000E00
__Hrbit                                                   rbit         000000
__Hrbss                                                   rbss         000000
__Hrdata                                                  rdata        000000
__Hreset_vec                                              reset_vec    000004
__Hrparam                                                 rparam       000000
__Hsfr                                                    sfr          000000
__Hsmallconst                                             smallconst   000000
__Hspace_0                                                (abs)        310400
__Hspace_1                                                (abs)        0009E4
__Hspace_2                                                (abs)        000000
__Hspace_4                                                (abs)        60000C
__Hstack                                                  stack        000000
__Hstruct                                                 struct       000000
__Htemp                                                   temp         000051
__Htext                                                   text         000000
__Htext0                                                  text0        000000
__Htext1                                                  text1        000000
__Htext10                                                 text10       000000
__Htext100                                                text100      000000
__Htext101                                                text101      000000
__Htext102                                                text102      000000
__Htext11                                                 text11       000000
__Htext12                                                 text12       000000
__Htext13                                                 text13       000000
__Htext14                                                 text14       000000
__Htext15                                                 text15       000000
__Htext16                                                 text16       000000
__Htext17                                                 text17       000000
__Htext18                                                 text18       000000
__Htext19                                                 text19       000000
__Htext2                                                  text2        000000
__Htext20                                                 text20       000000
__Htext21                                                 text21       000000
__Htext22                                                 text22       000000
__Htext23                                                 text23       000000
__Htext24                                                 text24       000000
__Htext25                                                 text25       000000
__Htext26                                                 text26       000000
__Htext27                                                 text27       000000
__Htext28                                                 text28       000000
__Htext29                                                 text29       000000
__Htext3                                                  text3        000000
__Htext30                                                 text30       000000
__Htext31                                                 text31       000000
__Htext32                                                 text32       000000
__Htext33                                                 text33       000000
__Htext34                                                 text34       000000
__Htext35                                                 text35       000000
__Htext36                                                 text36       000000
__Htext37                                                 text37       000000
__Htext38                                                 text38       000000
__Htext39                                                 text39       000000
__Htext4                                                  text4        000000
__Htext40                                                 text40       000000
__Htext41                                                 text41       000000
__Htext42                                                 text42       000000
__Htext43                                                 text43       000000
__Htext44                                                 text44       000000
__Htext45                                                 text45       000000
__Htext46                                                 text46       000000
__Htext47                                                 text47       000000
__Htext48                                                 text48       000000
__Htext49                                                 text49       000000
__Htext5                                                  text5        000000
__Htext50                                                 text50       000000
__Htext51                                                 text51       000000
__Htext52                                                 text52       000000
__Htext53                                                 text53       000000
__Htext54                                                 text54       000000
__Htext55                                                 text55       000000
__Htext56                                                 text56       000000
__Htext57                                                 text57       000000
__Htext58                                                 text58       000000
__Htext59                                                 text59       000000
__Htext6                                                  text6        000000
__Htext60                                                 text60       000000
__Htext61                                                 text61       000000
__Htext62                                                 text62       000000
__Htext63                                                 text63       000000
__Htext64                                                 text64       000000
__Htext65                                                 text65       000000
__Htext66                                                 text66       000000
__Htext67                                                 text67       000000
__Htext68                                                 text68       000000
__Htext69                                                 text69       000000
__Htext7                                                  text7        000000
__Htext70                                                 text70       000000
__Htext71                                                 text71       000000
__Htext72                                                 text72       000000
__Htext73                                                 text73       000000
__Htext74                                                 text74       000000
__Htext75                                                 text75       000000
__Htext76                                                 text76       000000
__Htext77                                                 text77       000000
__Htext78                                                 text78       000000
__Htext79                                                 text79       000000
__Htext8                                                  text8        000000
__Htext80                                                 text80       000000
__Htext81                                                 text81       000000
__Htext82                                                 text82       000000
__Htext83                                                 text83       000000
__Htext84                                                 text84       000000
__Htext85                                                 text85       000000
__Htext86                                                 text86       000000
__Htext87                                                 text87       000000
__Htext88                                                 text88       000000
__Htext89                                                 text89       000000
__Htext9                                                  text9        000000
__Htext90                                                 text90       000000
__Htext91                                                 text91       000000
__Htext92                                                 text92       000000
__Htext93                                                 text93       000000
__Htext94                                                 text94       000000
__Htext96                                                 text96       000000
__Htext97                                                 text97       000000
__Htext98                                                 text98       000000
__LRAM                                                    (abs)        000001
__Labs1                                                   abs1         000000
__Lbank0                                                  bank0        000000
__Lbank1                                                  bank1        000000
__Lbank10                                                 bank10       000000
__Lbank11                                                 bank11       000000
__Lbank12                                                 bank12       000000
__Lbank13                                                 bank13       000000
__Lbank2                                                  bank2        000000
__Lbank3                                                  bank3        000000
__Lbank4                                                  bank4        000000
__Lbank5                                                  bank5        000000
__Lbank6                                                  bank6        000000
__Lbank7                                                  bank7        000000
__Lbank8                                                  bank8        000000
__Lbank9                                                  bank9        000000
__Lbigbss                                                 bigbss       000000
__Lbigdata                                                bigdata      000000
__Lbigram                                                 bigram       000000
__Lbigsfr                                                 bigsfr       000000
__Lbss                                                    bss          000000
__LbssBANK0                                               bssBANK0     000000
__LbssBANK2                                               bssBANK2     000000
__LbssBANK5                                               bssBANK5     000000
__LbssBANK6                                               bssBANK6     000000
__LbssBANK8                                               bssBANK8     000000
__LbssBIGRAM                                              bssBIGRAM    000000
__LbssCOMRAM                                              bssCOMRAM    000000
__Lcinit                                                  cinit        000000
__Lclrtext                                                clrtext      000000
__Lcomram                                                 comram       000000
__Lconfig                                                 config       000000
__Lconst                                                  const        000000
__LcstackBANK0                                            cstackBANK0  000000
__LcstackBANK1                                            cstackBANK1  000000
__LcstackBANK2                                            cstackBANK2  000000
__LcstackBANK3                                            cstackBANK3  000000
__LcstackBANK4                                            cstackBANK4  000000
__LcstackBANK5                                            cstackBANK5  000000
__LcstackBANK6                                            cstackBANK6  000000
__LcstackBANK7                                            cstackBANK7  000000
__LcstackCOMRAM                                           cstackCOMRAM 000000
__Ldata                                                   data         000000
__LdataBANK0                                              dataBANK0    000000
__LdataBANK1                                              dataBANK1    000000
__LdataBANK2                                              dataBANK2    000000
__LdataBANK3                                              dataBANK3    000000
__LdataBANK4                                              dataBANK4    000000
__LdataBANK5                                              dataBANK5    000000
__LdataBANK6                                              dataBANK6    000000
__LdataBANK7                                              dataBANK7    000000
__LdataCOMRAM                                             dataCOMRAM   000000
__Leeprom_data                                            eeprom_data  310000
__Lfarbss                                                 farbss       000000
__Lfardata                                                fardata      000000
__Lheap                                                   heap         000000
__Libigdata                                               ibigdata     000000
__Lidata                                                  idata        000000
__LidataBANK0                                             idataBANK0   000000
__LidataBANK1                                             idataBANK1   000000
__LidataBANK2                                             idataBANK2   000000
__LidataBANK3                                             idataBANK3   000000
__LidataBANK4                                             idataBANK4   000000
__LidataBANK5                                             idataBANK5   000000
__LidataBANK6                                             idataBANK6   000000
__LidataBANK7                                             idataBANK7   000000
__LidataCOMRAM                                            idataCOMRAM  000000
__Lidloc                                                  idloc        000000
__Lifardata                                               ifardata     000000
__Linit                                                   init         000328
__Lintcode                                                intcode      000008
__Lintcode_body                                           intcode_body 000000
__Lintcodelo                                              intcodelo    000018
__Lintentry                                               intentry     000000
__Lintret                                                 intret       000000
__Lintsave_regs                                           intsave_regs 000000
__Lirdata                                                 irdata       000000
__Lmediumconst                                            mediumconst  00F218
__LnvFARRAM                                               nvFARRAM     000000
__Lnvbit                                                  nvbit        000000
__Lnvrram                                                 nvrram       000000
__Lparam                                                  rparam       000000
__Lpowerup                                                powerup      000328
__Lram                                                    ram          000000
__Lramtop                                                 ramtop       000E00
__Lrbit                                                   rbit         000000
__Lrbss                                                   rbss         000000
__Lrdata                                                  rdata        000000
__Lreset_vec                                              reset_vec    000000
__Lrparam                                                 rparam       000000
__Lsfr                                                    sfr          000000
__Lsmallconst                                             smallconst   000000
__Lspace_0                                                (abs)        000000
__Lspace_1                                                (abs)        000000
__Lspace_2                                                (abs)        000000
__Lspace_4                                                (abs)        000000
__Lstack                                                  stack        000000
__Lstruct                                                 struct       000000
__Ltemp                                                   temp         000050
__Ltext                                                   text         000000
__Ltext0                                                  text0        000000
__Ltext1                                                  text1        000000
__Ltext10                                                 text10       000000
__Ltext100                                                text100      000000
__Ltext101                                                text101      000000
__Ltext102                                                text102      000000
__Ltext11                                                 text11       000000
__Ltext12                                                 text12       000000
__Ltext13                                                 text13       000000
__Ltext14                                                 text14       000000
__Ltext15                                                 text15       000000
__Ltext16                                                 text16       000000
__Ltext17                                                 text17       000000
__Ltext18                                                 text18       000000
__Ltext19                                                 text19       000000
__Ltext2                                                  text2        000000
__Ltext20                                                 text20       000000
__Ltext21                                                 text21       000000
__Ltext22                                                 text22       000000
__Ltext23                                                 text23       000000
__Ltext24                                                 text24       000000
__Ltext25                                                 text25       000000
__Ltext26                                                 text26       000000
__Ltext27                                                 text27       000000
__Ltext28                                                 text28       000000
__Ltext29                                                 text29       000000
__Ltext3                                                  text3        000000
__Ltext30                                                 text30       000000
__Ltext31                                                 text31       000000
__Ltext32                                                 text32       000000
__Ltext33                                                 text33       000000
__Ltext34                                                 text34       000000
__Ltext35                                                 text35       000000
__Ltext36                                                 text36       000000
__Ltext37                                                 text37       000000
__Ltext38                                                 text38       000000
__Ltext39                                                 text39       000000
__Ltext4                                                  text4        000000
__Ltext40                                                 text40       000000
__Ltext41                                                 text41       000000
__Ltext42                                                 text42       000000
__Ltext43                                                 text43       000000
__Ltext44                                                 text44       000000
__Ltext45                                                 text45       000000
__Ltext46                                                 text46       000000
__Ltext47                                                 text47       000000
__Ltext48                                                 text48       000000
__Ltext49                                                 text49       000000
__Ltext5                                                  text5        000000
__Ltext50                                                 text50       000000
__Ltext51                                                 text51       000000
__Ltext52                                                 text52       000000
__Ltext53                                                 text53       000000
__Ltext54                                                 text54       000000
__Ltext55                                                 text55       000000
__Ltext56                                                 text56       000000
__Ltext57                                                 text57       000000
__Ltext58                                                 text58       000000
__Ltext59                                                 text59       000000
__Ltext6                                                  text6        000000
__Ltext60                                                 text60       000000
__Ltext61                                                 text61       000000
__Ltext62                                                 text62       000000
__Ltext63                                                 text63       000000
__Ltext64                                                 text64       000000
__Ltext65                                                 text65       000000
__Ltext66                                                 text66       000000
__Ltext67                                                 text67       000000
__Ltext68                                                 text68       000000
__Ltext69                                                 text69       000000
__Ltext7                                                  text7        000000
__Ltext70                                                 text70       000000
__Ltext71                                                 text71       000000
__Ltext72                                                 text72       000000
__Ltext73                                                 text73       000000
__Ltext74                                                 text74       000000
__Ltext75                                                 text75       000000
__Ltext76                                                 text76       000000
__Ltext77                                                 text77       000000
__Ltext78                                                 text78       000000
__Ltext79                                                 text79       000000
__Ltext8                                                  text8        000000
__Ltext80                                                 text80       000000
[...]
getDueDate@remDays                                        cstackBANK7  0007EB
getDueDate@yearDays                                       cstackBANK7  0007EF
i1___lldiv                                                text98       00C0D0
i1___lldiv@counter                                        cstackCOMRAM 000018
i1___lldiv@dividend                                       cstackCOMRAM 00000C
i1___lldiv@divisor                                        cstackCOMRAM 000010
i1___lldiv@quotient                                       cstackCOMRAM 000014
i1_isFieldMoistureSensorWet                               text96       006452
i1_setBCDdigit                                            text97       00D28A
i1isFieldMoistureSensorWet@FieldNo                        cstackBANK0  0000CD
i1isFieldMoistureSensorWet@avg                            cstackBANK0  0000C7
i1isFieldMoistureSensorWet@constant                       cstackBANK0  0000C3
i1isFieldMoistureSensorWet@itr                            cstackBANK0  0000CC
i1isFieldMoistureSensorWet@moistureLevelAvg               cstackBANK0  0000CE
i1isFieldMoistureSensorWet@timer1Value                    cstackBANK0  0000C8
i1setBCDdigit@digit                                       cstackCOMRAM 00000D
i1setBCDdigit@dp_1                                        cstackCOMRAM 00000C
i2_myMsDelay                                              text101      00C3D4
i2_setBCDdigit                                            text100      00D29C
i2cRead@ACK                                               cstackBANK0  0000D3
i2cRead@temp                                              cstackBANK0  0000D4
i2cSend@dat                                               cstackBANK0  0000D3
i2myMsDelay@calibrated                                    cstackCOMRAM 000003
i2myMsDelay@itr1                                          cstackCOMRAM 000005
i2myMsDelay@itr2                                          cstackCOMRAM 000007
i2myMsDelay@mSec                                          cstackCOMRAM 000001
i2setBCDdigit@digit                                       cstackCOMRAM 000002
i2setBCDdigit@dp_1                                        cstackCOMRAM 000001
int$flags                                                 temp         000050
int_func                                                  intcode_body 009638
intlevel0                                                 text         000000
intlevel1                                                 text         000000
intlevel2                                                 text         000000
intlevel3                                                 text         000000
isBase64String@s                                          cstackBANK0  0000D5
isBase64String@string                                     cstackBANK0  0000D2
isFieldMoistureSensorWet@FieldNo                          cstackBANK7  0007E6
isFieldMoistureSensorWet@avg                              cstackBANK7  0007E0
isFieldMoistureSensorWet@constant                         cstackBANK7  0007DC
isFieldMoistureSensorWet@itr                              cstackBANK7  0007E5
isFieldMoistureSensorWet@moistureLevelAvg                 cstackBANK7  0007E7
isFieldMoistureSensorWet@timer1Value                      cstackBANK7  0007E1
isMotorInNoLoad@ctOutput                                  cstackBANK0  0000E1
isMotorInNoLoad@temp                                      cstackBANK0  0000DF
isNumber@character                                        cstackBANK0  0000D2
isRTCBatteryDrained@batteryVoltage                        cstackBANK0  0000DE
isRTCBatteryDrained@batteryVoltageCutoff                  cstackBANK0  0000DC
isa$std                                                   (abs)        000001
isa$xinst                                                 (abs)        000000
main@last_Field_No                                        cstackBANK5  0005FF
myMsDelay@calibrated                                      cstackBANK0  0000D4
myMsDelay@itr1                                            cstackBANK0  0000D6
myMsDelay@itr2                                            cstackBANK0  0000D8
myMsDelay@mSec                                            cstackBANK0  0000D2
randomPasswordGeneration@F14873                           dataBANK4    000497
randomPasswordGeneration@numbers                          cstackBANK6  0006F2
readFieldIrrigationValveNoFromEeprom@field_no             cstackBANK0  0000DE
readValveDataFromEeprom@address                           cstackBANK0  0000DC
readValveDataFromEeprom@fieldptr                          cstackBANK0  0000DE
saveFertigationValveStatusIntoEeprom@address              cstackBANK0  0000DA
saveFertigationValveStatusIntoEeprom@fieldptr             cstackBANK0  0000DC
saveFertigationValveValuesIntoEeprom@address              cstackBANK0  0000DA
saveFertigationValveValuesIntoEeprom@fieldptr             cstackBANK0  0000DC
saveIrrigationValveConfigurationStatusIntoEeprom@address  cstackBANK0  0000DA
saveIrrigationValveConfigurationStatusIntoEeprom@fieldptr cstackBANK0  0000DC
saveIrrigationValveCycleStatusIntoEeprom@address          cstackBANK0  0000DA
saveIrrigationValveCycleStatusIntoEeprom@fieldptr         cstackBANK0  0000DC
saveIrrigationValveDueTimeIntoEeprom@address              cstackBANK0  0000DA
saveIrrigationValveDueTimeIntoEeprom@fieldptr             cstackBANK0  0000DC
saveIrrigationValveNoIntoEeprom@field_no                  cstackBANK0  0000DC
saveIrrigationValveOnOffStatusIntoEeprom@address          cstackBANK0  0000DA
saveIrrigationValveOnOffStatusIntoEeprom@fieldptr         cstackBANK0  0000DC
saveIrrigationValveValuesIntoEeprom@address               cstackBANK0  0000DA
saveIrrigationValveValuesIntoEeprom@fieldptr              cstackBANK0  0000DC
scanValveScheduleAndGetSleepCount@fieldCylceChecked       cstackBANK6  0006F6
scanValveScheduleAndGetSleepCount@iLocal                  cstackBANK6  0006F7
scanValveScheduleAndGetSleepCount@leapYearDays            cstackBANK6  0006F2
scanValveScheduleAndGetSleepCount@newCount                cstackBANK6  0006F8
scanValveScheduleAndGetSleepCount@yearDays                cstackBANK6  0006F4
selectChannel@channel                                     cstackBANK0  0000D4
sendSms@info                                              cstackBANK2  0002FE
sendSms@message                                           cstackBANK2  0002FA
sendSms@phoneNumber                                       cstackBANK2  0002FC
setBCDdigit@digit                                         cstackBANK0  0000D3
setBCDdigit@dp_1                                          cstackBANK0  0000D2
srand@s                                                   cstackBANK0  0000D2
stackhi                                                   (abs)        000000
stacklo                                                   (abs)        000000
start                                                     init         000328
start_initialization                                      cinit        00A6D2
strcpyCustom@d                                            cstackBANK0  0000D7
strcpyCustom@dest                                         cstackBANK0  0000D2
strcpyCustom@s                                            cstackBANK0  0000D9
strcpyCustom@src                                          cstackBANK0  0000D4
strlen@a                                                  cstackBANK0  0000D4
strlen@s                                                  cstackBANK0  0000D2
strncmp@_l                                                cstackBANK0  0000D2
strncmp@_r                                                cstackBANK0  0000D4
strncmp@l                                                 cstackBANK0  0000DA
strncmp@n                                                 cstackBANK0  0000D6
strncmp@r                                                 cstackBANK0  0000DC
strncpy@cp                                                cstackBANK0  0000D8
strncpy@d                                                 cstackBANK0  0000D2
strncpy@n                                                 cstackBANK0  0000D6
strncpy@s                                                 cstackBANK0  0000D4
transmitNumberToGSM@index                                 cstackBANK0  0000DC
transmitNumberToGSM@j                                     cstackBANK0  0000DD
transmitNumberToGSM@number                                cstackBANK0  0000DA
transmitStringToGSM@string                                cstackBANK0  0000DA
ttemp5                                                    temp         000051
ttemp6                                                    temp         000054
ttemp7                                                    temp         000058
txByte@serialData                                         cstackBANK0  0000D2
wtemp8                                                    temp         000051


MODULE INFORMATION

Module		Function		Class		Link	Load	Size
C:\Program Files\Microchip\xc8\v2.35\pic\sources\c99\common\rand.c
		_srand         		CODE           	D128	0000	40
		_rand          		CODE           	C820	0000	112

C:\Program Files\Microchip\xc8\v2.35\pic\sources\c99\common\rand.c estimated size: 152

RTC_DS1307.c
		_decimal2BCD   		CODE           	CD88	0000	68
		_i2cRead       		CODE           	CB32	0000	82
		_i2cRestart    		CODE           	D262	0000	20
		_i2cStart      		CODE           	D24E	0000	20
		_bcd2Decimal   		CODE           	D198	0000	32
		_i2cWait       		CODE           	D000	0000	54
		_i2cSend       		CODE           	D1B8	0000	30
		_fetchTimefromRTC		CODE           	BCB2	0000	196
		_i2cStop       		CODE           	D23A	0000	20
		_feedTimeInRTC 		CODE           	BD76	0000	176

RTC_DS1307.c estimated size: 698

C:\Program Files\Microchip\xc8\v2.35\pic\sources\c99\common\lwdiv.c
		___lwdiv       		CODE           	C5E2	0000	118

C:\Program Files\Microchip\xc8\v2.35\pic\sources\c99\common\lwdiv.c estimated size: 118

C:\Program Files\Microchip\xc8\v2.35\pic\sources\c99\common\Umul16.c
		___wmul        		CODE           	D150	0000	40

C:\Program Files\Microchip\xc8\v2.35\pic\sources\c99\common\Umul16.c estimated size: 40

C:\Program Files\Microchip\xc8\v2.35\pic\sources\c99\common\awdiv.c
		___awdiv       		CODE           	BBEC	0000	198

C:\Program Files\Microchip\xc8\v2.35\pic\sources\c99\common\awdiv.c estimated size: 198

main_1.c
		_timerInterrupt_handler		CODE           	0018	0000	784
		_main          		CODE           	A51A	0000	440
		_rxANDiocInterrupt_handler		CODE           	0008	0000	672

main_1.c estimated size: 1896

dataEncryption.c
		_base64Decoder 		CODE           	74FE	0000	1292

dataEncryption.c estimated size: 1292

gsm.c
		_configureGSM  		CODE           	A9E0	0000	350
		_checkSignalStrength		CODE           	9358	0000	736
		_sendSms       		CODE           	263C	0000	5056
		_deleteMsgFromSIMStorage		CODE           	C9D0	0000	94
		_rxByte        		CODE           	D276	0000	20
		_txByte        		CODE           	D1F2	0000	26
		_setGsmToLocalTime		CODE           	AB3E	0000	348
		_transmitStringToGSM		CODE           	CE10	0000	68
		_transmitNumberToGSM		CODE           	CE54	0000	66

gsm.c estimated size: 6764

C:\Program Files\Microchip\xc8\v2.35\pic\sources\c99\common\strncmp.c
		_strncmp       		CODE           	B990	0000	208

C:\Program Files\Microchip\xc8\v2.35\pic\sources\c99\common\strncmp.c estimated size: 208

C:\Program Files\Microchip\xc8\v2.35\pic\sources\c99\common\strncpy.c
		_strncpy       		CODE           	C45C	0000	134

C:\Program Files\Microchip\xc8\v2.35\pic\sources\c99\common\strncpy.c estimated size: 134

eeprom.c
		_saveActiveSleepCountIntoEeprom		CODE           	C562	0000	128
		_readRemainingFertigationOnPeriodFromEeprom		CODE           	BED2	0000	172
		_saveIrrigationValveConfigurationStatusIntoEeprom		CODE           	CE96	0000	64
		_readValveDataFromEeprom		CODE           	7EE2	0000	1182
		_saveFertigationValveStatusIntoEeprom		CODE           	C174	0000	160
		_saveMobileNoIntoEeprom		CODE           	C7AE	0000	114
		_saveResetCountIntoEeprom		CODE           	CC68	0000	72
		_saveFactryPswrdIntoEeprom		CODE           	C658	0000	114
		_eepromWrite   		CODE           	D036	0000	52
		_saveMotorLoadValuesIntoEeprom		CODE           	B6D4	0000	240
		_readFieldIrrigationValveNoFromEeprom		CODE           	CC1E	0000	74
		_readActiveSleepCountFromEeprom		CODE           	BF7E	0000	172
		_saveIrrigationValveValuesIntoEeprom		CODE           	9D76	0000	512
		_saveIrrigationValveCycleStatusIntoEeprom		CODE           	CED6	0000	64
		_saveIrrigationValveNoIntoEeprom		CODE           	CBD2	0000	76
		_savePasswordIntoEeprom		CODE           	C73C	0000	114
		_saveAuthenticationStatus		CODE           	CF90	0000	58
		_saveIrrigationValveOnOffStatusIntoEeprom		CODE           	CF16	0000	64
		_saveIrrigationValveDueTimeIntoEeprom		CODE           	C214	0000	160
		_saveFiltrationSequenceData		CODE           	ADEC	0000	338
		_saveFertigationValveValuesIntoEeprom		CODE           	B070	0000	304
		_saveDeviceProgramStatusIntoEeprom		CODE           	CCB0	0000	72
		_saveRTCBatteryStatus		CODE           	CCF8	0000	72
		_readMotorLoadValuesFromEeprom		CODE           	AC9A	0000	338
		_saveRemainingFertigationOnPeriod		CODE           	C4E2	0000	128
		_loadDataFromEeprom		CODE           	8C26	0000	1040
		_eepromRead    		CODE           	D178	0000	32

eeprom.c estimated size: 5916

C:\Program Files\Microchip\xc8\v2.35\pic\sources\c99\common\__lldiv.c
		___lldiv       		CODE           	C02A	0000	166

C:\Program Files\Microchip\xc8\v2.35\pic\sources\c99\common\__lldiv.c estimated size: 166

C:\Program Files\Microchip\xc8\v2.35\pic\sources\c99\common\Umul32.c
		___lmul        		CODE           	C8FE	0000	108

C:\Program Files\Microchip\xc8\v2.35\pic\sources\c99\common\Umul32.c estimated size: 108

shared
		i1_isFieldMoistureSensorWet		CODE           	6452	0000	2168
		_SmsDR1        		MEDIUMCONST    	F282	0000	133
		_SmsSR11       		MEDIUMCONST    	FAB2	0000	41
		_SmsIrr1       		MEDIUMCONST    	FB74	0000	36
		_SmsT2         		MEDIUMCONST    	FE6A	0000	15
		_SmsPwd3       		MEDIUMCONST    	FDE0	0000	23
		_SmsDR4        		MEDIUMCONST    	F37F	0000	108
		_SmsSR03       		MEDIUMCONST    	F53F	0000	75
		_SmsSR14       		MEDIUMCONST    	F81A	0000	59
		_SmsIrr4       		MEDIUMCONST    	FCA7	0000	33
		_SmsSR06       		MEDIUMCONST    	F5D4	0000	74
		_SmsIrr7       		MEDIUMCONST    	FE79	0000	15
		_SmsRTC2       		MEDIUMCONST    	FA89	0000	41
		_SmsTest       		MEDIUMCONST    	FE37	0000	19
		_SmsPh2        		MEDIUMCONST    	F665	0000	69
		i1_setBCDdigit 		CODE           	D28A	0000	18
		_SmsSR09       		MEDIUMCONST    	FD08	0000	31
		i2_setBCDdigit 		CODE           	D29C	0000	18
		_SmsMotor1     		MEDIUMCONST    	F855	0000	58
		_SmsMotor2     		MEDIUMCONST    	FB98	0000	35
		_SmsMotor3     		MEDIUMCONST    	FA2C	0000	47
		_SmsMotor4     		MEDIUMCONST    	F99C	0000	49
		_SmsPh5        		MEDIUMCONST    	FD95	0000	25
		_SmsFilt1      		MEDIUMCONST    	FD7A	0000	27
		_SmsFilt2      		MEDIUMCONST    	FD27	0000	29
		_SmsFilt3      		MEDIUMCONST    	FCC8	0000	32
		_SmsFilt4      		MEDIUMCONST    	FD5F	0000	27
		_SmsAU1        		MEDIUMCONST    	FDF7	0000	23
		_SmsAU4        		MEDIUMCONST    	F6EA	0000	64
		_SmsMS2        		MEDIUMCONST    	FA5B	0000	46
		_SmsSR10       		MEDIUMCONST    	FB50	0000	36
		_SmsPwd2       		MEDIUMCONST    	F26B	0000	23
		_eepromAddress 		MEDIUMCONST    	F24B	0000	32
		_SmsDR2        		MEDIUMCONST    	F307	0000	120
		_SmsSR02       		MEDIUMCONST    	F4A4	0000	78
		i2_myMsDelay   		CODE           	C3D4	0000	136
		_SmsSR13       		MEDIUMCONST    	FC44	0000	33
		_SmsIrr3       		MEDIUMCONST    	FB03	0000	40
		_SmsSR05       		MEDIUMCONST    	F452	0000	82
		i1___lldiv     		CODE           	C0D0	0000	164
		__initialization		CODE           	A6D2	0000	380
		_SmsIrr6       		MEDIUMCONST    	F7DE	0000	60
		_SmsRTC1       		MEDIUMCONST    	F96A	0000	50
		_SmsSR08       		MEDIUMCONST    	FB2B	0000	37
		_SmsPh3        		MEDIUMCONST    	FDC7	0000	25
		_SmsRTC4       		MEDIUMCONST    	F88F	0000	56
		_SmsPh6        		MEDIUMCONST    	FE24	0000	19
		_SmsConnect    		MEDIUMCONST    	FE4A	0000	17
		_SmsAU2        		MEDIUMCONST    	F937	0000	51
		_SmsFert1      		MEDIUMCONST    	F6AA	0000	64
		_SmsFert2      		MEDIUMCONST    	F8FF	0000	56
		_SmsFert3      		MEDIUMCONST    	FC22	0000	34
		_SmsFert4      		MEDIUMCONST    	FBBB	0000	35
		_SmsFert5      		MEDIUMCONST    	FC00	0000	34
		_SmsFert6      		MEDIUMCONST    	FBDE	0000	34
		_SmsFert7      		MEDIUMCONST    	F61E	0000	71
		_SmsFert8      		MEDIUMCONST    	F7A2	0000	60
		_SmsMS3        		MEDIUMCONST    	FADB	0000	40
		_SmsPwd1       		MEDIUMCONST    	FCE8	0000	32
		_SmsSR01       		MEDIUMCONST    	F766	0000	60
		_SmsDR3        		MEDIUMCONST    	F3EB	0000	103
		_SmsSR12       		MEDIUMCONST    	FC65	0000	33
		_SmsIrr2       		MEDIUMCONST    	F9CD	0000	48
		_SmsSR04       		MEDIUMCONST    	F4F2	0000	77
		_SmsSR15       		MEDIUMCONST    	F219	0000	50
		_SmsIrr5       		MEDIUMCONST    	FC86	0000	33
		_SmsFact1      		MEDIUMCONST    	FE5B	0000	15
		_SmsSR07       		MEDIUMCONST    	F58A	0000	74
		_SmsPh1        		MEDIUMCONST    	F9FD	0000	47
		_SmsRTC3       		MEDIUMCONST    	F8C7	0000	56
		_SmsT1         		MEDIUMCONST    	FD44	0000	27
		_SmsPh4        		MEDIUMCONST    	FDAE	0000	25
		_SmsAU3        		MEDIUMCONST    	FE0E	0000	22
		_SmsMS1        		MEDIUMCONST    	F72A	0000	60

shared estimated size: 6067

ADC.c
		_getADCResult  		CODE           	CD40	0000	72
		_selectChannel 		CODE           	C890	0000	110

ADC.c estimated size: 182

C:\Program Files\Microchip\xc8\v2.35\pic\sources\c99\common\strlen.c
		_strlen        		CODE           	CF56	0000	58

C:\Program Files\Microchip\xc8\v2.35\pic\sources\c99\common\strlen.c estimated size: 58

controllerActions.c
		_isFieldMoistureSensorWet		CODE           	5B9A	0000	2232
		_isNumber      		CODE           	D0CE	0000	48
		_deleteValveData		CODE           	A346	0000	468
		_doLowPhaseAction		CODE           	B2C0	0000	288
		_doDryRunAction		CODE           	6CCA	0000	2100
		_deleteUserData		CODE           	CA2E	0000	90
		_fetchFieldNo  		CODE           	9036	0000	802
		_isRTCBatteryDrained		CODE           	C6CA	0000	114
		_actionsOnSleepCountFinish		CODE           	485A	0000	2588
		_actionsOnSystemReset		CODE           	39FC	0000	3678
		_deepSleep     		CODE           	9B58	0000	542
		_deleteDecodedString		CODE           	D09C	0000	50
		_calibrateMotorCurrent		CODE           	8380	0000	1164
		_strcpyCustom  		CODE           	C2B4	0000	148
		_days          		CODE           	AF3E	0000	306
		_doPhaseFailureAction		CODE           	B1A0	0000	288
		_randomPasswordGeneration		CODE           	BE26	0000	172
		_configureController		CODE           	A85C	0000	388
		_deActivateValve		CODE           	A15E	0000	488
		_getDateFromGSM		CODE           	9F76	0000	488
		_deleteGsmResponse		CODE           	CFCA	0000	54
		_powerOffMotor 		CODE           	CAE0	0000	82
		_actionsOnDueValve		CODE           	880C	0000	1050
		_isMotorInNoLoad		CODE           	BA60	0000	198
		_scanValveScheduleAndGetSleepCount		CODE           	5276	0000	2340
		_extractReceivedSms		CODE           	032C	0000	8976
		_myMsDelay     		CODE           	C348	0000	140
		_isBase64String		CODE           	CB84	0000	78
		_phaseFailure  		CODE           	CDCC	0000	68
		_getDueDate    		CODE           	7A0A	0000	1240
		_activateValve 		CODE           	98D2	0000	646
		_deleteStringToDecode		CODE           	D06A	0000	50
		_setBCDdigit   		CODE           	D224	0000	22
		_powerOnMotor  		CODE           	CA88	0000	88

controllerActions.c estimated size: 31474

C:\Program Files\Microchip\xc8\v2.35\pic\sources\c99\common\lwmod.c
		___lwmod       		CODE           	C96A	0000	102

C:\Program Files\Microchip\xc8\v2.35\pic\sources\c99\common\lwmod.c estimated size: 102

C:\Program Files\Microchip\xc8\v2.35\pic\sources\c99\common\awmod.c
		___awmod       		CODE           	BB26	0000	198

C:\Program Files\Microchip\xc8\v2.35\pic\sources\c99\common\awmod.c estimated size: 198

