Microchip MPLAB XC8 Compiler V2.35

Linker command line:

-W-3 --edf=C:\Program Files\Microchip\xc8\v2.35\pic\dat\en_msgs.txt -cn \
  -h+dist/18f66k40/production\AutoIrrigation_SolicitedSMS.X.production.sym \
  --cmf=dist/18f66k40/production\AutoIrrigation_SolicitedSMS.X.production.cmf \
  -z -Q18F66K40 -oC:\Users\nandu\AppData\Local\Temp\xcAsn80.4 \
  --defsym=__MPLAB_BUILD=1 \
  -Mdist/18f66k40/production/AutoIrrigation_SolicitedSMS.X.production.map \
  --md=C:\Users\nandu\AppData\Local\Temp\xcAsn80.dat -E1 -ver=XC8 Compiler \
  --acfsm=1493 -ACODE=00h-0FFFFh -ACONST=00h-0FFFFh \
  -ASMALLCONST=0E00h-0EFFhx242 -AMEDIUMCONST=0E00h-0FFFFh -ACOMRAM=01h-05Fh \
  -AABS1=00h-0DE9h -ABIGRAM=01h-0DE9h \
  -ARAM=060h-0FFh,0100h-01FFhx12,0D00h-0DE9h -ABANK0=060h-0FFh \
  -ABANK1=0100h-01FFh -ABANK2=0200h-02FFh -ABANK3=0300h-03FFh \
  -ABANK4=0400h-04FFh -ABANK5=0500h-05FFh -ABANK6=0600h-06FFh \
  -ABANK7=0700h-07FFh -ABANK8=0800h-08FFh -ABANK9=0900h-09FFh \
  -ABANK10=0A00h-0AFFh -ABANK11=0B00h-0BFFh -ABANK12=0C00h-0CFFh \
  -ABANK13=0D00h-0DE9h \
  -ASFR=0DEFh-0DFFh,0E00h-0EFFh,0F00h-0F5Fh,0F60h-0FFFh \
  -ABIGSFR=0DEFh-0FFFh -ACONFIG=0300000h-030000Bh -AIDLOC=0200000h-020000Fh \
  -AEEDATA=0310000h-03103FFh -peeprom_data=EEDATA \
  -preset_vec=00h,intcode=08h,intcodelo=018h,powerup,init -pramtop=0E00h \
  -psmallconst=SMALLCONST -pmediumconst=MEDIUMCONST -pconst=CONST \
  -AFARRAM=00h-00h \
  -prdata=COMRAM,nvrram=COMRAM,nvbit=COMRAM,rbss=COMRAM,rbit=COMRAM \
  -pfarbss=FARRAM,fardata=FARRAM,nvFARRAM=FARRAM \
  -pintsave_regs=BIGRAM,bigbss=BIGRAM,bigdata=BIGRAM -pbss=RAM \
  -pidata=CODE,irdata=CODE,ibigdata=CODE,ifardata=CODE -prparam=COMRAM \
  C:\Users\nandu\AppData\Local\Temp\xcAsn80.o \
  dist/18f66k40/production\AutoIrrigation_SolicitedSMS.X.production.o 

Object code version is 3.11

Machine type is 18F66K40



                Name                               Link     Load   Length Selector   Space Scale
C:\Users\nandu\AppData\Local\Temp\xcAsn80.o
                idloc                            200000   200000       10        0       5
                config                           300000   300000        C        0       4
                init                                28A      28A        4        C       0
                reset_vec                             0        0        4        0       0
dist/18f66k40/production\AutoIrrigation_SolicitedSMS.X.production.o
                eeprom_data                      310000   310000      400   310000       0
                intcodelo                            18       18      272        C       0
                intcode                               8        8        6        4       0
                idloc                            200000   200000       10        0       5
                config                           300000   300000        C        0       4
                temp                                 51       51        1        1       1
                mediumconst                        F33E     F33E      CC2     799F       0
                text98                             B9AE     B9AE       14     5C82       0
                text97                             ABA2     ABA2       88        C       0
                text96                             B9D4     B9D4       12     5C82       0
                intcode_body                       83D6     83D6      294        C       0
                text93                             B7A4     B7A4       32        C       0
                text92                             AB1A     AB1A       88        C       0
                text91                             B694     B694       3A        C       0
                text90                             A438     A438       C4        C       0
                text89                             A4FC     A4FC       B0        C       0
                text88                             AD9C     AD9C       74        C       0
                text87                             B102     B102       64        C       0
                text86                             B9C2     B9C2       12     5C82       0
                text85                             B95A     B95A       18     5C82       0
                text84                             B5E4     B5E4       3C        C       0
                text83                             B566     B566       42        C       0
                text82                             2426     2426     1288        C       0
                text81                             866A     866A      24E        C       0
                text80                             8C50     8C50      1BE        C       0
                text79                             B93E     B93E       1C     5C82       0
                text78                             B836     B836       30        C       0
                text77                             B2B8     B2B8       4C        C       0
                text76                             B99A     B99A       14     5C82       0
                text75                             B922     B922       1C     5C82       0
                text74                             B986     B986       14     5C82       0
                text73                             B972     B972       14     5C82       0
                text72                             A5AC     A5AC       A6        C       0
                text71                             6506     6506      486        C       0
                text70                             A79A     A79A       A4        C       0
                text69                             5582     5582      844        C       0
                text68                             B524     B524       42        C       0
                text67                             B166     B166       5C        C       0
                text66                             B904     B904       1E     5C82       0
                text65                             B4E2     B4E2       42        C       0
                text64                             B65A     B65A       3A        C       0
                text63                             A9F8     A9F8       92        C       0
                text62                             7618     7618      3EE        C       0
                text61                             A6F6     A6F6       A4        C       0
                text60                             A652     A652       A4        C       0
                text59                             AD26     AD26       76        C       0
                text58                             A966     A966       92        C       0
                text57                             9A9E     9A9E      116        C       0
                text56                             B396     B396       44        C       0
                text55                             43F0     43F0      8FA        C       0
                text54                             B866     B866       2C        C       0
                text53                             810C     810C      2CA        C       0
                text52                             9160     9160      184        C       0
                text51                             9826     9826      13E        C       0
                text50                             B34E     B34E       48        C       0
                text49                             ACAE     ACAE       78        C       0
                text48                             5DC6     5DC6      740        C       0
                text47                             9CC8     9CC8      108        C       0
                text46                             B4A0     B4A0       42        C       0
                text45                             B098     B098       6A        C       0
                text44                             B5A8     B5A8       3C        C       0
                text43                             8FBA     8FBA      1A6        C       0
                text42                             B1C2     B1C2       56        C       0
                text41                             B73A     B73A       36        C       0
                text40                             AFC2     AFC2       6C        C       0
                text39                             B218     B218       54        C       0
                text38                             9964     9964      13A        C       0
                text37                             B620     B620       3A        C       0
                text36                             8A8E     8A8E      1C2        C       0
                text35                             B8BA     B8BA       26        C       0
                text34                             B704     B704       36        C       0
                text33                             6DDA     6DDA      420        C       0
                text32                             71FA     71FA      41E        C       0
                text31                             B806     B806       30        C       0
                text30                             B770     B770       34        C       0
                text29                             B7D6     B7D6       30        C       0
                text28                             B6CE     B6CE       36        C       0
                text27                             AA8A     AA8A       90        C       0
                text26                             7DEE     7DEE      31E        C       0
                text25                             B26C     B26C       4C        C       0
                text24                             88B8     88B8      1D6        C       0
                text23                             A1AC     A1AC       E2        C       0
                text22                             AF56     AF56       6C        C       0
                text21                             A8D4     A8D4       92        C       0
                text20                             A36A     A36A       CE        C       0
                text19                             AC2A     AC2A       84        C       0
                text18                              28E      28E     2198        C       0
                text17                             B45E     B45E       42        C       0
                text16                             AEEA     AEEA       6C        C       0
                text15                             95A0     95A0      146        C       0
                text14                             698C     698C      44E        C       0
                text13                             7A06     7A06      3E8        C       0
                text12                             8E0E     8E0E      1AC        C       0
                text11                             B02E     B02E       6A        C       0
                text10                             AE10     AE10       6E        C       0
                text9                              B892     B892       28        C       0
                text8                              A83E     A83E       96        C       0
                text7                              B41C     B41C       42        C       0
                text6                              AE7E     AE7E       6C        C       0
                text5                              B3DA     B3DA       42        C       0
                text4                              96E6     96E6      140        C       0
                text3                              36AE     36AE      D42        C       0
                text2                              9BB4     9BB4      114        C       0
                text1                              4CEA     4CEA      898        C       0
                text0                              92E4     92E4      16A        C       0
                cstackCOMRAM                          1        1       33        1       1
                cstackBANK0                          FF       FF        1       60       1
                cstackBANK2                         2FE      2FE        2      200       1
                cstackBANK4                         4FF      4FF        1      400       1
                cstackBANK5                         5E9      5E9        B      500       1
                bssBIGRAM                           8C8      8C8      108      8C8       1
                bssBANK8                            800      800       C8      800       1
                bssBANK7                            700      700       DC      700       1
                dataBANK6                           600      600       DC      600       1
                dataBANK5                           500      500       E9      500       1
                dataBANK4                           4DC      4DC       23      400       1
                bssBANK4                            400      400       DC      400       1
                dataBANK3                           300      300      100      300       1
                dataBANK2                           200      200       F3      200       1
                bssBANK2                            2F3      2F3        B      200       1
                dataBANK1                           100      100      100      100       1
                dataBANK0                            B5       B5       4A       60       1
                bssBANK0                             60       60       55       60       1
                bssCOMRAM                            34       34       1D        1       1
                cinit                              944E     944E      152        C       0
                idataBANK6                         A28E     A28E       DC        C       0
                idataBANK5                         A0C3     A0C3       E9        C       0
                idataBANK4                         B8E0     B8E0       23        C       0
                idataBANK3                         9ED0     9ED0      100        C       0
                idataBANK2                         9FD0     9FD0       F3        C       0
                idataBANK1                         9DD0     9DD0      100        C       0
                idataBANK0                         B304     B304       4A        C       0

TOTAL           Name                               Link     Load   Length     Space
        CLASS   CODE           
                intcodelo                            18       18      272         0
                intcode                               8        8        6         0
                init                                28A      28A        4         0
                reset_vec                             0        0        4         0
                text98                             B9AE     B9AE       14         0
                text97                             ABA2     ABA2       88         0
                text96                             B9D4     B9D4       12         0
                intcode_body                       83D6     83D6      294         0
                text93                             B7A4     B7A4       32         0
                text92                             AB1A     AB1A       88         0
                text91                             B694     B694       3A         0
                text90                             A438     A438       C4         0
                text89                             A4FC     A4FC       B0         0
                text88                             AD9C     AD9C       74         0
                text87                             B102     B102       64         0
                text86                             B9C2     B9C2       12         0
                text85                             B95A     B95A       18         0
                text84                             B5E4     B5E4       3C         0
                text83                             B566     B566       42         0
                text82                             2426     2426     1288         0
                text81                             866A     866A      24E         0
                text80                             8C50     8C50      1BE         0
                text79                             B93E     B93E       1C         0
                text78                             B836     B836       30         0
                text77                             B2B8     B2B8       4C         0
                text76                             B99A     B99A       14         0
                text75                             B922     B922       1C         0
                text74                             B986     B986       14         0
                text73                             B972     B972       14         0
                text72                             A5AC     A5AC       A6         0
                text71                             6506     6506      486         0
                text70                             A79A     A79A       A4         0
                text69                             5582     5582      844         0
                text68                             B524     B524       42         0
                text67                             B166     B166       5C         0
                text66                             B904     B904       1E         0
                text65                             B4E2     B4E2       42         0
                text64                             B65A     B65A       3A         0
                text63                             A9F8     A9F8       92         0
                text62                             7618     7618      3EE         0
                text61                             A6F6     A6F6       A4         0
                text60                             A652     A652       A4         0
                text59                             AD26     AD26       76         0
                text58                             A966     A966       92         0
                text57                             9A9E     9A9E      116         0
                text56                             B396     B396       44         0
                text55                             43F0     43F0      8FA         0
                text54                             B866     B866       2C         0
                text53                             810C     810C      2CA         0
                text52                             9160     9160      184         0
                text51                             9826     9826      13E         0
                text50                             B34E     B34E       48         0
                text49                             ACAE     ACAE       78         0
                text48                             5DC6     5DC6      740         0
                text47                             9CC8     9CC8      108         0
                text46                             B4A0     B4A0       42         0
                text45                             B098     B098       6A         0
                text44                             B5A8     B5A8       3C         0
                text43                             8FBA     8FBA      1A6         0
                text42                             B1C2     B1C2       56         0
                text41                             B73A     B73A       36         0
                text40                             AFC2     AFC2       6C         0
                text39                             B218     B218       54         0
                text38                             9964     9964      13A         0
                text37                             B620     B620       3A         0
                text36                             8A8E     8A8E      1C2         0
                text35                             B8BA     B8BA       26         0
                text34                             B704     B704       36         0
                text33                             6DDA     6DDA      420         0
                text32                             71FA     71FA      41E         0
                text31                             B806     B806       30         0
                text30                             B770     B770       34         0
                text29                             B7D6     B7D6       30         0
                text28                             B6CE     B6CE       36         0
                text27                             AA8A     AA8A       90         0
                text26                             7DEE     7DEE      31E         0
                text25                             B26C     B26C       4C         0
                text24                             88B8     88B8      1D6         0
                text23                             A1AC     A1AC       E2         0
                text22                             AF56     AF56       6C         0
                text21                             A8D4     A8D4       92         0
                text20                             A36A     A36A       CE         0
                text19                             AC2A     AC2A       84         0
                text18                              28E      28E     2198         0
                text17                             B45E     B45E       42         0
                text16                             AEEA     AEEA       6C         0
                text15                             95A0     95A0      146         0
                text14                             698C     698C      44E         0
                text13                             7A06     7A06      3E8         0
                text12                             8E0E     8E0E      1AC         0
                text11                             B02E     B02E       6A         0
                text10                             AE10     AE10       6E         0
                text9                              B892     B892       28         0
                text8                              A83E     A83E       96         0
                text7                              B41C     B41C       42         0
                text6                              AE7E     AE7E       6C         0
                text5                              B3DA     B3DA       42         0
                text4                              96E6     96E6      140         0
                text3                              36AE     36AE      D42         0
                text2                              9BB4     9BB4      114         0
                text1                              4CEA     4CEA      898         0
                text0                              92E4     92E4      16A         0
                cinit                              944E     944E      152         0
                idataBANK6                         A28E     A28E       DC         0
                idataBANK5                         A0C3     A0C3       E9         0
                idataBANK4                         B8E0     B8E0       23         0
                idataBANK3                         9ED0     9ED0      100         0
                idataBANK2                         9FD0     9FD0       F3         0
                idataBANK1                         9DD0     9DD0      100         0
                idataBANK0                         B304     B304       4A         0

        CLASS   CONST          

        CLASS   SMALLCONST     

        CLASS   MEDIUMCONST    
                mediumconst                        F33E     F33E      CC2         0

        CLASS   COMRAM         
                temp                                 51       51        1         1
                cstackCOMRAM                          1        1       33         1
                bssCOMRAM                            34       34       1D         1

        CLASS   ABS1           

        CLASS   BIGRAM         
                bssBIGRAM                           8C8      8C8      108         1

        CLASS   RAM            

        CLASS   BANK0          
                cstackBANK0                          FF       FF        1         1
                dataBANK0                            B5       B5       4A         1
                bssBANK0                             60       60       55         1

        CLASS   BANK1          
                dataBANK1                           100      100      100         1

        CLASS   BANK2          
                cstackBANK2                         2FE      2FE        2         1
                dataBANK2                           200      200       F3         1
                bssBANK2                            2F3      2F3        B         1

        CLASS   BANK3          
                dataBANK3                           300      300      100         1

        CLASS   BANK4          
                cstackBANK4                         4FF      4FF        1         1
                dataBANK4                           4DC      4DC       23         1
                bssBANK4                            400      400       DC         1

        CLASS   BANK5          
                cstackBANK5                         5E9      5E9        B         1
                dataBANK5                           500      500       E9         1

        CLASS   BANK6          
                dataBANK6                           600      600       DC         1

        CLASS   BANK7          
                bssBANK7                            700      700       DC         1

        CLASS   BANK8          
                bssBANK8                            800      800       C8         1

        CLASS   BANK9          

        CLASS   BANK10         

        CLASS   BANK11         

        CLASS   BANK12         

        CLASS   BANK13         

        CLASS   SFR            

        CLASS   BIGSFR         

        CLASS   CONFIG         
                config                           300000   300000        C         4

        CLASS   IDLOC          
                idloc                            200000   200000       10         5

        CLASS   EEDATA         
                eeprom_data                      310000   310000      400         0

        CLASS   FARRAM         

        CLASS   HEAP           

        CLASS   STACK          



SEGMENTS        Name                           Load    Length   Top    Selector   Space  Class

                reset_vec                      000000  000004  000004         0       0  CODE    
                cstackCOMRAM                   000001  000051  000052         1       1  COMRAM  
                intcode                        000008  000006  00000E         4       0  CODE    
                intcodelo                      000018  00B8EB  00B903         C       0  CODE    
                bssBANK0                       000060  0000A0  000100        60       1  BANK0   
                dataBANK1                      000100  000100  000200       100       1  BANK1   
                dataBANK2                      000200  000100  000300       200       1  BANK2   
                dataBANK3                      000300  000100  000400       300       1  BANK3   
                bssBANK4                       000400  000100  000500       400       1  BANK4   
                dataBANK5                      000500  0000F4  0005F4       500       1  BANK5   
                dataBANK6                      000600  0000DC  0006DC       600       1  BANK6   
                bssBANK7                       000700  0000DC  0007DC       700       1  BANK7   
                bssBANK8                       000800  0000C8  0008C8       800       1  BANK8   
                bssBIGRAM                      0008C8  000108  0009D0       8C8       1  BIGRAM  
                text66                         00B904  0000E2  00B9E6      5C82       0  CODE    
                mediumconst                    00F33E  000CC2  010000      799F       0  MEDIUMCO
                eeprom_data                    310000  000400  310400    310000       0  EEDATA  


UNUSED ADDRESS RANGES

        Name                Unused          Largest block    Delta
        BANK10           000A00-000AFF              100
        BANK11           000B00-000BFF              100
        BANK12           000C00-000CFF              100
        BANK13           000D00-000DE9               EA
        BANK5            0005F4-0005FF                C
        BANK6            0006DC-0006FF               24
        BANK7            0007DC-0007FF               24
        BANK9            0009D0-0009FF               30
        BIGRAM           000052-00005F                E
                         0005F4-0005FF                C
                         0006DC-0006FF               24
                         0007DC-0007FF               24
                         0009D0-000DE9              41A
        BIGSFR           000DEF-000FFF              211
        CODE             000004-000007                4
                         00000E-000017                A
                         00B903-00B903                1
                         00B9E6-00F33D             3958
        COMRAM           000052-00005F                E
        CONST            000004-000007                4
                         00000E-000017                A
                         00B903-00B903                1
                         00B9E6-00F33D             3958
        MEDIUMCONST      00B903-00B903                1
                         00B9E6-00F33D             3958
        RAM              0005F4-0005FF                C
                         0006DC-0006FF               24
                         0007DC-0007FF               24
                         0009D0-000DE9              100
        SFR              000DEF-000FFF              100
        SMALLCONST       00B903-00B903                1
                         00B9E6-00F33D              100

                                  Symbol Table

?___awdiv                                                 cstackCOMRAM 00000F
?___awmod                                                 cstackCOMRAM 000021
?___lldiv                                                 cstackCOMRAM 00000F
?___lmul                                                  cstackCOMRAM 00000F
?___lwdiv                                                 cstackCOMRAM 00000F
?___lwmod                                                 cstackCOMRAM 00000F
?___wmul                                                  cstackCOMRAM 00000F
?_days                                                    cstackCOMRAM 000014
?_getADCResult                                            cstackCOMRAM 000011
?_rand                                                    cstackCOMRAM 00001B
?_readActiveSleepCountFromEeprom                          cstackCOMRAM 000019
?_readRemainingFertigationOnPeriodFromEeprom              cstackCOMRAM 000019
?_strlen                                                  cstackCOMRAM 00000F
?_strncmp                                                 cstackCOMRAM 00000F
_ADACQ                                                    (abs)        000F5C
_ADACT                                                    (abs)        000F56
_ADCAP                                                    (abs)        000F5D
_ADCON0bits                                               (abs)        000F60
_ADCON1                                                   (abs)        000F59
_ADCON2                                                   (abs)        000F5A
_ADCON3                                                   (abs)        000F5B
_ADPCH                                                    (abs)        000F5F
_ADREF                                                    (abs)        000F58
_ADRESH                                                   (abs)        000F64
_ADRESL                                                   (abs)        000F63
_ADRPT                                                    (abs)        000F66
_ANSELA                                                   (abs)        000E92
_ANSELB                                                   (abs)        000E9A
_ANSELD                                                   (abs)        000EA7
_ANSELE                                                   (abs)        000EAF
_ANSELF                                                   (abs)        000EB4
_ANSELG                                                   (abs)        000EBC
_BAUD3CON                                                 (abs)        000EF0
_BSR                                                      (abs)        000FE0
_CPUDOZEbits                                              (abs)        000E42
_DeviceBurnStatus                                         bssBANK0     000075
_INLVLA                                                   (abs)        000E8E
_INLVLB                                                   (abs)        000E96
_INLVLC                                                   (abs)        000E9E
_INLVLD                                                   (abs)        000EA3
_INLVLE                                                   (abs)        000EAB
_INLVLF                                                   (abs)        000EB0
_INLVLG                                                   (abs)        000EB8
_INLVLH                                                   (abs)        000EBD
_INTCONbits                                               (abs)        000FF2
_IOCEF                                                    (abs)        000EA8
_IOCEF5                                                   (abs)        007545
_IOCEF6                                                   (abs)        007546
_IOCEF7                                                   (abs)        007547
_IOCEN                                                    (abs)        000EA9
_IOCEP                                                    (abs)        000EAA
_IPR0bits                                                 (abs)        000E1F
_IPR4bits                                                 (abs)        000E23
_IPR5bits                                                 (abs)        000E24
_LATA                                                     (abs)        000F79
_LATB                                                     (abs)        000F7A
_LATC                                                     (abs)        000F7B
_LATD                                                     (abs)        000F7C
_LATE                                                     (abs)        000F7D
_LATF                                                     (abs)        000F7E
_LATG                                                     (abs)        000F7F
_LATH                                                     (abs)        000F80
_NVMADRH                                                  (abs)        000F75
_NVMADRL                                                  (abs)        000F74
_NVMCON1bits                                              (abs)        000F77
_NVMCON2                                                  (abs)        000F78
_NVMDAT                                                   (abs)        000F76
_ODCONA                                                   (abs)        000E90
_ODCONB                                                   (abs)        000E98
_ODCONC                                                   (abs)        000EA0
_ODCOND                                                   (abs)        000EA5
_ODCONE                                                   (abs)        000EAD
_ODCONF                                                   (abs)        000EB2
_ODCONG                                                   (abs)        000EBA
_ODCONH                                                   (abs)        000EBF
_OSCENbits                                                (abs)        000E47
_PCON0bits                                                (abs)        000FD7
_PIE0bits                                                 (abs)        000E29
_PIE4bits                                                 (abs)        000E2D
_PIE5bits                                                 (abs)        000E2E
_PIR0bits                                                 (abs)        000E33
_PIR4bits                                                 (abs)        000E37
_PIR5bits                                                 (abs)        000E38
_PORTAbits                                                (abs)        000F89
_PORTBbits                                                (abs)        000F8A
_PORTCbits                                                (abs)        000F8B
_PORTDbits                                                (abs)        000F8C
_PORTEbits                                                (abs)        000F8D
_PORTFbits                                                (abs)        000F8E
_PORTGbits                                                (abs)        000F8F
_PORTH                                                    (abs)        000F90
_RC3REG                                                   (abs)        000EEA
_RC3STA                                                   (abs)        000EEE
_RC3STAbits                                               (abs)        000EEE
_RD5PPS                                                   (abs)        000E6F
_RD6PPS                                                   (abs)        000E70
_RE0PPS                                                   (abs)        000E72
_RE1PPS                                                   (abs)        000E73
_SLRCONA                                                  (abs)        000E8F
_SLRCONB                                                  (abs)        000E97
_SLRCONC                                                  (abs)        000E9F
_SLRCOND                                                  (abs)        000EA4
_SLRCONE                                                  (abs)        000EAC
_SLRCONF                                                  (abs)        000EB1
_SLRCONG                                                  (abs)        000EB9
_SLRCONH                                                  (abs)        000EBE
_SP3BRG                                                   (abs)        000EEC
_SSP2ADD                                                  (abs)        000ED6
_SSP2BUF                                                  (abs)        000ED5
_SSP2CLKPPS                                               (abs)        000E1C
_SSP2CON1                                                 (abs)        000ED9
_SSP2CON2                                                 (abs)        000EDA
_SSP2CON2bits                                             (abs)        000EDA
_SSP2DATPPS                                               (abs)        000E1D
_SSP2STAT                                                 (abs)        000ED8
_SSP2STATbits                                             (abs)        000ED8
_SmsAU1                                                   mediumconst  00FE0A
_SmsAU2                                                   mediumconst  00F995
_SmsAU3                                                   mediumconst  00FE21
_SmsAU4                                                   mediumconst  00F784
_SmsConnect                                               mediumconst  00FE4A
_SmsDR1                                                   mediumconst  00F3A8
_SmsDR2                                                   mediumconst  00F42D
_SmsDR3                                                   mediumconst  00F511
_SmsDR4                                                   mediumconst  00F4A5
_SmsFact1                                                 mediumconst  00FE5B
_SmsFert1                                                 mediumconst  00F744
_SmsFert2                                                 mediumconst  00F95D
_SmsFert3                                                 mediumconst  00FC80
_SmsFert4                                                 mediumconst  00FC19
_SmsFert5                                                 mediumconst  00FC5E
_SmsFert6                                                 mediumconst  00FC3C
_SmsFilt1                                                 mediumconst  00FDD8
_SmsFilt2                                                 mediumconst  00FD85
_SmsFilt3                                                 mediumconst  00FD26
_SmsFilt4                                                 mediumconst  00FDBD
_SmsIrr1                                                  mediumconst  00FBD2
_SmsIrr2                                                  mediumconst  00FA2B
_SmsIrr3                                                  mediumconst  00FB61
_SmsIrr4                                                  mediumconst  00FD05
_SmsIrr5                                                  mediumconst  00FCE4
_SmsIrr6                                                  mediumconst  00F83C
_SmsIrr7                                                  mediumconst  00FE79
_SmsMS1                                                   mediumconst  00F7C4
_SmsMS2                                                   mediumconst  00FAB9
_SmsMS3                                                   mediumconst  00FB39
_SmsMotor1                                                mediumconst  00F8B3
_SmsMotor2                                                mediumconst  00FBF6
_SmsMotor3                                                mediumconst  00FA8A
_SmsMotor4                                                mediumconst  00F9FA
_SmsPh1                                                   mediumconst  00FA5B
_SmsPwd1                                                  mediumconst  00FD46
_SmsPwd2                                                  mediumconst  00F391
_SmsPwd3                                                  mediumconst  00FDF3
_SmsRTC1                                                  mediumconst  00F9C8
_SmsRTC2                                                  mediumconst  00FAE7
_SmsRTC3                                                  mediumconst  00F925
_SmsRTC4                                                  mediumconst  00F8ED
_SmsSR01                                                  mediumconst  00F800
_SmsSR02                                                  mediumconst  00F5CA
_SmsSR03                                                  mediumconst  00F665
_SmsSR04                                                  mediumconst  00F618
_SmsSR05                                                  mediumconst  00F578
_SmsSR06                                                  mediumconst  00F6FA
_SmsSR07                                                  mediumconst  00F6B0
_SmsSR08                                                  mediumconst  00FB89
_SmsSR09                                                  mediumconst  00FD66
_SmsSR10                                                  mediumconst  00FBAE
_SmsSR11                                                  mediumconst  00FB10
_SmsSR12                                                  mediumconst  00FCC3
_SmsSR13                                                  mediumconst  00FCA2
_SmsSR14                                                  mediumconst  00F878
_SmsSR15                                                  mediumconst  00F33F
_SmsT1                                                    mediumconst  00FDA2
_SmsT2                                                    mediumconst  00FE6A
_SmsTest                                                  mediumconst  00FE37
_T0CON0                                                   (abs)        000FD5
_T0CON0bits                                               (abs)        000FD5
_T0CON1                                                   (abs)        000FD6
_T1CON                                                    (abs)        000FCF
_T1CONbits                                                (abs)        000FCF
_T3CON                                                    (abs)        000FC9
_T3CONbits                                                (abs)        000FC9
_TMR0H                                                    (abs)        000FD4
_TMR0L                                                    (abs)        000FD3
_TMR1CLK                                                  (abs)        000FD2
_TMR1H                                                    (abs)        000FCE
_TMR1L                                                    (abs)        000FCD
_TMR3CLK                                                  (abs)        000FCC
_TMR3H                                                    (abs)        000FC8
_TMR3L                                                    (abs)        000FC7
_TRISA                                                    (abs)        000F81
_TRISB                                                    (abs)        000F82
_TRISC                                                    (abs)        000F83
_TRISD                                                    (abs)        000F84
_TRISE                                                    (abs)        000F85
_TRISF                                                    (abs)        000F86
_TRISG                                                    (abs)        000F87
_TRISH                                                    (abs)        000F88
_TX3REG                                                   (abs)        000EEB
_TX3STA                                                   (abs)        000EEF
_Timer0Overflow                                           bssCOMRAM    000044
_Timer1Overflow                                           bssBANK0     00006F
_Timer3Overflow                                           bssBANK0     00006E
_WDTCON0bits                                              (abs)        000E3D
_WPUA                                                     (abs)        000E91
_WPUB                                                     (abs)        000E99
_WPUC                                                     (abs)        000EA1
_WPUD                                                     (abs)        000EA6
_WPUE                                                     (abs)        000EAE
_WPUF                                                     (abs)        000EB3
_WPUG                                                     (abs)        000EBB
_WPUH                                                     (abs)        000EC0
__HRAM                                                    (abs)        000000
__Habs1                                                   abs1         000000
__Hbank0                                                  bank0        000000
__Hbank1                                                  bank1        000000
__Hbank10                                                 bank10       000000
__Hbank11                                                 bank11       000000
__Hbank12                                                 bank12       000000
__Hbank13                                                 bank13       000000
__Hbank2                                                  bank2        000000
__Hbank3                                                  bank3        000000
__Hbank4                                                  bank4        000000
__Hbank5                                                  bank5        000000
__Hbank6                                                  bank6        000000
__Hbank7                                                  bank7        000000
__Hbank8                                                  bank8        000000
__Hbank9                                                  bank9        000000
__Hbigbss                                                 bigbss       000000
__Hbigdata                                                bigdata      000000
__Hbigram                                                 bigram       000000
__Hbigsfr                                                 bigsfr       000000
__Hbss                                                    bss          000000
__HbssBANK0                                               bssBANK0     000000
__HbssBANK2                                               bssBANK2     000000
__HbssBANK4                                               bssBANK4     000000
__HbssBANK7                                               bssBANK7     000000
__HbssBANK8                                               bssBANK8     000000
__HbssBIGRAM                                              bssBIGRAM    000000
__HbssCOMRAM                                              bssCOMRAM    000000
__Hcinit                                                  cinit        000000
__Hclrtext                                                clrtext      000000
__Hcomram                                                 comram       000000
__Hconfig                                                 config       30000C
__Hconst                                                  const        000000
__HcstackBANK0                                            cstackBANK0  000000
__HcstackBANK2                                            cstackBANK2  000000
__HcstackBANK4                                            cstackBANK4  000000
__HcstackBANK5                                            cstackBANK5  000000
__HcstackCOMRAM                                           cstackCOMRAM 000000
__Hdata                                                   data         000000
__HdataBANK0                                              dataBANK0    000000
__HdataBANK1                                              dataBANK1    000000
__HdataBANK2                                              dataBANK2    000000
__HdataBANK3                                              dataBANK3    000000
__HdataBANK4                                              dataBANK4    000000
__HdataBANK5                                              dataBANK5    000000
__HdataBANK6                                              dataBANK6    000000
__Heeprom_data                                            eeprom_data  310400
__Hfarbss                                                 farbss       000000
__Hfardata                                                fardata      000000
__Hheap                                                   heap         000000
__Hibigdata                                               ibigdata     000000
__Hidata                                                  idata        000000
__HidataBANK0                                             idataBANK0   000000
__HidataBANK1                                             idataBANK1   000000
__HidataBANK2                                             idataBANK2   000000
__HidataBANK3                                             idataBANK3   000000
__HidataBANK4                                             idataBANK4   000000
__HidataBANK5                                             idataBANK5   000000
__HidataBANK6                                             idataBANK6   000000
__Hidloc                                                  idloc        200010
__Hifardata                                               ifardata     000000
__Hinit                                                   init         00028E
__Hintcode                                                intcode      00000E
__Hintcode_body                                           intcode_body 000000
__Hintcodelo                                              intcodelo    00028A
__Hintentry                                               intentry     000000
__Hintret                                                 intret       000000
__Hintsave_regs                                           intsave_regs 000000
__Hirdata                                                 irdata       000000
__Hmediumconst                                            mediumconst  010000
__HnvFARRAM                                               nvFARRAM     000000
__Hnvbit                                                  nvbit        000000
__Hnvrram                                                 nvrram       000000
__Hparam                                                  rparam       000000
__Hpowerup                                                powerup      00028A
__Hram                                                    ram          000000
__Hramtop                                                 ramtop       000E00
__Hrbit                                                   rbit         000000
__Hrbss                                                   rbss         000000
__Hrdata                                                  rdata        000000
__Hreset_vec                                              reset_vec    000004
__Hrparam                                                 rparam       000000
__Hsfr                                                    sfr          000000
__Hsmallconst                                             smallconst   000000
__Hspace_0                                                (abs)        310400
__Hspace_1                                                (abs)        0009D0
__Hspace_2                                                (abs)        000000
__Hspace_4                                                (abs)        60000C
__Hstack                                                  stack        000000
__Hstruct                                                 struct       000000
__Htemp                                                   temp         000052
__Htext                                                   text         000000
__Htext0                                                  text0        000000
__Htext1                                                  text1        000000
__Htext10                                                 text10       000000
__Htext11                                                 text11       000000
__Htext12                                                 text12       000000
__Htext13                                                 text13       000000
__Htext14                                                 text14       000000
__Htext15                                                 text15       000000
__Htext16                                                 text16       000000
__Htext17                                                 text17       000000
__Htext18                                                 text18       000000
__Htext19                                                 text19       000000
__Htext2                                                  text2        000000
__Htext20                                                 text20       000000
__Htext21                                                 text21       000000
__Htext22                                                 text22       000000
__Htext23                                                 text23       000000
__Htext24                                                 text24       000000
__Htext25                                                 text25       000000
__Htext26                                                 text26       000000
__Htext27                                                 text27       000000
__Htext28                                                 text28       000000
__Htext29                                                 text29       000000
__Htext3                                                  text3        000000
__Htext30                                                 text30       000000
__Htext31                                                 text31       000000
__Htext32                                                 text32       000000
__Htext33                                                 text33       000000
__Htext34                                                 text34       000000
__Htext35                                                 text35       000000
__Htext36                                                 text36       000000
__Htext37                                                 text37       000000
__Htext38                                                 text38       000000
__Htext39                                                 text39       000000
__Htext4                                                  text4        000000
__Htext40                                                 text40       000000
__Htext41                                                 text41       000000
__Htext42                                                 text42       000000
__Htext43                                                 text43       000000
__Htext44                                                 text44       000000
__Htext45                                                 text45       000000
__Htext46                                                 text46       000000
__Htext47                                                 text47       000000
__Htext48                                                 text48       000000
__Htext49                                                 text49       000000
__Htext5                                                  text5        000000
__Htext50                                                 text50       000000
__Htext51                                                 text51       000000
__Htext52                                                 text52       000000
__Htext53                                                 text53       000000
__Htext54                                                 text54       000000
__Htext55                                                 text55       000000
__Htext56                                                 text56       000000
__Htext57                                                 text57       000000
__Htext58                                                 text58       000000
__Htext59                                                 text59       000000
__Htext6                                                  text6        000000
__Htext60                                                 text60       000000
__Htext61                                                 text61       000000
__Htext62                                                 text62       000000
__Htext63                                                 text63       000000
__Htext64                                                 text64       000000
__Htext65                                                 text65       000000
__Htext66                                                 text66       000000
__Htext67                                                 text67       000000
__Htext68                                                 text68       000000
__Htext69                                                 text69       000000
__Htext7                                                  text7        000000
__Htext70                                                 text70       000000
__Htext71                                                 text71       000000
__Htext72                                                 text72       000000
__Htext73                                                 text73       000000
__Htext74                                                 text74       000000
__Htext75                                                 text75       000000
__Htext76                                                 text76       000000
__Htext77                                                 text77       000000
__Htext78                                                 text78       000000
__Htext79                                                 text79       000000
__Htext8                                                  text8        000000
__Htext80                                                 text80       000000
__Htext81                                                 text81       000000
__Htext82                                                 text82       000000
__Htext83                                                 text83       000000
__Htext84                                                 text84       000000
__Htext85                                                 text85       000000
__Htext86                                                 text86       000000
__Htext87                                                 text87       000000
__Htext88                                                 text88       000000
__Htext89                                                 text89       000000
__Htext9                                                  text9        000000
__Htext90                                                 text90       000000
__Htext91                                                 text91       000000
__Htext92                                                 text92       000000
__Htext93                                                 text93       000000
__Htext96                                                 text96       000000
__Htext97                                                 text97       000000
__Htext98                                                 text98       000000
__LRAM                                                    (abs)        000001
__Labs1                                                   abs1         000000
__Lbank0                                                  bank0        000000
__Lbank1                                                  bank1        000000
__Lbank10                                                 bank10       000000
__Lbank11                                                 bank11       000000
__Lbank12                                                 bank12       000000
__Lbank13                                                 bank13       000000
__Lbank2                                                  bank2        000000
__Lbank3                                                  bank3        000000
__Lbank4                                                  bank4        000000
__Lbank5                                                  bank5        000000
__Lbank6                                                  bank6        000000
__Lbank7                                                  bank7        000000
__Lbank8                                                  bank8        000000
__Lbank9                                                  bank9        000000
__Lbigbss                                                 bigbss       000000
__Lbigdata                                                bigdata      000000
__Lbigram                                                 bigram       000000
__Lbigsfr                                                 bigsfr       000000
__Lbss                                                    bss          000000
__LbssBANK0                                               bssBANK0     000000
__LbssBANK2                                               bssBANK2     000000
__LbssBANK4                                               bssBANK4     000000
__LbssBANK7                                               bssBANK7     000000
__LbssBANK8                                               bssBANK8     000000
__LbssBIGRAM                                              bssBIGRAM    000000
__LbssCOMRAM                                              bssCOMRAM    000000
__Lcinit                                                  cinit        000000
__Lclrtext                                                clrtext      000000
__Lcomram                                                 comram       000000
__Lconfig                                                 config       000000
__Lconst                                                  const        000000
__LcstackBANK0                                            cstackBANK0  000000
__LcstackBANK2                                            cstackBANK2  000000
__LcstackBANK4                                            cstackBANK4  000000
__LcstackBANK5                                            cstackBANK5  000000
__LcstackCOMRAM                                           cstackCOMRAM 000000
__Ldata                                                   data         000000
__LdataBANK0                                              dataBANK0    000000
__LdataBANK1                                              dataBANK1    000000
__LdataBANK2                                              dataBANK2    000000
__LdataBANK3                                              dataBANK3    000000
__LdataBANK4                                              dataBANK4    000000
__LdataBANK5                                              dataBANK5    000000
__LdataBANK6                                              dataBANK6    000000
__Leeprom_data                                            eeprom_data  310000
__Lfarbss                                                 farbss       000000
__Lfardata                                                fardata      000000
__Lheap                                                   heap         000000
__Libigdata                                               ibigdata     000000
__Lidata                                                  idata        000000
__LidataBANK0                                             idataBANK0   000000
__LidataBANK1                                             idataBANK1   000000
__LidataBANK2                                             idataBANK2   000000
__LidataBANK3                                             idataBANK3   000000
__LidataBANK4                                             idataBANK4   000000
__LidataBANK5                                             idataBANK5   000000
__LidataBANK6                                             idataBANK6   000000
__Lidloc                                                  idloc        000000
__Lifardata                                               ifardata     000000
__Linit                                                   init         00028A
__Lintcode                                                intcode      000008
__Lintcode_body                                           intcode_body 000000
__Lintcodelo                                              intcodelo    000018
__Lintentry                                               intentry     000000
__Lintret                                                 intret       000000
__Lintsave_regs                                           intsave_regs 000000
__Lirdata                                                 irdata       000000
__Lmediumconst                                            mediumconst  00F33E
__LnvFARRAM                                               nvFARRAM     000000
__Lnvbit                                                  nvbit        000000
__Lnvrram                                                 nvrram       000000
__Lparam                                                  rparam       000000
__Lpowerup                                                powerup      00028A
__Lram                                                    ram          000000
__Lramtop                                                 ramtop       000E00
__Lrbit                                                   rbit         000000
__Lrbss                                                   rbss         000000
__Lrdata                                                  rdata        000000
__Lreset_vec                                              reset_vec    000000
__Lrparam                                                 rparam       000000
__Lsfr                                                    sfr          000000
__Lsmallconst                                             smallconst   000000
__Lspace_0                                                (abs)        000000
__Lspace_1                                                (abs)        000000
__Lspace_2                                                (abs)        000000
__Lspace_4                                                (abs)        000000
__Lstack                                                  stack        000000
__Lstruct                                                 struct       000000
__Ltemp                                                   temp         000051
__Ltext                                                   text         000000
__Ltext0                                                  text0        000000
__Ltext1                                                  text1        000000
__Ltext10                                                 text10       000000
__Ltext11                                                 text11       000000
__Ltext12                                                 text12       000000
__Ltext13                                                 text13       000000
__Ltext14                                                 text14       000000
__Ltext15                                                 text15       000000
__Ltext16                                                 text16       000000
__Ltext17                                                 text17       000000
__Ltext18                                                 text18       000000
__Ltext19                                                 text19       000000
__Ltext2                                                  text2        000000
__Ltext20                                                 text20       000000
__Ltext21                                                 text21       000000
__Ltext22                                                 text22       000000
__Ltext23                                                 text23       000000
__Ltext24                                                 text24       000000
__Ltext25                                                 text25       000000
__Ltext26                                                 text26       000000
__Ltext27                                                 text27       000000
__Ltext28                                                 text28       000000
__Ltext29                                                 text29       000000
__Ltext3                                                  text3        000000
__Ltext30                                                 text30       000000
__Ltext31                                                 text31       000000
__Ltext32                                                 text32       000000
__Ltext33                                                 text33       000000
__Ltext34                                                 text34       000000
__Ltext35                                                 text35       000000
__Ltext36                                                 text36       000000
__Ltext37                                                 text37       000000
__Ltext38                                                 text38       000000
__Ltext39                                                 text39       000000
__Ltext4                                                  text4        000000
__Ltext40                                                 text40       000000
__Ltext41                                                 text41       000000
__Ltext42                                                 text42       000000
__Ltext43                                                 text43       000000
__Ltext44                                                 text44       000000
__Ltext45                                                 text45       000000
__Ltext46                                                 text46       000000
__Ltext47                                                 text47       000000
__Ltext48                                                 text48       000000
__Ltext49                                                 text49       000000
__Ltext5                                                  text5        000000
__Ltext50                                                 text50       000000
__Ltext51                                                 text51       000000
__Ltext52                                                 text52       000000
__Ltext53                                                 text53       000000
__Ltext54                                                 text54       000000
__Ltext55                                                 text55       000000
__Ltext56                                                 text56       000000
__Ltext57                                                 text57       000000
__Ltext58                                                 text58       000000
__Ltext59                                                 text59       000000
__Ltext6                                                  text6        000000
__Ltext60                                                 text60       000000
__Ltext61                                                 text61       000000
__Ltext62                                                 text62       000000
__Ltext63                                                 text63       000000
__Ltext64                                                 text64       000000
__Ltext65                                                 text65       000000
__Ltext66                                                 text66       000000
__Ltext67                                                 text67       000000
__Ltext68                                                 text68       000000
__Ltext69                                                 text69       000000
__Ltext7                                                  text7        000000
__Ltext70                                                 text70       000000
__Ltext71                                                 text71       000000
__Ltext72                                                 text72       000000
__Ltext73                                                 text73       000000
__Ltext74                                                 text74       000000
__Ltext75                                                 text75       000000
__Ltext76                                                 text76       000000
__Ltext77                                                 text77       000000
__Ltext78                                                 text78       000000
__Ltext79                                                 text79       000000
__Ltext8                                                  text8        000000
__Ltext80                                                 text80       000000
__Ltext81                                                 text81       000000
__Ltext82                                                 text82       000000
__Ltext83                                                 text83       000000
__Ltext84                                                 text84       000000
__Ltext85                                                 text85       000000
__Ltext86                                                 text86       000000
__Ltext87                                                 text87       000000
__Ltext88                                                 text88       000000
__Ltext89                                                 text89       000000
__Ltext9                                                  text9        000000
__Ltext90                                                 text90       000000
__Ltext91                                                 text91       000000
__Ltext92                                                 text92       000000
__Ltext93                                                 text93       000000
__Ltext96                                                 text96       000000
__Ltext97                                                 text97       000000
__Ltext98                                                 text98       000000
__S0                                                      (abs)        310400
__S1                                                      (abs)        0009D0
__S4                                                      (abs)        000000
__S5                                                      (abs)        000000
___awdiv                                                  text90       00A438
___awdiv@counter                                          cstackCOMRAM 000013
___awdiv@dividend                                         cstackCOMRAM 00000F
___awdiv@divisor                                          cstackCOMRAM 000011
___awdiv@quotient                                         cstackCOMRAM 000015
___awdiv@sign                                             cstackCOMRAM 000014
___awmod                                                  text89       00A4FC
___awmod@counter                                          cstackCOMRAM 000025
___awmod@dividend                                         cstackCOMRAM 000021
___awmod@divisor                                          cstackCOMRAM 000023
___awmod@sign                                             cstackCOMRAM 000026
___heap_hi                                                (abs)        000000
___heap_lo                                                (abs)        000000
___inthi_sp                                               stack        000000
___intlo_sp                                               stack        000000
___lldiv                                                  text70       00A79A
___lldiv@counter                                          cstackCOMRAM 00001B
___lldiv@dividend                                         cstackCOMRAM 00000F
___lldiv@divisor                                          cstackCOMRAM 000013
___lldiv@quotient                                         cstackCOMRAM 000017
___lmul                                                   text11       00B02E
___lmul@multiplicand                                      cstackCOMRAM 000013
___lmul@multiplier                                        cstackCOMRAM 00000F
___lmul@product                                           cstackCOMRAM 000017
___lwdiv                                                  text88       00AD9C
___lwdiv@counter                                          cstackCOMRAM 000013
___lwdiv@dividend                                         cstackCOMRAM 00000F
___lwdiv@divisor                                          cstackCOMRAM 000011
___lwdiv@quotient                                         cstackCOMRAM 000014
___lwmod                                                  text87       00B102
___lwmod@counter                                          cstackCOMRAM 000013
___lwmod@dividend                                         cstackCOMRAM 00000F
___lwmod@divisor                                          cstackCOMRAM 000011
___param_bank                                             (abs)        000000
___rparam_used                                            (abs)        000001
___sp                                                     stack        000000
___wmul                                                   text35       00B8BA
___wmul@multiplicand                                      cstackCOMRAM 000011
___wmul@multiplier                                        cstackCOMRAM 00000F
___wmul@product                                           cstackCOMRAM 000013
[...]
decimal2BCD@decimal                                       cstackCOMRAM 000027
decimal2BCD@temp                                          cstackCOMRAM 000028
doDryRunAction@field_No                                   cstackBANK5  0005EB
doDryRunAction@sleepCountVar                              cstackBANK5  0005E9
doPhaseFailureAction@field_No                             cstackCOMRAM 000032
eepromRead@address                                        cstackCOMRAM 000017
eepromWrite@address                                       cstackCOMRAM 00000F
eepromWrite@data                                          cstackCOMRAM 000011
end_of_initialization                                     cinit        009592
extractReceivedSms@count                                  cstackBANK5  0005F1
extractReceivedSms@digit                                  cstackBANK5  0005F2
extractReceivedSms@onHour                                 cstackBANK5  0005EF
extractReceivedSms@onMinute                               cstackBANK5  0005F0
fetchFieldNo@index                                        cstackCOMRAM 000010
getADCResult@adcResult                                    cstackCOMRAM 000015
getDateFromGSM@index                                      cstackCOMRAM 000019
getDueDate@F14794                                         dataBANK5    000570
getDueDate@days                                           cstackCOMRAM 000032
getDueDate@firstMonth                                     cstackCOMRAM 000028
getDueDate@lastMonth                                      cstackCOMRAM 000029
getDueDate@leapYearDays                                   cstackCOMRAM 00002C
getDueDate@month                                          cstackCOMRAM 00001B
getDueDate@offset                                         cstackCOMRAM 000030
getDueDate@remDays                                        cstackCOMRAM 00002A
getDueDate@yearDays                                       cstackCOMRAM 00002E
i2_myMsDelay                                              text97       00ABA2
i2_setBCDdigit                                            text96       00B9D4
i2cRead@ACK                                               cstackCOMRAM 000010
i2cRead@temp                                              cstackCOMRAM 000011
i2cSend@dat                                               cstackCOMRAM 000010
i2myMsDelay@calibrated                                    cstackCOMRAM 000003
i2myMsDelay@itr1                                          cstackCOMRAM 000005
i2myMsDelay@itr2                                          cstackCOMRAM 000007
i2myMsDelay@mSec                                          cstackCOMRAM 000001
i2setBCDdigit@digit                                       cstackCOMRAM 000002
i2setBCDdigit@dp_1                                        cstackCOMRAM 000001
int$flags                                                 temp         000051
int_func                                                  intcode_body 0083D6
intlevel0                                                 text         000000
intlevel1                                                 text         000000
intlevel2                                                 text         000000
intlevel3                                                 text         000000
isBase64String@s                                          cstackCOMRAM 000012
isBase64String@string                                     cstackCOMRAM 00000F
isFieldMoistureSensorWet@FieldNo                          cstackCOMRAM 00002B
isFieldMoistureSensorWet@avg                              cstackCOMRAM 000026
isFieldMoistureSensorWet@constant                         cstackCOMRAM 000022
isFieldMoistureSensorWet@itr                              cstackCOMRAM 00002C
isFieldMoistureSensorWet@moistureLevelAvg                 cstackCOMRAM 00002D
isFieldMoistureSensorWet@timer1Value                      cstackCOMRAM 000027
isMotorInNoLoad@ctOutput                                  cstackCOMRAM 000017
isNumber@character                                        cstackCOMRAM 00000F
isRTCBatteryDrained@batteryVoltage                        cstackCOMRAM 00001B
isRTCBatteryDrained@batteryVoltageCutoff                  cstackCOMRAM 000019
isa$std                                                   (abs)        000001
isa$xinst                                                 (abs)        000000
main@last_Field_No                                        cstackBANK4  0004FF
myMsDelay@calibrated                                      cstackCOMRAM 000011
myMsDelay@itr1                                            cstackCOMRAM 000013
myMsDelay@itr2                                            cstackCOMRAM 000015
myMsDelay@mSec                                            cstackCOMRAM 00000F
randomPasswordGeneration@F14858                           dataBANK4    0004DC
randomPasswordGeneration@numbers                          cstackCOMRAM 000029
readFieldIrrigationValveNoFromEeprom@field_no             cstackCOMRAM 00001B
readValveDataFromEeprom@address                           cstackCOMRAM 000019
readValveDataFromEeprom@fieldptr                          cstackCOMRAM 00001B
saveFertigationValveStatusIntoEeprom@address              cstackCOMRAM 000017
saveFertigationValveStatusIntoEeprom@fieldptr             cstackCOMRAM 000019
saveFertigationValveValuesIntoEeprom@address              cstackCOMRAM 000017
saveFertigationValveValuesIntoEeprom@fieldptr             cstackCOMRAM 000019
saveIrrigationValveConfigurationStatusIntoEeprom@address  cstackCOMRAM 000017
saveIrrigationValveConfigurationStatusIntoEeprom@fieldptr cstackCOMRAM 000019
saveIrrigationValveCycleStatusIntoEeprom@address          cstackCOMRAM 000017
saveIrrigationValveCycleStatusIntoEeprom@fieldptr         cstackCOMRAM 000019
saveIrrigationValveDueTimeIntoEeprom@address              cstackCOMRAM 000017
saveIrrigationValveDueTimeIntoEeprom@fieldptr             cstackCOMRAM 000019
saveIrrigationValveNoIntoEeprom@field_no                  cstackCOMRAM 000019
saveIrrigationValveOnOffStatusIntoEeprom@address          cstackCOMRAM 000017
saveIrrigationValveOnOffStatusIntoEeprom@fieldptr         cstackCOMRAM 000019
saveIrrigationValveValuesIntoEeprom@address               cstackCOMRAM 000017
saveIrrigationValveValuesIntoEeprom@fieldptr              cstackCOMRAM 000019
scanValveScheduleAndGetSleepCount@fieldCylceChecked       cstackBANK5  0005ED
scanValveScheduleAndGetSleepCount@iLocal                  cstackBANK5  0005EE
scanValveScheduleAndGetSleepCount@leapYearDays            cstackBANK5  0005E9
scanValveScheduleAndGetSleepCount@newCount                cstackBANK5  0005EF
scanValveScheduleAndGetSleepCount@yearDays                cstackBANK5  0005EB
selectChannel@channel                                     cstackCOMRAM 000011
sendSms@info                                              cstackCOMRAM 00002B
sendSms@message                                           cstackCOMRAM 000027
sendSms@phoneNumber                                       cstackCOMRAM 000029
setBCDdigit@digit                                         cstackCOMRAM 000010
setBCDdigit@dp_1                                          cstackCOMRAM 00000F
srand@s                                                   cstackCOMRAM 00000F
stackhi                                                   (abs)        000000
stacklo                                                   (abs)        000000
start                                                     init         00028A
start_initialization                                      cinit        00944E
strcpyCustom@d                                            cstackCOMRAM 000014
strcpyCustom@dest                                         cstackCOMRAM 00000F
strcpyCustom@s                                            cstackCOMRAM 000016
strcpyCustom@src                                          cstackCOMRAM 000011
strlen@a                                                  cstackCOMRAM 000011
strlen@s                                                  cstackCOMRAM 00000F
strncmp@_l                                                cstackCOMRAM 00000F
strncmp@_r                                                cstackCOMRAM 000011
strncmp@l                                                 cstackCOMRAM 000017
strncmp@n                                                 cstackCOMRAM 000013
strncmp@r                                                 cstackCOMRAM 000019
strncpy@cp                                                cstackCOMRAM 000015
strncpy@d                                                 cstackCOMRAM 00000F
strncpy@n                                                 cstackCOMRAM 000013
strncpy@s                                                 cstackCOMRAM 000011
transmitNumberToGSM@index                                 cstackCOMRAM 000019
transmitNumberToGSM@j                                     cstackCOMRAM 00001A
transmitNumberToGSM@number                                cstackCOMRAM 000017
transmitStringToGSM@string                                cstackCOMRAM 000017
ttemp5                                                    temp         000052
ttemp6                                                    temp         000055
ttemp7                                                    temp         000059
txByte@serialData                                         cstackCOMRAM 00000F
wtemp8                                                    temp         000052


MODULE INFORMATION

Module		Function		Class		Link	Load	Size
C:\Program Files\Microchip\xc8\v2.35\pic\sources\c99\common\rand.c
		_srand         		CODE           	B892	0000	40
		_rand          		CODE           	AE10	0000	110

C:\Program Files\Microchip\xc8\v2.35\pic\sources\c99\common\rand.c estimated size: 150

RTC_DS1307.c
		_decimal2BCD   		CODE           	B6CE	0000	54
		_i2cRead       		CODE           	B2B8	0000	76
		_i2cRestart    		CODE           	B99A	0000	20
		_i2cStart      		CODE           	B986	0000	20
		_bcd2Decimal   		CODE           	B93E	0000	28
		_i2cWait       		CODE           	B836	0000	48
		_i2cSend       		CODE           	B922	0000	28
		_fetchTimefromRTC		CODE           	A5AC	0000	166
		_i2cStop       		CODE           	B972	0000	20
		_feedTimeInRTC 		CODE           	AA8A	0000	144

RTC_DS1307.c estimated size: 604

C:\Program Files\Microchip\xc8\v2.35\pic\sources\c99\common\lwdiv.c
		___lwdiv       		CODE           	AD9C	0000	116

C:\Program Files\Microchip\xc8\v2.35\pic\sources\c99\common\lwdiv.c estimated size: 116

C:\Program Files\Microchip\xc8\v2.35\pic\sources\c99\common\Umul16.c
		___wmul        		CODE           	B8BA	0000	38

C:\Program Files\Microchip\xc8\v2.35\pic\sources\c99\common\Umul16.c estimated size: 38

C:\Program Files\Microchip\xc8\v2.35\pic\sources\c99\common\awdiv.c
		___awdiv       		CODE           	A438	0000	196

C:\Program Files\Microchip\xc8\v2.35\pic\sources\c99\common\awdiv.c estimated size: 196

main_1.c
		_timerInterrupt_handler		CODE           	0018	0000	626
		_main          		CODE           	92E4	0000	362
		_rxANDiocInterrupt_handler		CODE           	0008	0000	666

main_1.c estimated size: 1654

dataEncryption.c
		_base64Decoder 		CODE           	6DDA	0000	1056

dataEncryption.c estimated size: 1056

gsm.c
		_configureGSM  		CODE           	9826	0000	318
		_checkSignalStrength		CODE           	810C	0000	714
		_sendSms       		CODE           	2426	0000	4744
		_deleteMsgFromSIMStorage		CODE           	B1C2	0000	86
		_rxByte        		CODE           	B9AE	0000	20
		_txByte        		CODE           	B95A	0000	24
		_setGsmToLocalTime		CODE           	96E6	0000	320
		_transmitStringToGSM		CODE           	B566	0000	66
		_transmitNumberToGSM		CODE           	B5E4	0000	60

gsm.c estimated size: 6352

C:\Program Files\Microchip\xc8\v2.35\pic\sources\c99\common\strncmp.c
		_strncmp       		CODE           	A36A	0000	206

C:\Program Files\Microchip\xc8\v2.35\pic\sources\c99\common\strncmp.c estimated size: 206

C:\Program Files\Microchip\xc8\v2.35\pic\sources\c99\common\strncpy.c
		_strncpy       		CODE           	AC2A	0000	132

C:\Program Files\Microchip\xc8\v2.35\pic\sources\c99\common\strncpy.c estimated size: 132

eeprom.c
		_saveActiveSleepCountIntoEeprom		CODE           	AD26	0000	118
		_readRemainingFertigationOnPeriodFromEeprom		CODE           	A652	0000	164
		_saveIrrigationValveConfigurationStatusIntoEeprom		CODE           	B620	0000	58
		_readValveDataFromEeprom		CODE           	698C	0000	1102
		_saveFertigationValveStatusIntoEeprom		CODE           	A966	0000	146
		_saveMobileNoIntoEeprom		CODE           	AFC2	0000	108
		_saveResetCountIntoEeprom		CODE           	B3DA	0000	66
		_saveFactryPswrdIntoEeprom		CODE           	AE7E	0000	108
		_eepromWrite   		CODE           	B7A4	0000	50
		_saveMotorLoadValuesIntoEeprom		CODE           	A1AC	0000	226
		_readFieldIrrigationValveNoFromEeprom		CODE           	B4E2	0000	66
		_readActiveSleepCountFromEeprom		CODE           	A6F6	0000	164
		_saveIrrigationValveValuesIntoEeprom		CODE           	88B8	0000	470
		_saveIrrigationValveCycleStatusIntoEeprom		CODE           	B65A	0000	58
		_saveIrrigationValveNoIntoEeprom		CODE           	B396	0000	68
		_savePasswordIntoEeprom		CODE           	AF56	0000	108
		_saveAuthenticationStatus		CODE           	B73A	0000	54
		_saveIrrigationValveOnOffStatusIntoEeprom		CODE           	B694	0000	58
		_saveIrrigationValveDueTimeIntoEeprom		CODE           	A9F8	0000	146
		_saveFiltrationSequenceData		CODE           	9964	0000	314
		_saveFertigationValveValuesIntoEeprom		CODE           	9A9E	0000	278
		_saveDeviceProgramStatusIntoEeprom		CODE           	B41C	0000	66
		_saveRTCBatteryStatus		CODE           	B45E	0000	66
		_readMotorLoadValuesFromEeprom		CODE           	95A0	0000	326
		_saveRemainingFertigationOnPeriod		CODE           	ACAE	0000	120
		_loadDataFromEeprom		CODE           	7A06	0000	1000
		_eepromRead    		CODE           	B904	0000	30

eeprom.c estimated size: 5538

C:\Program Files\Microchip\xc8\v2.35\pic\sources\c99\common\__lldiv.c
		___lldiv       		CODE           	A79A	0000	164

C:\Program Files\Microchip\xc8\v2.35\pic\sources\c99\common\__lldiv.c estimated size: 164

C:\Program Files\Microchip\xc8\v2.35\pic\sources\c99\common\Umul32.c
		___lmul        		CODE           	B02E	0000	106

C:\Program Files\Microchip\xc8\v2.35\pic\sources\c99\common\Umul32.c estimated size: 106

shared
		_SmsDR1        		MEDIUMCONST    	F3A8	0000	133
		_SmsSR11       		MEDIUMCONST    	FB10	0000	41
		_SmsIrr1       		MEDIUMCONST    	FBD2	0000	36
		_SmsT2         		MEDIUMCONST    	FE6A	0000	15
		_SmsPwd3       		MEDIUMCONST    	FDF3	0000	23
		_SmsDR4        		MEDIUMCONST    	F4A5	0000	108
		_SmsSR03       		MEDIUMCONST    	F665	0000	75
		_SmsSR14       		MEDIUMCONST    	F878	0000	59
		_SmsIrr4       		MEDIUMCONST    	FD05	0000	33
		_SmsSR06       		MEDIUMCONST    	F6FA	0000	74
		_SmsIrr7       		MEDIUMCONST    	FE79	0000	15
		_SmsRTC2       		MEDIUMCONST    	FAE7	0000	41
		_SmsTest       		MEDIUMCONST    	FE37	0000	19
		_SmsSR09       		MEDIUMCONST    	FD66	0000	31
		i2_setBCDdigit 		CODE           	B9D4	0000	18
		_SmsMotor1     		MEDIUMCONST    	F8B3	0000	58
		_SmsMotor2     		MEDIUMCONST    	FBF6	0000	35
		_SmsMotor3     		MEDIUMCONST    	FA8A	0000	47
		_SmsMotor4     		MEDIUMCONST    	F9FA	0000	49
		_SmsFilt1      		MEDIUMCONST    	FDD8	0000	27
		_SmsFilt2      		MEDIUMCONST    	FD85	0000	29
		_SmsFilt3      		MEDIUMCONST    	FD26	0000	32
		_SmsFilt4      		MEDIUMCONST    	FDBD	0000	27
		_SmsAU1        		MEDIUMCONST    	FE0A	0000	23
		_SmsAU4        		MEDIUMCONST    	F784	0000	64
		_SmsMS2        		MEDIUMCONST    	FAB9	0000	46
		_SmsSR10       		MEDIUMCONST    	FBAE	0000	36
		_SmsPwd2       		MEDIUMCONST    	F391	0000	23
		_eepromAddress 		MEDIUMCONST    	F371	0000	32
		_SmsDR2        		MEDIUMCONST    	F42D	0000	120
		_SmsSR02       		MEDIUMCONST    	F5CA	0000	78
		i2_myMsDelay   		CODE           	ABA2	0000	136
		_SmsSR13       		MEDIUMCONST    	FCA2	0000	33
		_SmsIrr3       		MEDIUMCONST    	FB61	0000	40
		_SmsSR05       		MEDIUMCONST    	F578	0000	82
		__initialization		CODE           	944E	0000	324
		_SmsIrr6       		MEDIUMCONST    	F83C	0000	60
		_SmsRTC1       		MEDIUMCONST    	F9C8	0000	50
		_SmsSR08       		MEDIUMCONST    	FB89	0000	37
		_SmsRTC4       		MEDIUMCONST    	F8ED	0000	56
		_SmsConnect    		MEDIUMCONST    	FE4A	0000	17
		_SmsAU2        		MEDIUMCONST    	F995	0000	51
		_SmsFert1      		MEDIUMCONST    	F744	0000	64
		_SmsFert2      		MEDIUMCONST    	F95D	0000	56
		_SmsFert3      		MEDIUMCONST    	FC80	0000	34
		_SmsFert4      		MEDIUMCONST    	FC19	0000	35
		_SmsFert5      		MEDIUMCONST    	FC5E	0000	34
		_SmsFert6      		MEDIUMCONST    	FC3C	0000	34
		_SmsMS3        		MEDIUMCONST    	FB39	0000	40
		_SmsPwd1       		MEDIUMCONST    	FD46	0000	32
		_SmsSR01       		MEDIUMCONST    	F800	0000	60
		_SmsDR3        		MEDIUMCONST    	F511	0000	103
		_SmsSR12       		MEDIUMCONST    	FCC3	0000	33
		_SmsIrr2       		MEDIUMCONST    	FA2B	0000	48
		_SmsSR04       		MEDIUMCONST    	F618	0000	77
		_SmsSR15       		MEDIUMCONST    	F33F	0000	50
		_SmsIrr5       		MEDIUMCONST    	FCE4	0000	33
		_SmsFact1      		MEDIUMCONST    	FE5B	0000	15
		_SmsSR07       		MEDIUMCONST    	F6B0	0000	74
		_SmsPh1        		MEDIUMCONST    	FA5B	0000	47
		_SmsRTC3       		MEDIUMCONST    	F925	0000	56
		_SmsT1         		MEDIUMCONST    	FDA2	0000	27
		_SmsAU3        		MEDIUMCONST    	FE21	0000	22
		_SmsMS1        		MEDIUMCONST    	F7C4	0000	60

shared estimated size: 3367

ADC.c
		_getADCResult  		CODE           	B4A0	0000	66
		_selectChannel 		CODE           	B098	0000	106

ADC.c estimated size: 172

C:\Program Files\Microchip\xc8\v2.35\pic\sources\c99\common\strlen.c
		_strlen        		CODE           	B704	0000	54

C:\Program Files\Microchip\xc8\v2.35\pic\sources\c99\common\strlen.c estimated size: 54

controllerActions.c
		_isFieldMoistureSensorWet		CODE           	5582	0000	2116
		_isNumber      		CODE           	B866	0000	44
		_deleteValveData		CODE           	8A8E	0000	450
		_doDryRunAction		CODE           	5DC6	0000	1856
		_deleteUserData		CODE           	B218	0000	84
		_fetchFieldNo  		CODE           	7DEE	0000	798
		_isRTCBatteryDrained		CODE           	AEEA	0000	108
		_actionsOnSleepCountFinish		CODE           	43F0	0000	2298
		_actionsOnSystemReset		CODE           	36AE	0000	3394
		_deepSleep     		CODE           	8FBA	0000	422
		_deleteDecodedString		CODE           	B806	0000	48
		_calibrateMotorCurrent		CODE           	71FA	0000	1054
		_strcpyCustom  		CODE           	A8D4	0000	146
		_days          		CODE           	9BB4	0000	276
		_doPhaseFailureAction		CODE           	9CC8	0000	264
		_randomPasswordGeneration		CODE           	A83E	0000	150
		_configureController		CODE           	9160	0000	388
		_deActivateValve		CODE           	8C50	0000	446
		_getDateFromGSM		CODE           	8E0E	0000	428
		_deleteGsmResponse		CODE           	B770	0000	52
		_powerOffMotor 		CODE           	B34E	0000	72
		_actionsOnDueValve		CODE           	7618	0000	1006
		_isMotorInNoLoad		CODE           	B5A8	0000	60
		_scanValveScheduleAndGetSleepCount		CODE           	4CEA	0000	2200
		_extractReceivedSms		CODE           	028E	0000	8600
		_myMsDelay     		CODE           	AB1A	0000	136
		_isBase64String		CODE           	B26C	0000	76
		_phaseFailure  		CODE           	B524	0000	66
		_getDueDate    		CODE           	6506	0000	1158
		_activateValve 		CODE           	866A	0000	590
		_deleteStringToDecode		CODE           	B7D6	0000	48
		_setBCDdigit   		CODE           	B9C2	0000	18
		_powerOnMotor  		CODE           	B166	0000	92

controllerActions.c estimated size: 28944

C:\Program Files\Microchip\xc8\v2.35\pic\sources\c99\common\lwmod.c
		___lwmod       		CODE           	B102	0000	100

C:\Program Files\Microchip\xc8\v2.35\pic\sources\c99\common\lwmod.c estimated size: 100

C:\Program Files\Microchip\xc8\v2.35\pic\sources\c99\common\awmod.c
		___awmod       		CODE           	A4FC	0000	176

C:\Program Files\Microchip\xc8\v2.35\pic\sources\c99\common\awmod.c estimated size: 176

