Microchip MPLAB XC8 Compiler V2.35

Linker command line:

-W-3 --edf=C:\Program Files\Microchip\xc8\v2.35\pic\dat\en_msgs.txt -cn \
  -h+dist/18f66k40/production\AutoIrrigation_SolicitedSMSNcDevBranch.X.production.sym \
  --cmf=dist/18f66k40/production\AutoIrrigation_SolicitedSMSNcDevBranch.X.production.cmf \
  -z -Q18F66K40 -oC:\Users\nandu\AppData\Local\Temp\xcAsmfc.4 \
  --defsym=__MPLAB_BUILD=1 \
  -Mdist/18f66k40/production/AutoIrrigation_SolicitedSMSNcDevBranch.X.production.map \
  --md=C:\Users\nandu\AppData\Local\Temp\xcAsmfc.dat -E1 -ver=XC8 Compiler \
  --acfsm=1493 -ACODE=00h-0FFFFh -ACONST=00h-0FFFFh \
  -ASMALLCONST=0E00h-0EFFhx242 -AMEDIUMCONST=0E00h-0FFFFh -ACOMRAM=01h-05Fh \
  -AABS1=00h-0DE9h -ABIGRAM=01h-0DE9h \
  -ARAM=060h-0FFh,0100h-01FFhx12,0D00h-0DE9h -ABANK0=060h-0FFh \
  -ABANK1=0100h-01FFh -ABANK2=0200h-02FFh -ABANK3=0300h-03FFh \
  -ABANK4=0400h-04FFh -ABANK5=0500h-05FFh -ABANK6=0600h-06FFh \
  -ABANK7=0700h-07FFh -ABANK8=0800h-08FFh -ABANK9=0900h-09FFh \
  -ABANK10=0A00h-0AFFh -ABANK11=0B00h-0BFFh -ABANK12=0C00h-0CFFh \
  -ABANK13=0D00h-0DE9h \
  -ASFR=0DEFh-0DFFh,0E00h-0EFFh,0F00h-0F5Fh,0F60h-0FFFh \
  -ABIGSFR=0DEFh-0FFFh -ACONFIG=0300000h-030000Bh -AIDLOC=0200000h-020000Fh \
  -AEEDATA=0310000h-03103FFh -peeprom_data=EEDATA \
  -preset_vec=00h,intcode=08h,intcodelo=018h,powerup,init -pramtop=0E00h \
  -psmallconst=SMALLCONST -pmediumconst=MEDIUMCONST -pconst=CONST \
  -AFARRAM=00h-00h \
  -prdata=COMRAM,nvrram=COMRAM,nvbit=COMRAM,rbss=COMRAM,rbit=COMRAM \
  -pfarbss=FARRAM,fardata=FARRAM,nvFARRAM=FARRAM \
  -pintsave_regs=BIGRAM,bigbss=BIGRAM,bigdata=BIGRAM -pbss=RAM \
  -pidata=CODE,irdata=CODE,ibigdata=CODE,ifardata=CODE -prparam=COMRAM \
  C:\Users\nandu\AppData\Local\Temp\xcAsmfc.o \
  dist/18f66k40/production\AutoIrrigation_SolicitedSMSNcDevBranch.X.production.o 

Object code version is 3.11

Machine type is 18F66K40



                Name                               Link     Load   Length Selector   Space Scale
C:\Users\nandu\AppData\Local\Temp\xcAsmfc.o
                idloc                            200000   200000       10        0       5
                config                           300000   300000        C        0       4
                init                                2AC      2AC        4        C       0
                reset_vec                             0        0        4        0       0
dist/18f66k40/production\AutoIrrigation_SolicitedSMSNcDevBranch.X.production.o
                eeprom_data                      310000   310000      400   310000       0
                intcodelo                            18       18      294        C       0
                intcode                               8        8        6        4       0
                idloc                            200000   200000       10        0       5
                config                           300000   300000        C        0       4
                temp                                 51       51        1        1       1
                mediumconst                        F29A     F29A      D66     794D       0
                text99                             BD62     BD62       14     5BC7       0
                text98                             AFA4     AFA4       88        C       0
                text97                             BD88     BD88       12     5BC7       0
                intcode_body                       855C     855C      294        C       0
                text94                             BB60     BB60       32     5BC7       0
                text93                             AF1C     AF1C       88        C       0
                text92                             BA50     BA50       3A     5BC7       0
                text91                             A83A     A83A       C4        C       0
                text90                             A8FE     A8FE       B0        C       0
                text89                             B19E     B19E       74        C       0
                text88                             B504     B504       64        C       0
                text87                             BD76     BD76       12     5BC7       0
                text86                             BD0E     BD0E       18     5BC7       0
                text85                             B9A0     B9A0       3C     5BC7       0
                text84                             B95E     B95E       42     5BC7       0
                text83                             2468     2468     1288        C       0
                text82                             87F0     87F0      24E        C       0
                text81                             8FEE     8FEE      1BE        C       0
                text80                             BCF2     BCF2       1C     5BC7       0
                text79                             BBF2     BBF2       30     5BC7       0
                text78                             B6B2     B6B2       4C        C       0
                text77                             BD4E     BD4E       14     5BC7       0
                text76                             BCD6     BCD6       1C     5BC7       0
                text75                             BD3A     BD3A       14     5BC7       0
                text74                             BD26     BD26       14     5BC7       0
                text73                             A9AE     A9AE       A6        C       0
                text72                             664E     664E      486        C       0
                text71                             AB9C     AB9C       A4        C       0
                text70                             5638     5638      844        C       0
                text69                             B91C     B91C       42     5BC7       0
                text68                             B612     B612       54        C       0
                text67                             BC9C     BC9C       1E     5BC7       0
                text66                             B8DA     B8DA       42     5BC7       0
                text65                             BA16     BA16       3A     5BC7       0
                text64                             ADFA     ADFA       92        C       0
                text63                             7790     7790      3FA        C       0
                text62                             AAF8     AAF8       A4        C       0
                text61                             AA54     AA54       A4        C       0
                text60                             B128     B128       76        C       0
                text59                             AD68     AD68       92        C       0
                text58                             9CC6     9CC6      116        C       0
                text57                             B78E     B78E       44     5BC7       0
                text56                             4496     4496      90A        C       0
                text55                             BC22     BC22       2C     5BC7       0
                text54                             8292     8292      2CA        C       0
                text53                             94FA     94FA      184        C       0
                text52                             9A4E     9A4E      13E        C       0
                text51                             B6FE     B6FE       48        C       0
                text50                             B0B0     B0B0       78        C       0
                text49                             5E7C     5E7C      7D2        C       0
                text48                             9FF8     9FF8      108        C       0
                text47                             9EF0     9EF0      108        C       0
                text46                             B898     B898       42     5BC7       0
                text45                             B49A     B49A       6A        C       0
                text44                             A772     A772       C8        C       0
                text43                             8A3E     8A3E      218        C       0
                text42                             B568     B568       56        C       0
                text41                             BAF6     BAF6       36     5BC7       0
                text40                             B3C4     B3C4       6C        C       0
                text39                             B5BE     B5BE       54        C       0
                text38                             9B8C     9B8C      13A        C       0
                text37                             B9DC     B9DC       3A     5BC7       0
                text36                             8E2C     8E2C      1C2        C       0
                text35                             BAC0     BAC0       36     5BC7       0
                text34                             7370     7370      420        C       0
                text33                             BC76     BC76       26     5BC7       0
                text32                             6F22     6F22      44E        C       0
                text31                             BBC2     BBC2       30     5BC7       0
                text30                             BB2C     BB2C       34     5BC7       0
                text29                             BB92     BB92       30     5BC7       0
                text28                             BA8A     BA8A       36     5BC7       0
                text27                             AE8C     AE8C       90        C       0
                text26                             7F74     7F74      31E        C       0
                text25                             B666     B666       4C        C       0
                text24                             8C56     8C56      1D6        C       0
                text23                             A4E6     A4E6       E2        C       0
                text22                             B358     B358       6C        C       0
                text21                             ACD6     ACD6       92        C       0
                text20                             A6A4     A6A4       CE        C       0
                text19                             B02C     B02C       84        C       0
                text18                              2B0      2B0     21B8        C       0
                text17                             B856     B856       42     5BC7       0
                text16                             B2EC     B2EC       6C        C       0
                text15                             97C8     97C8      146        C       0
                text14                             6AD4     6AD4      44E        C       0
                text13                             7B8A     7B8A      3EA        C       0
                text12                             91AC     91AC      1AC        C       0
                text11                             B430     B430       6A        C       0
                text10                             B212     B212       6E        C       0
                text9                              BC4E     BC4E       28     5BC7       0
                text8                              AC40     AC40       96        C       0
                text7                              B814     B814       42     5BC7       0
                text6                              B280     B280       6C        C       0
                text5                              B7D2     B7D2       42     5BC7       0
                text4                              990E     990E      140        C       0
                text3                              36F0     36F0      DA6        C       0
                text2                              9DDC     9DDC      114        C       0
                text1                              4DA0     4DA0      898        C       0
                text0                              9358     9358      1A2        C       0
                cstackCOMRAM                          1        1       33        1       1
                cstackBANK0                          FF       FF        1       60       1
                cstackBANK1                         1FE      1FE        2      100       1
                cstackBANK2                         2FC      2FC        4      200       1
                cstackBANK4                         4F8      4F8        6      400       1
                cstackBANK5                         5F8      5F8        5      500       1
                cstackBANK6                         6DC      6DC        A      600       1
                bssBIGRAM                           8C8      8C8      108      8C8       1
                bssBANK8                            800      800       C8      800       1
                bssBANK7                            700      700       DC      700       1
                dataBANK6                           600      600       DC      600       1
                dataBANK5                           5DC      5DC       1C      500       1
                bssBANK5                            500      500       DC      500       1
                dataBANK4                           400      400       F8      400       1
                dataBANK3                           300      300       FF      300       1
                dataBANK2                           200      200       F1      200       1
                bssBANK2                            2F1      2F1        B      200       1
                dataBANK1                           100      100       FE      100       1
                dataBANK0                            B8       B8       47       60       1
                bssBANK0                             60       60       58       60       1
                bssCOMRAM                            34       34       1D        1       1
                cinit                              967E     967E      14A        C       0
                idataBANK6                         A5C8     A5C8       DC        C       0
                idataBANK5                         BCBA     BCBA       1C     5BC7       0
                idataBANK4                         A2FD     A2FD       F8        C       0
                idataBANK3                         A100     A100       FF        C       0
                idataBANK2                         A3F5     A3F5       F1        C       0
                idataBANK1                         A1FF     A1FF       FE        C       0
                idataBANK0                         B746     B746       47        C       0

TOTAL           Name                               Link     Load   Length     Space
        CLASS   CODE           
                intcodelo                            18       18      294         0
                intcode                               8        8        6         0
                init                                2AC      2AC        4         0
                reset_vec                             0        0        4         0
                text99                             BD62     BD62       14         0
                text98                             AFA4     AFA4       88         0
                text97                             BD88     BD88       12         0
                intcode_body                       855C     855C      294         0
                text94                             BB60     BB60       32         0
                text93                             AF1C     AF1C       88         0
                text92                             BA50     BA50       3A         0
                text91                             A83A     A83A       C4         0
                text90                             A8FE     A8FE       B0         0
                text89                             B19E     B19E       74         0
                text88                             B504     B504       64         0
                text87                             BD76     BD76       12         0
                text86                             BD0E     BD0E       18         0
                text85                             B9A0     B9A0       3C         0
                text84                             B95E     B95E       42         0
                text83                             2468     2468     1288         0
                text82                             87F0     87F0      24E         0
                text81                             8FEE     8FEE      1BE         0
                text80                             BCF2     BCF2       1C         0
                text79                             BBF2     BBF2       30         0
                text78                             B6B2     B6B2       4C         0
                text77                             BD4E     BD4E       14         0
                text76                             BCD6     BCD6       1C         0
                text75                             BD3A     BD3A       14         0
                text74                             BD26     BD26       14         0
                text73                             A9AE     A9AE       A6         0
                text72                             664E     664E      486         0
                text71                             AB9C     AB9C       A4         0
                text70                             5638     5638      844         0
                text69                             B91C     B91C       42         0
                text68                             B612     B612       54         0
                text67                             BC9C     BC9C       1E         0
                text66                             B8DA     B8DA       42         0
                text65                             BA16     BA16       3A         0
                text64                             ADFA     ADFA       92         0
                text63                             7790     7790      3FA         0
                text62                             AAF8     AAF8       A4         0
                text61                             AA54     AA54       A4         0
                text60                             B128     B128       76         0
                text59                             AD68     AD68       92         0
                text58                             9CC6     9CC6      116         0
                text57                             B78E     B78E       44         0
                text56                             4496     4496      90A         0
                text55                             BC22     BC22       2C         0
                text54                             8292     8292      2CA         0
                text53                             94FA     94FA      184         0
                text52                             9A4E     9A4E      13E         0
                text51                             B6FE     B6FE       48         0
                text50                             B0B0     B0B0       78         0
                text49                             5E7C     5E7C      7D2         0
                text48                             9FF8     9FF8      108         0
                text47                             9EF0     9EF0      108         0
                text46                             B898     B898       42         0
                text45                             B49A     B49A       6A         0
                text44                             A772     A772       C8         0
                text43                             8A3E     8A3E      218         0
                text42                             B568     B568       56         0
                text41                             BAF6     BAF6       36         0
                text40                             B3C4     B3C4       6C         0
                text39                             B5BE     B5BE       54         0
                text38                             9B8C     9B8C      13A         0
                text37                             B9DC     B9DC       3A         0
                text36                             8E2C     8E2C      1C2         0
                text35                             BAC0     BAC0       36         0
                text34                             7370     7370      420         0
                text33                             BC76     BC76       26         0
                text32                             6F22     6F22      44E         0
                text31                             BBC2     BBC2       30         0
                text30                             BB2C     BB2C       34         0
                text29                             BB92     BB92       30         0
                text28                             BA8A     BA8A       36         0
                text27                             AE8C     AE8C       90         0
                text26                             7F74     7F74      31E         0
                text25                             B666     B666       4C         0
                text24                             8C56     8C56      1D6         0
                text23                             A4E6     A4E6       E2         0
                text22                             B358     B358       6C         0
                text21                             ACD6     ACD6       92         0
                text20                             A6A4     A6A4       CE         0
                text19                             B02C     B02C       84         0
                text18                              2B0      2B0     21B8         0
                text17                             B856     B856       42         0
                text16                             B2EC     B2EC       6C         0
                text15                             97C8     97C8      146         0
                text14                             6AD4     6AD4      44E         0
                text13                             7B8A     7B8A      3EA         0
                text12                             91AC     91AC      1AC         0
                text11                             B430     B430       6A         0
                text10                             B212     B212       6E         0
                text9                              BC4E     BC4E       28         0
                text8                              AC40     AC40       96         0
                text7                              B814     B814       42         0
                text6                              B280     B280       6C         0
                text5                              B7D2     B7D2       42         0
                text4                              990E     990E      140         0
                text3                              36F0     36F0      DA6         0
                text2                              9DDC     9DDC      114         0
                text1                              4DA0     4DA0      898         0
                text0                              9358     9358      1A2         0
                cinit                              967E     967E      14A         0
                idataBANK6                         A5C8     A5C8       DC         0
                idataBANK5                         BCBA     BCBA       1C         0
                idataBANK4                         A2FD     A2FD       F8         0
                idataBANK3                         A100     A100       FF         0
                idataBANK2                         A3F5     A3F5       F1         0
                idataBANK1                         A1FF     A1FF       FE         0
                idataBANK0                         B746     B746       47         0

        CLASS   CONST          

        CLASS   SMALLCONST     

        CLASS   MEDIUMCONST    
                mediumconst                        F29A     F29A      D66         0

        CLASS   COMRAM         
                temp                                 51       51        1         1
                cstackCOMRAM                          1        1       33         1
                bssCOMRAM                            34       34       1D         1

        CLASS   ABS1           

        CLASS   BIGRAM         
                bssBIGRAM                           8C8      8C8      108         1

        CLASS   RAM            

        CLASS   BANK0          
                cstackBANK0                          FF       FF        1         1
                dataBANK0                            B8       B8       47         1
                bssBANK0                             60       60       58         1

        CLASS   BANK1          
                cstackBANK1                         1FE      1FE        2         1
                dataBANK1                           100      100       FE         1

        CLASS   BANK2          
                cstackBANK2                         2FC      2FC        4         1
                dataBANK2                           200      200       F1         1
                bssBANK2                            2F1      2F1        B         1

        CLASS   BANK3          
                dataBANK3                           300      300       FF         1

        CLASS   BANK4          
                cstackBANK4                         4F8      4F8        6         1
                dataBANK4                           400      400       F8         1

        CLASS   BANK5          
                cstackBANK5                         5F8      5F8        5         1
                dataBANK5                           5DC      5DC       1C         1
                bssBANK5                            500      500       DC         1

        CLASS   BANK6          
                cstackBANK6                         6DC      6DC        A         1
                dataBANK6                           600      600       DC         1

        CLASS   BANK7          
                bssBANK7                            700      700       DC         1

        CLASS   BANK8          
                bssBANK8                            800      800       C8         1

        CLASS   BANK9          

        CLASS   BANK10         

        CLASS   BANK11         

        CLASS   BANK12         

        CLASS   BANK13         

        CLASS   SFR            

        CLASS   BIGSFR         

        CLASS   CONFIG         
                config                           300000   300000        C         4

        CLASS   IDLOC          
                idloc                            200000   200000       10         5

        CLASS   EEDATA         
                eeprom_data                      310000   310000      400         0

        CLASS   FARRAM         

        CLASS   HEAP           

        CLASS   STACK          



SEGMENTS        Name                           Load    Length   Top    Selector   Space  Class

                reset_vec                      000000  000004  000004         0       0  CODE    
                cstackCOMRAM                   000001  000051  000052         1       1  COMRAM  
                intcode                        000008  000006  00000E         4       0  CODE    
                intcodelo                      000018  00B775  00B78D         C       0  CODE    
                bssBANK0                       000060  0000A0  000100        60       1  BANK0   
                dataBANK1                      000100  000100  000200       100       1  BANK1   
                dataBANK2                      000200  000100  000300       200       1  BANK2   
                dataBANK3                      000300  0000FF  0003FF       300       1  BANK3   
                dataBANK4                      000400  0000FE  0004FE       400       1  BANK4   
                bssBANK5                       000500  0000FD  0005FD       500       1  BANK5   
                dataBANK6                      000600  0000E6  0006E6       600       1  BANK6   
                bssBANK7                       000700  0000DC  0007DC       700       1  BANK7   
                bssBANK8                       000800  0000C8  0008C8       800       1  BANK8   
                bssBIGRAM                      0008C8  000108  0009D0       8C8       1  BIGRAM  
                text57                         00B78E  00060C  00BD9A      5BC7       0  CODE    
                mediumconst                    00F29A  000D66  010000      794D       0  MEDIUMCO
                eeprom_data                    310000  000400  310400    310000       0  EEDATA  


UNUSED ADDRESS RANGES

        Name                Unused          Largest block    Delta
        BANK10           000A00-000AFF              100
        BANK11           000B00-000BFF              100
        BANK12           000C00-000CFF              100
        BANK13           000D00-000DE9               EA
        BANK3            0003FF-0003FF                1
        BANK4            0004FE-0004FF                2
        BANK5            0005FD-0005FF                3
        BANK6            0006E6-0006FF               1A
        BANK7            0007DC-0007FF               24
        BANK9            0009D0-0009FF               30
        BIGRAM           000052-00005F                E
                         0003FF-0003FF                1
                         0004FE-0004FF                2
                         0005FD-0005FF                3
                         0006E6-0006FF               1A
                         0007DC-0007FF               24
                         0009D0-000DE9              41A
        BIGSFR           000DEF-000FFF              211
        CODE             000004-000007                4
                         00000E-000017                A
                         00B78D-00B78D                1
                         00BD9A-00F299             3500
        COMRAM           000052-00005F                E
        CONST            000004-000007                4
                         00000E-000017                A
                         00B78D-00B78D                1
                         00BD9A-00F299             3500
        MEDIUMCONST      00B78D-00B78D                1
                         00BD9A-00F299             3500
        RAM              0003FF-0003FF                1
                         0004FE-0004FF                2
                         0005FD-0005FF                3
                         0006E6-0006FF               1A
                         0007DC-0007FF               24
                         0009D0-000DE9              100
        SFR              000DEF-000FFF              100
        SMALLCONST       00B78D-00B78D                1
                         00BD9A-00F299              100

                                  Symbol Table

?___awdiv                                                 cstackCOMRAM 00000F
?___awmod                                                 cstackCOMRAM 000021
?___lldiv                                                 cstackCOMRAM 00000F
?___lmul                                                  cstackCOMRAM 00000F
?___lwdiv                                                 cstackCOMRAM 000015
?___lwmod                                                 cstackCOMRAM 00000F
?___wmul                                                  cstackCOMRAM 00000F
?_days                                                    cstackCOMRAM 000014
?_getADCResult                                            cstackCOMRAM 000011
?_rand                                                    cstackCOMRAM 00001B
?_readActiveSleepCountFromEeprom                          cstackCOMRAM 000019
?_readRemainingFertigationOnPeriodFromEeprom              cstackCOMRAM 000019
?_strlen                                                  cstackCOMRAM 00000F
?_strncmp                                                 cstackCOMRAM 00000F
_ADACQ                                                    (abs)        000F5C
_ADACT                                                    (abs)        000F56
_ADCAP                                                    (abs)        000F5D
_ADCON0bits                                               (abs)        000F60
_ADCON1                                                   (abs)        000F59
_ADCON2                                                   (abs)        000F5A
_ADCON3                                                   (abs)        000F5B
_ADPCH                                                    (abs)        000F5F
_ADREF                                                    (abs)        000F58
_ADRESH                                                   (abs)        000F64
_ADRESL                                                   (abs)        000F63
_ADRPT                                                    (abs)        000F66
_ANSELA                                                   (abs)        000E92
_ANSELB                                                   (abs)        000E9A
_ANSELD                                                   (abs)        000EA7
_ANSELE                                                   (abs)        000EAF
_ANSELF                                                   (abs)        000EB4
_ANSELG                                                   (abs)        000EBC
_BAUD3CON                                                 (abs)        000EF0
_BSR                                                      (abs)        000FE0
_CPUDOZEbits                                              (abs)        000E42
_DeviceBurnStatus                                         bssBANK0     000076
_INLVLA                                                   (abs)        000E8E
_INLVLB                                                   (abs)        000E96
_INLVLC                                                   (abs)        000E9E
_INLVLD                                                   (abs)        000EA3
_INLVLE                                                   (abs)        000EAB
_INLVLF                                                   (abs)        000EB0
_INLVLG                                                   (abs)        000EB8
_INLVLH                                                   (abs)        000EBD
_INTCONbits                                               (abs)        000FF2
_IOCEF                                                    (abs)        000EA8
_IOCEF5                                                   (abs)        007545
_IOCEF6                                                   (abs)        007546
_IOCEF7                                                   (abs)        007547
_IOCEN                                                    (abs)        000EA9
_IOCEP                                                    (abs)        000EAA
_IPR0bits                                                 (abs)        000E1F
_IPR4bits                                                 (abs)        000E23
_IPR5bits                                                 (abs)        000E24
_LATA                                                     (abs)        000F79
_LATB                                                     (abs)        000F7A
_LATC                                                     (abs)        000F7B
_LATD                                                     (abs)        000F7C
_LATE                                                     (abs)        000F7D
_LATF                                                     (abs)        000F7E
_LATG                                                     (abs)        000F7F
_LATH                                                     (abs)        000F80
_NVMADRH                                                  (abs)        000F75
_NVMADRL                                                  (abs)        000F74
_NVMCON1bits                                              (abs)        000F77
_NVMCON2                                                  (abs)        000F78
_NVMDAT                                                   (abs)        000F76
_ODCONA                                                   (abs)        000E90
_ODCONB                                                   (abs)        000E98
_ODCONC                                                   (abs)        000EA0
_ODCOND                                                   (abs)        000EA5
_ODCONE                                                   (abs)        000EAD
_ODCONF                                                   (abs)        000EB2
_ODCONG                                                   (abs)        000EBA
_ODCONH                                                   (abs)        000EBF
_OSCENbits                                                (abs)        000E47
_PCON0bits                                                (abs)        000FD7
_PIE0bits                                                 (abs)        000E29
_PIE4bits                                                 (abs)        000E2D
_PIE5bits                                                 (abs)        000E2E
_PIR0bits                                                 (abs)        000E33
_PIR4bits                                                 (abs)        000E37
_PIR5bits                                                 (abs)        000E38
_PORTAbits                                                (abs)        000F89
_PORTBbits                                                (abs)        000F8A
_PORTCbits                                                (abs)        000F8B
_PORTDbits                                                (abs)        000F8C
_PORTEbits                                                (abs)        000F8D
_PORTFbits                                                (abs)        000F8E
_PORTGbits                                                (abs)        000F8F
_PORTH                                                    (abs)        000F90
_RC3REG                                                   (abs)        000EEA
_RC3STA                                                   (abs)        000EEE
_RC3STAbits                                               (abs)        000EEE
_RD5PPS                                                   (abs)        000E6F
_RD6PPS                                                   (abs)        000E70
_RE0PPS                                                   (abs)        000E72
_RE1PPS                                                   (abs)        000E73
_SLRCONA                                                  (abs)        000E8F
_SLRCONB                                                  (abs)        000E97
_SLRCONC                                                  (abs)        000E9F
_SLRCOND                                                  (abs)        000EA4
_SLRCONE                                                  (abs)        000EAC
_SLRCONF                                                  (abs)        000EB1
_SLRCONG                                                  (abs)        000EB9
_SLRCONH                                                  (abs)        000EBE
_SP3BRG                                                   (abs)        000EEC
_SSP2ADD                                                  (abs)        000ED6
_SSP2BUF                                                  (abs)        000ED5
_SSP2CLKPPS                                               (abs)        000E1C
_SSP2CON1                                                 (abs)        000ED9
_SSP2CON2                                                 (abs)        000EDA
_SSP2CON2bits                                             (abs)        000EDA
_SSP2DATPPS                                               (abs)        000E1D
_SSP2STAT                                                 (abs)        000ED8
_SSP2STATbits                                             (abs)        000ED8
_SmsAU1                                                   mediumconst  00FDF6
_SmsAU2                                                   mediumconst  00F936
_SmsAU3                                                   mediumconst  00FE0D
_SmsAU4                                                   mediumconst  00F725
_SmsConnect                                               mediumconst  00FE49
_SmsDR1                                                   mediumconst  00F304
_SmsDR2                                                   mediumconst  00F389
_SmsDR3                                                   mediumconst  00F46D
_SmsDR4                                                   mediumconst  00F401
_SmsFact1                                                 mediumconst  00FE5A
_SmsFert1                                                 mediumconst  00F6E5
_SmsFert2                                                 mediumconst  00F8FE
_SmsFert3                                                 mediumconst  00FC21
_SmsFert4                                                 mediumconst  00FBBA
_SmsFert5                                                 mediumconst  00FBFF
_SmsFert6                                                 mediumconst  00FBDD
_SmsFilt1                                                 mediumconst  00FD79
_SmsFilt2                                                 mediumconst  00FD26
_SmsFilt3                                                 mediumconst  00FCC7
_SmsFilt4                                                 mediumconst  00FD5E
_SmsIrr1                                                  mediumconst  00FB73
_SmsIrr2                                                  mediumconst  00F9CC
_SmsIrr3                                                  mediumconst  00FB02
_SmsIrr4                                                  mediumconst  00FCA6
_SmsIrr5                                                  mediumconst  00FC85
_SmsIrr6                                                  mediumconst  00F7DD
_SmsIrr7                                                  mediumconst  00FE78
_SmsMS1                                                   mediumconst  00F765
_SmsMS2                                                   mediumconst  00FA5A
_SmsMS3                                                   mediumconst  00FADA
_SmsMotor1                                                mediumconst  00F854
_SmsMotor2                                                mediumconst  00FB97
_SmsMotor3                                                mediumconst  00FA2B
_SmsMotor4                                                mediumconst  00F99B
_SmsPh1                                                   mediumconst  00F9FC
_SmsPh2                                                   mediumconst  00F6A0
_SmsPh3                                                   mediumconst  00FDC6
_SmsPh4                                                   mediumconst  00FDAD
_SmsPh5                                                   mediumconst  00FD94
_SmsPh6                                                   mediumconst  00FE23
_SmsPwd1                                                  mediumconst  00FCE7
_SmsPwd2                                                  mediumconst  00F2ED
_SmsPwd3                                                  mediumconst  00FDDF
_SmsRTC1                                                  mediumconst  00F969
_SmsRTC2                                                  mediumconst  00FA88
_SmsRTC3                                                  mediumconst  00F8C6
_SmsRTC4                                                  mediumconst  00F88E
_SmsSR01                                                  mediumconst  00F7A1
_SmsSR02                                                  mediumconst  00F526
_SmsSR03                                                  mediumconst  00F5C1
_SmsSR04                                                  mediumconst  00F574
_SmsSR05                                                  mediumconst  00F4D4
_SmsSR06                                                  mediumconst  00F656
_SmsSR07                                                  mediumconst  00F60C
_SmsSR08                                                  mediumconst  00FB2A
_SmsSR09                                                  mediumconst  00FD07
_SmsSR10                                                  mediumconst  00FB4F
_SmsSR11                                                  mediumconst  00FAB1
_SmsSR12                                                  mediumconst  00FC64
_SmsSR13                                                  mediumconst  00FC43
_SmsSR14                                                  mediumconst  00F819
_SmsSR15                                                  mediumconst  00F29B
_SmsT1                                                    mediumconst  00FD43
_SmsT2                                                    mediumconst  00FE69
_SmsTest                                                  mediumconst  00FE36
_T0CON0                                                   (abs)        000FD5
_T0CON0bits                                               (abs)        000FD5
_T0CON1                                                   (abs)        000FD6
_T1CON                                                    (abs)        000FCF
_T1CONbits                                                (abs)        000FCF
_T3CON                                                    (abs)        000FC9
_T3CONbits                                                (abs)        000FC9
_TMR0H                                                    (abs)        000FD4
_TMR0L                                                    (abs)        000FD3
_TMR1CLK                                                  (abs)        000FD2
_TMR1H                                                    (abs)        000FCE
_TMR1L                                                    (abs)        000FCD
_TMR3CLK                                                  (abs)        000FCC
_TMR3H                                                    (abs)        000FC8
_TMR3L                                                    (abs)        000FC7
_TRISA                                                    (abs)        000F81
_TRISB                                                    (abs)        000F82
_TRISC                                                    (abs)        000F83
_TRISD                                                    (abs)        000F84
_TRISE                                                    (abs)        000F85
_TRISF                                                    (abs)        000F86
_TRISG                                                    (abs)        000F87
_TRISH                                                    (abs)        000F88
_TX3REG                                                   (abs)        000EEB
_TX3STA                                                   (abs)        000EEF
_Timer0Overflow                                           bssCOMRAM    000044
_Timer1Overflow                                           bssBANK0     00006E
_Timer3Overflow                                           bssBANK0     00006D
_WDTCON0bits                                              (abs)        000E3D
_WPUA                                                     (abs)        000E91
_WPUB                                                     (abs)        000E99
_WPUC                                                     (abs)        000EA1
_WPUD                                                     (abs)        000EA6
_WPUE                                                     (abs)        000EAE
_WPUF                                                     (abs)        000EB3
_WPUG                                                     (abs)        000EBB
_WPUH                                                     (abs)        000EC0
__HRAM                                                    (abs)        000000
__Habs1                                                   abs1         000000
__Hbank0                                                  bank0        000000
__Hbank1                                                  bank1        000000
__Hbank10                                                 bank10       000000
__Hbank11                                                 bank11       000000
__Hbank12                                                 bank12       000000
__Hbank13                                                 bank13       000000
__Hbank2                                                  bank2        000000
__Hbank3                                                  bank3        000000
__Hbank4                                                  bank4        000000
__Hbank5                                                  bank5        000000
__Hbank6                                                  bank6        000000
__Hbank7                                                  bank7        000000
__Hbank8                                                  bank8        000000
__Hbank9                                                  bank9        000000
__Hbigbss                                                 bigbss       000000
__Hbigdata                                                bigdata      000000
__Hbigram                                                 bigram       000000
__Hbigsfr                                                 bigsfr       000000
__Hbss                                                    bss          000000
__HbssBANK0                                               bssBANK0     000000
__HbssBANK2                                               bssBANK2     000000
__HbssBANK5                                               bssBANK5     000000
__HbssBANK7                                               bssBANK7     000000
__HbssBANK8                                               bssBANK8     000000
__HbssBIGRAM                                              bssBIGRAM    000000
__HbssCOMRAM                                              bssCOMRAM    000000
__Hcinit                                                  cinit        000000
__Hclrtext                                                clrtext      000000
__Hcomram                                                 comram       000000
__Hconfig                                                 config       30000C
__Hconst                                                  const        000000
__HcstackBANK0                                            cstackBANK0  000000
__HcstackBANK1                                            cstackBANK1  000000
__HcstackBANK2                                            cstackBANK2  000000
__HcstackBANK4                                            cstackBANK4  000000
__HcstackBANK5                                            cstackBANK5  000000
__HcstackBANK6                                            cstackBANK6  000000
__HcstackCOMRAM                                           cstackCOMRAM 000000
__Hdata                                                   data         000000
__HdataBANK0                                              dataBANK0    000000
__HdataBANK1                                              dataBANK1    000000
__HdataBANK2                                              dataBANK2    000000
__HdataBANK3                                              dataBANK3    000000
__HdataBANK4                                              dataBANK4    000000
__HdataBANK5                                              dataBANK5    000000
__HdataBANK6                                              dataBANK6    000000
__Heeprom_data                                            eeprom_data  310400
__Hfarbss                                                 farbss       000000
__Hfardata                                                fardata      000000
__Hheap                                                   heap         000000
__Hibigdata                                               ibigdata     000000
__Hidata                                                  idata        000000
__HidataBANK0                                             idataBANK0   000000
__HidataBANK1                                             idataBANK1   000000
__HidataBANK2                                             idataBANK2   000000
__HidataBANK3                                             idataBANK3   000000
__HidataBANK4                                             idataBANK4   000000
__HidataBANK5                                             idataBANK5   000000
__HidataBANK6                                             idataBANK6   000000
__Hidloc                                                  idloc        200010
__Hifardata                                               ifardata     000000
__Hinit                                                   init         0002B0
__Hintcode                                                intcode      00000E
__Hintcode_body                                           intcode_body 000000
__Hintcodelo                                              intcodelo    0002AC
__Hintentry                                               intentry     000000
__Hintret                                                 intret       000000
__Hintsave_regs                                           intsave_regs 000000
__Hirdata                                                 irdata       000000
__Hmediumconst                                            mediumconst  010000
__HnvFARRAM                                               nvFARRAM     000000
__Hnvbit                                                  nvbit        000000
__Hnvrram                                                 nvrram       000000
__Hparam                                                  rparam       000000
__Hpowerup                                                powerup      0002AC
__Hram                                                    ram          000000
__Hramtop                                                 ramtop       000E00
__Hrbit                                                   rbit         000000
__Hrbss                                                   rbss         000000
__Hrdata                                                  rdata        000000
__Hreset_vec                                              reset_vec    000004
__Hrparam                                                 rparam       000000
__Hsfr                                                    sfr          000000
__Hsmallconst                                             smallconst   000000
__Hspace_0                                                (abs)        310400
__Hspace_1                                                (abs)        0009D0
__Hspace_2                                                (abs)        000000
__Hspace_4                                                (abs)        60000C
__Hstack                                                  stack        000000
__Hstruct                                                 struct       000000
__Htemp                                                   temp         000052
__Htext                                                   text         000000
__Htext0                                                  text0        000000
__Htext1                                                  text1        000000
__Htext10                                                 text10       000000
__Htext11                                                 text11       000000
__Htext12                                                 text12       000000
__Htext13                                                 text13       000000
__Htext14                                                 text14       000000
__Htext15                                                 text15       000000
__Htext16                                                 text16       000000
__Htext17                                                 text17       000000
__Htext18                                                 text18       000000
__Htext19                                                 text19       000000
__Htext2                                                  text2        000000
__Htext20                                                 text20       000000
__Htext21                                                 text21       000000
__Htext22                                                 text22       000000
__Htext23                                                 text23       000000
__Htext24                                                 text24       000000
__Htext25                                                 text25       000000
__Htext26                                                 text26       000000
__Htext27                                                 text27       000000
__Htext28                                                 text28       000000
__Htext29                                                 text29       000000
__Htext3                                                  text3        000000
__Htext30                                                 text30       000000
__Htext31                                                 text31       000000
__Htext32                                                 text32       000000
__Htext33                                                 text33       000000
__Htext34                                                 text34       000000
__Htext35                                                 text35       000000
__Htext36                                                 text36       000000
__Htext37                                                 text37       000000
__Htext38                                                 text38       000000
__Htext39                                                 text39       000000
__Htext4                                                  text4        000000
__Htext40                                                 text40       000000
__Htext41                                                 text41       000000
__Htext42                                                 text42       000000
__Htext43                                                 text43       000000
__Htext44                                                 text44       000000
__Htext45                                                 text45       000000
__Htext46                                                 text46       000000
__Htext47                                                 text47       000000
__Htext48                                                 text48       000000
__Htext49                                                 text49       000000
__Htext5                                                  text5        000000
__Htext50                                                 text50       000000
__Htext51                                                 text51       000000
__Htext52                                                 text52       000000
__Htext53                                                 text53       000000
__Htext54                                                 text54       000000
__Htext55                                                 text55       000000
__Htext56                                                 text56       000000
__Htext57                                                 text57       000000
__Htext58                                                 text58       000000
__Htext59                                                 text59       000000
__Htext6                                                  text6        000000
__Htext60                                                 text60       000000
__Htext61                                                 text61       000000
__Htext62                                                 text62       000000
__Htext63                                                 text63       000000
__Htext64                                                 text64       000000
__Htext65                                                 text65       000000
__Htext66                                                 text66       000000
__Htext67                                                 text67       000000
__Htext68                                                 text68       000000
__Htext69                                                 text69       000000
__Htext7                                                  text7        000000
__Htext70                                                 text70       000000
__Htext71                                                 text71       000000
__Htext72                                                 text72       000000
__Htext73                                                 text73       000000
__Htext74                                                 text74       000000
__Htext75                                                 text75       000000
__Htext76                                                 text76       000000
__Htext77                                                 text77       000000
__Htext78                                                 text78       000000
__Htext79                                                 text79       000000
__Htext8                                                  text8        000000
__Htext80                                                 text80       000000
__Htext81                                                 text81       000000
__Htext82                                                 text82       000000
__Htext83                                                 text83       000000
__Htext84                                                 text84       000000
__Htext85                                                 text85       000000
__Htext86                                                 text86       000000
__Htext87                                                 text87       000000
__Htext88                                                 text88       000000
__Htext89                                                 text89       000000
__Htext9                                                  text9        000000
__Htext90                                                 text90       000000
__Htext91                                                 text91       000000
__Htext92                                                 text92       000000
__Htext93                                                 text93       000000
__Htext94                                                 text94       000000
__Htext97                                                 text97       000000
__Htext98                                                 text98       000000
__Htext99                                                 text99       000000
__LRAM                                                    (abs)        000001
__Labs1                                                   abs1         000000
__Lbank0                                                  bank0        000000
__Lbank1                                                  bank1        000000
__Lbank10                                                 bank10       000000
__Lbank11                                                 bank11       000000
__Lbank12                                                 bank12       000000
__Lbank13                                                 bank13       000000
__Lbank2                                                  bank2        000000
__Lbank3                                                  bank3        000000
__Lbank4                                                  bank4        000000
__Lbank5                                                  bank5        000000
__Lbank6                                                  bank6        000000
__Lbank7                                                  bank7        000000
__Lbank8                                                  bank8        000000
__Lbank9                                                  bank9        000000
__Lbigbss                                                 bigbss       000000
__Lbigdata                                                bigdata      000000
__Lbigram                                                 bigram       000000
__Lbigsfr                                                 bigsfr       000000
__Lbss                                                    bss          000000
__LbssBANK0                                               bssBANK0     000000
__LbssBANK2                                               bssBANK2     000000
__LbssBANK5                                               bssBANK5     000000
__LbssBANK7                                               bssBANK7     000000
__LbssBANK8                                               bssBANK8     000000
__LbssBIGRAM                                              bssBIGRAM    000000
__LbssCOMRAM                                              bssCOMRAM    000000
__Lcinit                                                  cinit        000000
__Lclrtext                                                clrtext      000000
__Lcomram                                                 comram       000000
__Lconfig                                                 config       000000
__Lconst                                                  const        000000
__LcstackBANK0                                            cstackBANK0  000000
__LcstackBANK1                                            cstackBANK1  000000
__LcstackBANK2                                            cstackBANK2  000000
__LcstackBANK4                                            cstackBANK4  000000
__LcstackBANK5                                            cstackBANK5  000000
__LcstackBANK6                                            cstackBANK6  000000
__LcstackCOMRAM                                           cstackCOMRAM 000000
__Ldata                                                   data         000000
__LdataBANK0                                              dataBANK0    000000
__LdataBANK1                                              dataBANK1    000000
__LdataBANK2                                              dataBANK2    000000
__LdataBANK3                                              dataBANK3    000000
__LdataBANK4                                              dataBANK4    000000
__LdataBANK5                                              dataBANK5    000000
__LdataBANK6                                              dataBANK6    000000
__Leeprom_data                                            eeprom_data  310000
__Lfarbss                                                 farbss       000000
__Lfardata                                                fardata      000000
__Lheap                                                   heap         000000
__Libigdata                                               ibigdata     000000
__Lidata                                                  idata        000000
__LidataBANK0                                             idataBANK0   000000
__LidataBANK1                                             idataBANK1   000000
__LidataBANK2                                             idataBANK2   000000
__LidataBANK3                                             idataBANK3   000000
__LidataBANK4                                             idataBANK4   000000
__LidataBANK5                                             idataBANK5   000000
__LidataBANK6                                             idataBANK6   000000
__Lidloc                                                  idloc        000000
__Lifardata                                               ifardata     000000
__Linit                                                   init         0002AC
__Lintcode                                                intcode      000008
__Lintcode_body                                           intcode_body 000000
__Lintcodelo                                              intcodelo    000018
__Lintentry                                               intentry     000000
__Lintret                                                 intret       000000
__Lintsave_regs                                           intsave_regs 000000
__Lirdata                                                 irdata       000000
__Lmediumconst                                            mediumconst  00F29A
__LnvFARRAM                                               nvFARRAM     000000
__Lnvbit                                                  nvbit        000000
__Lnvrram                                                 nvrram       000000
__Lparam                                                  rparam       000000
__Lpowerup                                                powerup      0002AC
__Lram                                                    ram          000000
__Lramtop                                                 ramtop       000E00
__Lrbit                                                   rbit         000000
__Lrbss                                                   rbss         000000
__Lrdata                                                  rdata        000000
__Lreset_vec                                              reset_vec    000000
__Lrparam                                                 rparam       000000
__Lsfr                                                    sfr          000000
__Lsmallconst                                             smallconst   000000
__Lspace_0                                                (abs)        000000
__Lspace_1                                                (abs)        000000
__Lspace_2                                                (abs)        000000
__Lspace_4                                                (abs)        000000
__Lstack                                                  stack        000000
__Lstruct                                                 struct       000000
__Ltemp                                                   temp         000051
__Ltext                                                   text         000000
__Ltext0                                                  text0        000000
__Ltext1                                                  text1        000000
__Ltext10                                                 text10       000000
__Ltext11                                                 text11       000000
__Ltext12                                                 text12       000000
__Ltext13                                                 text13       000000
__Ltext14                                                 text14       000000
__Ltext15                                                 text15       000000
__Ltext16                                                 text16       000000
__Ltext17                                                 text17       000000
__Ltext18                                                 text18       000000
__Ltext19                                                 text19       000000
__Ltext2                                                  text2        000000
__Ltext20                                                 text20       000000
__Ltext21                                                 text21       000000
__Ltext22                                                 text22       000000
__Ltext23                                                 text23       000000
__Ltext24                                                 text24       000000
__Ltext25                                                 text25       000000
__Ltext26                                                 text26       000000
__Ltext27                                                 text27       000000
__Ltext28                                                 text28       000000
__Ltext29                                                 text29       000000
__Ltext3                                                  text3        000000
__Ltext30                                                 text30       000000
__Ltext31                                                 text31       000000
__Ltext32                                                 text32       000000
__Ltext33                                                 text33       000000
__Ltext34                                                 text34       000000
__Ltext35                                                 text35       000000
__Ltext36                                                 text36       000000
__Ltext37                                                 text37       000000
__Ltext38                                                 text38       000000
__Ltext39                                                 text39       000000
__Ltext4                                                  text4        000000
__Ltext40                                                 text40       000000
__Ltext41                                                 text41       000000
__Ltext42                                                 text42       000000
__Ltext43                                                 text43       000000
__Ltext44                                                 text44       000000
__Ltext45                                                 text45       000000
__Ltext46                                                 text46       000000
__Ltext47                                                 text47       000000
__Ltext48                                                 text48       000000
__Ltext49                                                 text49       000000
__Ltext5                                                  text5        000000
__Ltext50                                                 text50       000000
__Ltext51                                                 text51       000000
__Ltext52                                                 text52       000000
__Ltext53                                                 text53       000000
__Ltext54                                                 text54       000000
__Ltext55                                                 text55       000000
__Ltext56                                                 text56       000000
__Ltext57                                                 text57       000000
__Ltext58                                                 text58       000000
__Ltext59                                                 text59       000000
__Ltext6                                                  text6        000000
__Ltext60                                                 text60       000000
__Ltext61                                                 text61       000000
__Ltext62                                                 text62       000000
__Ltext63                                                 text63       000000
__Ltext64                                                 text64       000000
__Ltext65                                                 text65       000000
__Ltext66                                                 text66       000000
__Ltext67                                                 text67       000000
__Ltext68                                                 text68       000000
__Ltext69                                                 text69       000000
__Ltext7                                                  text7        000000
__Ltext70                                                 text70       000000
__Ltext71                                                 text71       000000
__Ltext72                                                 text72       000000
__Ltext73                                                 text73       000000
__Ltext74                                                 text74       000000
__Ltext75                                                 text75       000000
__Ltext76                                                 text76       000000
__Ltext77                                                 text77       000000
__Ltext78                                                 text78       000000
__Ltext79                                                 text79       000000
__Ltext8                                                  text8        000000
__Ltext80                                                 text80       000000
__Ltext81                                                 text81       000000
__Ltext82                                                 text82       000000
__Ltext83                                                 text83       000000
__Ltext84                                                 text84       000000
__Ltext85                                                 text85       000000
__Ltext86                                                 text86       000000
__Ltext87                                                 text87       000000
__Ltext88                                                 text88       000000
__Ltext89                                                 text89       000000
__Ltext9                                                  text9        000000
__Ltext90                                                 text90       000000
__Ltext91                                                 text91       000000
__Ltext92                                                 text92       000000
__Ltext93                                                 text93       000000
__Ltext94                                                 text94       000000
__Ltext97                                                 text97       000000
__Ltext98                                                 text98       000000
__Ltext99                                                 text99       000000
__S0                                                      (abs)        310400
__S1                                                      (abs)        0009D0
__S4                                                      (abs)        000000
__S5                                                      (abs)        000000
___awdiv                                                  text91       00A83A
___awdiv@counter                                          cstackCOMRAM 000013
___awdiv@dividend                                         cstackCOMRAM 00000F
___awdiv@divisor                                          cstackCOMRAM 000011
___awdiv@quotient                                         cstackCOMRAM 000015
___awdiv@sign                                             cstackCOMRAM 000014
___awmod                                                  text90       00A8FE
___awmod@counter                                          cstackCOMRAM 000025
___awmod@dividend                                         cstackCOMRAM 000021
___awmod@divisor                                          cstackCOMRAM 000023
___awmod@sign                                             cstackCOMRAM 000026
___heap_hi                                                (abs)        000000
___heap_lo                                                (abs)        000000
___inthi_sp                                               stack        000000
___intlo_sp                                               stack        000000
___lldiv                                                  text71       00AB9C
___lldiv@counter                                          cstackCOMRAM 00001B
[...]
eepromRead@address                                        cstackCOMRAM 000017
eepromWrite@address                                       cstackCOMRAM 00000F
eepromWrite@data                                          cstackCOMRAM 000011
end_of_initialization                                     cinit        0097BA
extractReceivedSms@count                                  cstackBANK5  0005FA
extractReceivedSms@digit                                  cstackBANK5  0005FB
extractReceivedSms@onHour                                 cstackBANK5  0005F8
extractReceivedSms@onMinute                               cstackBANK5  0005F9
fetchFieldNo@index                                        cstackCOMRAM 000010
getADCResult@adcResult                                    cstackCOMRAM 000015
getDateFromGSM@index                                      cstackCOMRAM 000019
getDueDate@F14803                                         dataBANK4    000454
getDueDate@days                                           cstackCOMRAM 000032
getDueDate@firstMonth                                     cstackCOMRAM 000028
getDueDate@lastMonth                                      cstackCOMRAM 000029
getDueDate@leapYearDays                                   cstackCOMRAM 00002C
getDueDate@month                                          cstackCOMRAM 00001B
getDueDate@offset                                         cstackCOMRAM 000030
getDueDate@remDays                                        cstackCOMRAM 00002A
getDueDate@yearDays                                       cstackCOMRAM 00002E
i2_myMsDelay                                              text98       00AFA4
i2_setBCDdigit                                            text97       00BD88
i2cRead@ACK                                               cstackCOMRAM 000010
i2cRead@temp                                              cstackCOMRAM 000011
i2cSend@dat                                               cstackCOMRAM 000010
i2myMsDelay@calibrated                                    cstackCOMRAM 000003
i2myMsDelay@itr1                                          cstackCOMRAM 000005
i2myMsDelay@itr2                                          cstackCOMRAM 000007
i2myMsDelay@mSec                                          cstackCOMRAM 000001
i2setBCDdigit@digit                                       cstackCOMRAM 000002
i2setBCDdigit@dp_1                                        cstackCOMRAM 000001
int$flags                                                 temp         000051
int_func                                                  intcode_body 00855C
intlevel0                                                 text         000000
intlevel1                                                 text         000000
intlevel2                                                 text         000000
intlevel3                                                 text         000000
isBase64String@s                                          cstackCOMRAM 000012
isBase64String@string                                     cstackCOMRAM 00000F
isFieldMoistureSensorWet@FieldNo                          cstackCOMRAM 00002B
isFieldMoistureSensorWet@avg                              cstackCOMRAM 000026
isFieldMoistureSensorWet@constant                         cstackCOMRAM 000022
isFieldMoistureSensorWet@itr                              cstackCOMRAM 00002C
isFieldMoistureSensorWet@moistureLevelAvg                 cstackCOMRAM 00002D
isFieldMoistureSensorWet@timer1Value                      cstackCOMRAM 000027
isMotorInNoLoad@ctOutput                                  cstackCOMRAM 00001E
isMotorInNoLoad@temp                                      cstackCOMRAM 00001C
isNumber@character                                        cstackCOMRAM 00000F
isRTCBatteryDrained@batteryVoltage                        cstackCOMRAM 00001B
isRTCBatteryDrained@batteryVoltageCutoff                  cstackCOMRAM 000019
isa$std                                                   (abs)        000001
isa$xinst                                                 (abs)        000000
main@last_Field_No                                        cstackBANK2  0002FF
myMsDelay@calibrated                                      cstackCOMRAM 000011
myMsDelay@itr1                                            cstackCOMRAM 000013
myMsDelay@itr2                                            cstackCOMRAM 000015
myMsDelay@mSec                                            cstackCOMRAM 00000F
randomPasswordGeneration@F14870                           dataBANK4    0004C1
randomPasswordGeneration@numbers                          cstackCOMRAM 000029
readFieldIrrigationValveNoFromEeprom@field_no             cstackCOMRAM 00001B
readValveDataFromEeprom@address                           cstackCOMRAM 000019
readValveDataFromEeprom@fieldptr                          cstackCOMRAM 00001B
saveFertigationValveStatusIntoEeprom@address              cstackCOMRAM 000017
saveFertigationValveStatusIntoEeprom@fieldptr             cstackCOMRAM 000019
saveFertigationValveValuesIntoEeprom@address              cstackCOMRAM 000017
saveFertigationValveValuesIntoEeprom@fieldptr             cstackCOMRAM 000019
saveIrrigationValveConfigurationStatusIntoEeprom@address  cstackCOMRAM 000017
saveIrrigationValveConfigurationStatusIntoEeprom@fieldptr cstackCOMRAM 000019
saveIrrigationValveCycleStatusIntoEeprom@address          cstackCOMRAM 000017
saveIrrigationValveCycleStatusIntoEeprom@fieldptr         cstackCOMRAM 000019
saveIrrigationValveDueTimeIntoEeprom@address              cstackCOMRAM 000017
saveIrrigationValveDueTimeIntoEeprom@fieldptr             cstackCOMRAM 000019
saveIrrigationValveNoIntoEeprom@field_no                  cstackCOMRAM 000019
saveIrrigationValveOnOffStatusIntoEeprom@address          cstackCOMRAM 000017
saveIrrigationValveOnOffStatusIntoEeprom@fieldptr         cstackCOMRAM 000019
saveIrrigationValveValuesIntoEeprom@address               cstackCOMRAM 000017
saveIrrigationValveValuesIntoEeprom@fieldptr              cstackCOMRAM 000019
scanValveScheduleAndGetSleepCount@fieldCylceChecked       cstackBANK6  0006E0
scanValveScheduleAndGetSleepCount@iLocal                  cstackBANK6  0006E1
scanValveScheduleAndGetSleepCount@leapYearDays            cstackBANK6  0006DC
scanValveScheduleAndGetSleepCount@newCount                cstackBANK6  0006E2
scanValveScheduleAndGetSleepCount@yearDays                cstackBANK6  0006DE
selectChannel@channel                                     cstackCOMRAM 000011
sendSms@info                                              cstackCOMRAM 00002B
sendSms@message                                           cstackCOMRAM 000027
sendSms@phoneNumber                                       cstackCOMRAM 000029
setBCDdigit@digit                                         cstackCOMRAM 000010
setBCDdigit@dp_1                                          cstackCOMRAM 00000F
srand@s                                                   cstackCOMRAM 00000F
stackhi                                                   (abs)        000000
stacklo                                                   (abs)        000000
start                                                     init         0002AC
start_initialization                                      cinit        00967E
strcpyCustom@d                                            cstackCOMRAM 000014
strcpyCustom@dest                                         cstackCOMRAM 00000F
strcpyCustom@s                                            cstackCOMRAM 000016
strcpyCustom@src                                          cstackCOMRAM 000011
strlen@a                                                  cstackCOMRAM 000011
strlen@s                                                  cstackCOMRAM 00000F
strncmp@_l                                                cstackCOMRAM 00000F
strncmp@_r                                                cstackCOMRAM 000011
strncmp@l                                                 cstackCOMRAM 000017
strncmp@n                                                 cstackCOMRAM 000013
strncmp@r                                                 cstackCOMRAM 000019
strncpy@cp                                                cstackCOMRAM 000015
strncpy@d                                                 cstackCOMRAM 00000F
strncpy@n                                                 cstackCOMRAM 000013
strncpy@s                                                 cstackCOMRAM 000011
transmitNumberToGSM@index                                 cstackCOMRAM 000019
transmitNumberToGSM@j                                     cstackCOMRAM 00001A
transmitNumberToGSM@number                                cstackCOMRAM 000017
transmitStringToGSM@string                                cstackCOMRAM 000017
ttemp5                                                    temp         000052
ttemp6                                                    temp         000055
ttemp7                                                    temp         000059
txByte@serialData                                         cstackCOMRAM 00000F
wtemp8                                                    temp         000052


MODULE INFORMATION

Module		Function		Class		Link	Load	Size
C:\Program Files\Microchip\xc8\v2.35\pic\sources\c99\common\rand.c
		_srand         		CODE           	BC4E	0000	40
		_rand          		CODE           	B212	0000	110

C:\Program Files\Microchip\xc8\v2.35\pic\sources\c99\common\rand.c estimated size: 150

RTC_DS1307.c
		_decimal2BCD   		CODE           	BA8A	0000	54
		_i2cRead       		CODE           	B6B2	0000	76
		_i2cRestart    		CODE           	BD4E	0000	20
		_i2cStart      		CODE           	BD3A	0000	20
		_bcd2Decimal   		CODE           	BCF2	0000	28
		_i2cWait       		CODE           	BBF2	0000	48
		_i2cSend       		CODE           	BCD6	0000	28
		_fetchTimefromRTC		CODE           	A9AE	0000	166
		_i2cStop       		CODE           	BD26	0000	20
		_feedTimeInRTC 		CODE           	AE8C	0000	144

RTC_DS1307.c estimated size: 604

C:\Program Files\Microchip\xc8\v2.35\pic\sources\c99\common\lwdiv.c
		___lwdiv       		CODE           	B19E	0000	116

C:\Program Files\Microchip\xc8\v2.35\pic\sources\c99\common\lwdiv.c estimated size: 116

C:\Program Files\Microchip\xc8\v2.35\pic\sources\c99\common\Umul16.c
		___wmul        		CODE           	BC76	0000	38

C:\Program Files\Microchip\xc8\v2.35\pic\sources\c99\common\Umul16.c estimated size: 38

C:\Program Files\Microchip\xc8\v2.35\pic\sources\c99\common\awdiv.c
		___awdiv       		CODE           	A83A	0000	196

C:\Program Files\Microchip\xc8\v2.35\pic\sources\c99\common\awdiv.c estimated size: 196

main_1.c
		_timerInterrupt_handler		CODE           	0018	0000	660
		_main          		CODE           	9358	0000	418
		_rxANDiocInterrupt_handler		CODE           	0008	0000	666

main_1.c estimated size: 1744

dataEncryption.c
		_base64Decoder 		CODE           	7370	0000	1056

dataEncryption.c estimated size: 1056

gsm.c
		_configureGSM  		CODE           	9A4E	0000	318
		_checkSignalStrength		CODE           	8292	0000	714
		_sendSms       		CODE           	2468	0000	4744
		_deleteMsgFromSIMStorage		CODE           	B568	0000	86
		_rxByte        		CODE           	BD62	0000	20
		_txByte        		CODE           	BD0E	0000	24
		_setGsmToLocalTime		CODE           	990E	0000	320
		_transmitStringToGSM		CODE           	B95E	0000	66
		_transmitNumberToGSM		CODE           	B9A0	0000	60

gsm.c estimated size: 6352

C:\Program Files\Microchip\xc8\v2.35\pic\sources\c99\common\strncmp.c
		_strncmp       		CODE           	A6A4	0000	206

C:\Program Files\Microchip\xc8\v2.35\pic\sources\c99\common\strncmp.c estimated size: 206

C:\Program Files\Microchip\xc8\v2.35\pic\sources\c99\common\strncpy.c
		_strncpy       		CODE           	B02C	0000	132

C:\Program Files\Microchip\xc8\v2.35\pic\sources\c99\common\strncpy.c estimated size: 132

eeprom.c
		_saveActiveSleepCountIntoEeprom		CODE           	B128	0000	118
		_readRemainingFertigationOnPeriodFromEeprom		CODE           	AA54	0000	164
		_saveIrrigationValveConfigurationStatusIntoEeprom		CODE           	B9DC	0000	58
		_readValveDataFromEeprom		CODE           	6AD4	0000	1102
		_saveFertigationValveStatusIntoEeprom		CODE           	AD68	0000	146
		_saveMobileNoIntoEeprom		CODE           	B3C4	0000	108
		_saveResetCountIntoEeprom		CODE           	B7D2	0000	66
		_saveFactryPswrdIntoEeprom		CODE           	B280	0000	108
		_eepromWrite   		CODE           	BB60	0000	50
		_saveMotorLoadValuesIntoEeprom		CODE           	A4E6	0000	226
		_readFieldIrrigationValveNoFromEeprom		CODE           	B8DA	0000	66
		_readActiveSleepCountFromEeprom		CODE           	AAF8	0000	164
		_saveIrrigationValveValuesIntoEeprom		CODE           	8C56	0000	470
		_saveIrrigationValveCycleStatusIntoEeprom		CODE           	BA16	0000	58
		_saveIrrigationValveNoIntoEeprom		CODE           	B78E	0000	68
		_savePasswordIntoEeprom		CODE           	B358	0000	108
		_saveAuthenticationStatus		CODE           	BAF6	0000	54
		_saveIrrigationValveOnOffStatusIntoEeprom		CODE           	BA50	0000	58
		_saveIrrigationValveDueTimeIntoEeprom		CODE           	ADFA	0000	146
		_saveFiltrationSequenceData		CODE           	9B8C	0000	314
		_saveFertigationValveValuesIntoEeprom		CODE           	9CC6	0000	278
		_saveDeviceProgramStatusIntoEeprom		CODE           	B814	0000	66
		_saveRTCBatteryStatus		CODE           	B856	0000	66
		_readMotorLoadValuesFromEeprom		CODE           	97C8	0000	326
		_saveRemainingFertigationOnPeriod		CODE           	B0B0	0000	120
		_loadDataFromEeprom		CODE           	7B8A	0000	1002
		_eepromRead    		CODE           	BC9C	0000	30

eeprom.c estimated size: 5540

C:\Program Files\Microchip\xc8\v2.35\pic\sources\c99\common\__lldiv.c
		___lldiv       		CODE           	AB9C	0000	164

C:\Program Files\Microchip\xc8\v2.35\pic\sources\c99\common\__lldiv.c estimated size: 164

C:\Program Files\Microchip\xc8\v2.35\pic\sources\c99\common\Umul32.c
		___lmul        		CODE           	B430	0000	106

C:\Program Files\Microchip\xc8\v2.35\pic\sources\c99\common\Umul32.c estimated size: 106

shared
		_SmsDR1        		MEDIUMCONST    	F304	0000	133
		_SmsSR11       		MEDIUMCONST    	FAB1	0000	41
		_SmsIrr1       		MEDIUMCONST    	FB73	0000	36
		_SmsT2         		MEDIUMCONST    	FE69	0000	15
		_SmsPwd3       		MEDIUMCONST    	FDDF	0000	23
		_SmsDR4        		MEDIUMCONST    	F401	0000	108
		_SmsSR03       		MEDIUMCONST    	F5C1	0000	75
		_SmsSR14       		MEDIUMCONST    	F819	0000	59
		_SmsIrr4       		MEDIUMCONST    	FCA6	0000	33
		_SmsSR06       		MEDIUMCONST    	F656	0000	74
		_SmsIrr7       		MEDIUMCONST    	FE78	0000	15
		_SmsRTC2       		MEDIUMCONST    	FA88	0000	41
		_SmsTest       		MEDIUMCONST    	FE36	0000	19
		_SmsPh2        		MEDIUMCONST    	F6A0	0000	69
		_SmsSR09       		MEDIUMCONST    	FD07	0000	31
		i2_setBCDdigit 		CODE           	BD88	0000	18
		_SmsMotor1     		MEDIUMCONST    	F854	0000	58
		_SmsMotor2     		MEDIUMCONST    	FB97	0000	35
		_SmsMotor3     		MEDIUMCONST    	FA2B	0000	47
		_SmsMotor4     		MEDIUMCONST    	F99B	0000	49
		_SmsPh5        		MEDIUMCONST    	FD94	0000	25
		_SmsFilt1      		MEDIUMCONST    	FD79	0000	27
		_SmsFilt2      		MEDIUMCONST    	FD26	0000	29
		_SmsFilt3      		MEDIUMCONST    	FCC7	0000	32
		_SmsFilt4      		MEDIUMCONST    	FD5E	0000	27
		_SmsAU1        		MEDIUMCONST    	FDF6	0000	23
		_SmsAU4        		MEDIUMCONST    	F725	0000	64
		_SmsMS2        		MEDIUMCONST    	FA5A	0000	46
		_SmsSR10       		MEDIUMCONST    	FB4F	0000	36
		_SmsPwd2       		MEDIUMCONST    	F2ED	0000	23
		_eepromAddress 		MEDIUMCONST    	F2CD	0000	32
		_SmsDR2        		MEDIUMCONST    	F389	0000	120
		_SmsSR02       		MEDIUMCONST    	F526	0000	78
		i2_myMsDelay   		CODE           	AFA4	0000	136
		_SmsSR13       		MEDIUMCONST    	FC43	0000	33
		_SmsIrr3       		MEDIUMCONST    	FB02	0000	40
		_SmsSR05       		MEDIUMCONST    	F4D4	0000	82
		__initialization		CODE           	967E	0000	316
		_SmsIrr6       		MEDIUMCONST    	F7DD	0000	60
		_SmsRTC1       		MEDIUMCONST    	F969	0000	50
		_SmsSR08       		MEDIUMCONST    	FB2A	0000	37
		_SmsPh3        		MEDIUMCONST    	FDC6	0000	25
		_SmsRTC4       		MEDIUMCONST    	F88E	0000	56
		_SmsPh6        		MEDIUMCONST    	FE23	0000	19
		_SmsConnect    		MEDIUMCONST    	FE49	0000	17
		_SmsAU2        		MEDIUMCONST    	F936	0000	51
		_SmsFert1      		MEDIUMCONST    	F6E5	0000	64
		_SmsFert2      		MEDIUMCONST    	F8FE	0000	56
		_SmsFert3      		MEDIUMCONST    	FC21	0000	34
		_SmsFert4      		MEDIUMCONST    	FBBA	0000	35
		_SmsFert5      		MEDIUMCONST    	FBFF	0000	34
		_SmsFert6      		MEDIUMCONST    	FBDD	0000	34
		_SmsMS3        		MEDIUMCONST    	FADA	0000	40
		_SmsPwd1       		MEDIUMCONST    	FCE7	0000	32
		_SmsSR01       		MEDIUMCONST    	F7A1	0000	60
		_SmsDR3        		MEDIUMCONST    	F46D	0000	103
		_SmsSR12       		MEDIUMCONST    	FC64	0000	33
		_SmsIrr2       		MEDIUMCONST    	F9CC	0000	48
		_SmsSR04       		MEDIUMCONST    	F574	0000	77
		_SmsSR15       		MEDIUMCONST    	F29B	0000	50
		_SmsIrr5       		MEDIUMCONST    	FC85	0000	33
		_SmsFact1      		MEDIUMCONST    	FE5A	0000	15
		_SmsSR07       		MEDIUMCONST    	F60C	0000	74
		_SmsPh1        		MEDIUMCONST    	F9FC	0000	47
		_SmsRTC3       		MEDIUMCONST    	F8C6	0000	56
		_SmsT1         		MEDIUMCONST    	FD43	0000	27
		_SmsPh4        		MEDIUMCONST    	FDAD	0000	25
		_SmsAU3        		MEDIUMCONST    	FE0D	0000	22
		_SmsMS1        		MEDIUMCONST    	F765	0000	60

shared estimated size: 3522

ADC.c
		_getADCResult  		CODE           	B898	0000	66
		_selectChannel 		CODE           	B49A	0000	106

ADC.c estimated size: 172

C:\Program Files\Microchip\xc8\v2.35\pic\sources\c99\common\strlen.c
		_strlen        		CODE           	BAC0	0000	54

C:\Program Files\Microchip\xc8\v2.35\pic\sources\c99\common\strlen.c estimated size: 54

controllerActions.c
		_isFieldMoistureSensorWet		CODE           	5638	0000	2116
		_isNumber      		CODE           	BC22	0000	44
		_deleteValveData		CODE           	8E2C	0000	450
		_doLowPhaseAction		CODE           	9FF8	0000	264
		_doDryRunAction		CODE           	5E7C	0000	2002
		_deleteUserData		CODE           	B5BE	0000	84
		_fetchFieldNo  		CODE           	7F74	0000	798
		_isRTCBatteryDrained		CODE           	B2EC	0000	108
		_actionsOnSleepCountFinish		CODE           	4496	0000	2314
		_actionsOnSystemReset		CODE           	36F0	0000	3494
		_deepSleep     		CODE           	8A3E	0000	536
		_deleteDecodedString		CODE           	BBC2	0000	48
		_calibrateMotorCurrent		CODE           	6F22	0000	1102
		_strcpyCustom  		CODE           	ACD6	0000	146
		_days          		CODE           	9DDC	0000	276
		_doPhaseFailureAction		CODE           	9EF0	0000	264
		_randomPasswordGeneration		CODE           	AC40	0000	150
		_configureController		CODE           	94FA	0000	388
		_deActivateValve		CODE           	8FEE	0000	446
		_getDateFromGSM		CODE           	91AC	0000	428
		_deleteGsmResponse		CODE           	BB2C	0000	52
		_powerOffMotor 		CODE           	B6FE	0000	72
		_actionsOnDueValve		CODE           	7790	0000	1018
		_isMotorInNoLoad		CODE           	A772	0000	200
		_scanValveScheduleAndGetSleepCount		CODE           	4DA0	0000	2200
		_extractReceivedSms		CODE           	02B0	0000	8632
		_myMsDelay     		CODE           	AF1C	0000	136
		_isBase64String		CODE           	B666	0000	76
		_phaseFailure  		CODE           	B91C	0000	66
		_getDueDate    		CODE           	664E	0000	1158
		_activateValve 		CODE           	87F0	0000	590
		_deleteStringToDecode		CODE           	BB92	0000	48
		_setBCDdigit   		CODE           	BD76	0000	18
		_powerOnMotor  		CODE           	B612	0000	84

controllerActions.c estimated size: 29808

C:\Program Files\Microchip\xc8\v2.35\pic\sources\c99\common\lwmod.c
		___lwmod       		CODE           	B504	0000	100

C:\Program Files\Microchip\xc8\v2.35\pic\sources\c99\common\lwmod.c estimated size: 100

C:\Program Files\Microchip\xc8\v2.35\pic\sources\c99\common\awmod.c
		___awmod       		CODE           	A8FE	0000	176

C:\Program Files\Microchip\xc8\v2.35\pic\sources\c99\common\awmod.c estimated size: 176

